node.exe : FAIL src/ap
p/dm-toolkit/combat-ma
nager/combat-manager.c
omponent.spec.ts
At line:1 char:1
+ & "C:\Program Files\
nodejs/node.exe" 
"C:\Program 
Files\nodejs/node_mo 
...
+ ~~~~~~~~~~~~~~~~~~~~
~~~~~~~~~~~~~~~~~~~~~~
~~~~~~~~~~~~~~~~~~~~~~
~~~~~
    + CategoryInfo    
          : NotSpeci  
  fied: (FAIL src/a   
 pp/dm...mponent.s    
pec.ts:String) []    
, RemoteException
    + FullyQualifiedE 
   rrorId : NativeCo  
  mmandError
 
  ΓùÅ CombatManagerCom
ponent ΓÇ║ Component 
Initialization ΓÇ║ 
should have 
METADATA_KEYS 
including baseStats, 
stats, and entityId

    expect(received).t
oContain(expected) // 
indexOf

    Expected value: 
"baseStats"
    Received array: 
["summary", 
"content", 
"category", "isCombatM
anagerSource", "enable
CompletionTracking", 
"isCompleted", 
"path_components"]

    [0m [90m 60 
|[39m
     [90m 61 |[39m  
       
it([32m'should have 
METADATA_KEYS 
including baseStats, 
stats, and entityId'[
39m[33m,[39m () 
[33m=>[39m {
    [31m[1m>[22m[3
9m[90m 62 |[39m     
        expect(compone
nt[33m.[39m[33mMETA
DATA_KEYS[39m)[33m.
[39mtoContain([32m'ba
seStats'[39m)[33m;[
39m
     [90m    |[39m  
                      
                     
[31m[1m^[22m[39m
     [90m 63 |[39m  
           expect(comp
onent[33m.[39m[33mM
ETADATA_KEYS[39m)[33
m.[39mtoContain([32m
'stats'[39m)[33m;[3
9m
     [90m 64 |[39m  
           expect(comp
onent[33m.[39m[33mM
ETADATA_KEYS[39m)[33
m.[39mtoContain([32m
'entityId'[39m)[33m;
[39m
     [90m 65 |[39m  
           expect(comp
onent[33m.[39m[33mM
ETADATA_KEYS[39m)[33
m.[39mtoContain([32m
'summary'[39m)[33m;
[39m[0m

      at 
Object.<anonymous> (sr
c/app/dm-toolkit/comba
t-manager/combat-manag
er.component.spec.ts:6
2:45)

  ΓùÅ CombatManagerCom
ponent ΓÇ║ 
_isNavigable Method 
ΓÇ║ should return 
true for container 
entities with children

    expect(received).t
oBe(expected) // 
Object.is equality

    Expected: true
    Received: false

    [0m [90m  97 
|[39m                
 }
     [90m  98 |[39m 
            
}[33m;[39m
    [31m[1m>[22m[3
9m[90m  99 |[39m    
         expect(compon
ent[[32m'_isNavigable
'[39m](containerEntit
y))[33m.[39mtoBe([3
6mtrue[39m)[33m;[39
m
     [90m     |[39m 
                      
                      
                   
[31m[1m^[22m[39m
     [90m 100 |[39m 
        })[33m;[39m
     [90m 101 |[39m
     [90m 102 |[39m 
        
it([32m'should 
return true for 
categories with templa
tes'[39m[33m,[39m 
() [33m=>[39m {[0m

      at 
Object.<anonymous> (sr
c/app/dm-toolkit/comba
t-manager/combat-manag
er.component.spec.ts:9
9:64)

  ΓùÅ CombatManagerCom
ponent ΓÇ║ Fight 
Management ΓÇ║ should 
delete a fight

    ReferenceError: 
spyOn is not defined

    [0m [90m 243 
|[39m
     [90m 244 |[39m 
        
it([32m'should 
delete a fight'[39m[
33m,[39m 
[36masync[39m () 
[33m=>[39m {
    [31m[1m>[22m[3
9m[90m 245 |[39m    
         spyOn(window
[33m,[39m [32m'confi
rm'[39m)[33m.[39man
d[33m.[39mreturnValu
e([36mtrue[39m)[33m
;[39m
     [90m     |[39m 
            
[31m[1m^[22m[39m
     [90m 246 |[39m
     [90m 247 |[39m 
            component
[33m.[39mhandleDelete
Fight([32m'fight-001'
[39m)[33m;[39m
     [90m 248 
|[39m[0m

      at 
Object.<anonymous> (sr
c/app/dm-toolkit/comba
t-manager/combat-manag
er.component.spec.ts:2
45:13)

  ΓùÅ CombatManagerCom
ponent ΓÇ║ Turn 
Management ΓÇ║ should 
advance to next turn

    Expected one 
matching request for 
criteria "Match URL: /
codex/api/dm-toolkit/f
ights/fight-001", 
found none. Requests 
received are: GET /cod
ex/api/dm-toolkit/figh
ts/fight-001/combatant
s.

    [0m [90m 471 
|[39m
     [90m 472 |[39m 
            [90m// 
handleNextTurn likely 
logs[39m
    [31m[1m>[22m[3
9m[90m 473 |[39m    
         
[36mconst[39m 
logReq [33m=[39m htt
pMock[33m.[39mexpect
One([32m'/codex/api/d
m-toolkit/fights/fight
-001'[39m)[33m;[39m
     [90m     |[39m 
                      
              
[31m[1m^[22m[39m
     [90m 474 |[39m 
            expect(log
Req[33m.[39mrequest
[33m.[39mmethod)[33m
.[39mtoBe([32m'PATCH
'[39m)[33m;[39m
     [90m 475 |[39m 
            logReq[33
m.[39mflush({})[33m;
[39m
     [90m 476 
|[39m[0m

      at _HttpClientTe
stingBackend.expectOne
 (node_modules/@angula
r/common/fesm2022/http
/testing.mjs:273:19)
      at 
Object.<anonymous> (sr
c/app/dm-toolkit/comba
t-manager/combat-manag
er.component.spec.ts:4
73:37)

  ΓùÅ CombatManagerCom
ponent ΓÇ║ Turn 
Management ΓÇ║ should 
advance to next turn

    Expected no open 
requests, found 1: 
GET /codex/api/dm-tool
kit/fights/fight-001/c
ombatants

    [0m [90m 41 
|[39m
     [90m 42 |[39m  
   afterEach(() 
[33m=>[39m {
    [31m[1m>[22m[3
9m[90m 43 |[39m     
    httpMock[33m.[39
mverify()[33m;[39m
     [90m    |[39m  
                
[31m[1m^[22m[39m
     [90m 44 |[39m  
   })[33m;[39m
     [90m 45 |[39m
     [90m 46 |[39m  
   describe([32m'Comp
onent Initialization'
[39m[33m,[39m () 
[33m=>[39m {[0m

      at _HttpClientTe
stingBackend.verify (n
ode_modules/@angular/c
ommon/fesm2022/http/te
sting.mjs:301:19)
      at 
Object.<anonymous> (sr
c/app/dm-toolkit/comba
t-manager/combat-manag
er.component.spec.ts:4
3:18)

  ΓùÅ CombatManagerCom
ponent ΓÇ║ Turn 
Management ΓÇ║ should 
go to previous turn

    Expected one 
matching request for 
criteria "Match URL: /
codex/api/dm-toolkit/f
ights/fight-001/combat
ants", found none.

    [0m [90m 500 
|[39m             req
[33m.[39mflush(updat
edFight)[33m;[39m
     [90m 501 |[39m
    [31m[1m>[22m[3
9m[90m 502 |[39m    
         
[36mconst[39m 
combatantsReq 
[33m=[39m httpMock[
33m.[39mexpectOne([3
2m'/codex/api/dm-toolk
it/fights/fight-001/co
mbatants'[39m)[33m;
[39m
     [90m     |[39m 
                      
                     
[31m[1m^[22m[39m
     [90m 503 |[39m 
            combatants
Req[33m.[39mflush([]
)[33m;[39m
     [90m 504 |[39m
     [90m 505 |[39m 
            
[36mawait[39m fixtur
e[33m.[39mwhenStable
()[33m;[39m fixture
[33m.[39mdetectChange
s()[33m;[39m[0m

      at _HttpClientTe
stingBackend.expectOne
 (node_modules/@angula
r/common/fesm2022/http
/testing.mjs:273:19)
      at 
Object.<anonymous> (sr
c/app/dm-toolkit/comba
t-manager/combat-manag
er.component.spec.ts:5
02:44)

  ΓùÅ CombatManagerCom
ponent ΓÇ║ Turn 
Management ΓÇ║ should 
go to previous turn

    Expected no open 
requests, found 1: 
GET /codex/api/dm-tool
kit/fights/fight-001/c
ombatants

    [0m [90m 41 
|[39m
     [90m 42 |[39m  
   afterEach(() 
[33m=>[39m {
    [31m[1m>[22m[3
9m[90m 43 |[39m     
    httpMock[33m.[39
mverify()[33m;[39m
     [90m    |[39m  
                
[31m[1m^[22m[39m
     [90m 44 |[39m  
   })[33m;[39m
     [90m 45 |[39m
     [90m 46 |[39m  
   describe([32m'Comp
onent Initialization'
[39m[33m,[39m () 
[33m=>[39m {[0m

      at _HttpClientTe
stingBackend.verify (n
ode_modules/@angular/c
ommon/fesm2022/http/te
sting.mjs:301:19)
      at 
Object.<anonymous> (sr
c/app/dm-toolkit/comba
t-manager/combat-manag
er.component.spec.ts:4
3:18)

  ΓùÅ CombatManagerCom
ponent ΓÇ║ HP 
Calculation ΓÇ║ 
should calculate 
average HP from string

    expect(received).t
oBe(expected) // 
Object.is equality

    Expected: 45
    Received: 39

    [0m [90m 513 
|[39m     
describe([32m'HP Calc
ulation'[39m[33m,[3
9m () [33m=>[39m {
     [90m 514 |[39m 
        
it([32m'should 
calculate average HP 
from string'[39m[33m
,[39m () 
[33m=>[39m {
    [31m[1m>[22m[3
9m[90m 515 |[39m    
         expect(compon
ent[33m.[39mcomputeH
pFromString([32m'45 (
6d8+12)'[39m[33m,[3
9m [32m'average'[39m
))[33m.[39mtoBe([35
m45[39m)[33m;[39m
     [90m     |[39m 
                      
                      
                      
          
[31m[1m^[22m[39m
     [90m 516 |[39m 
            expect(com
ponent[33m.[39mcompu
teHpFromString([32m'3
8 (7d8+7)'[39m[33m,
[39m [32m'average'[3
9m))[33m.[39mtoBe([
35m38[39m)[33m;[39m
     [90m 517 |[39m 
        })[33m;[39m
     [90m 518 
|[39m[0m

      at 
Object.<anonymous> (sr
c/app/dm-toolkit/comba
t-manager/combat-manag
er.component.spec.ts:5
15:77)

Test Suites: 1 
failed, 1 total
Tests:       6 
failed, 27 passed, 33 
total
Snapshots:   0 total
Time:        2.143 s
