
> codex-admin@0.0.0 test
> jest --verbose

node.exe : FAIL src/ap
p/dm-toolkit/combat-ma
nager/combat-manager.c
omponent.spec.ts
At line:1 char:1
+ & "C:\Program Files\
nodejs/node.exe" 
"C:\Program 
Files\nodejs/node_mo 
...
+ ~~~~~~~~~~~~~~~~~~~~
~~~~~~~~~~~~~~~~~~~~~~
~~~~~~~~~~~~~~~~~~~~~~
~~~~~
    + CategoryInfo    
          : NotSpeci  
  fied: (FAIL src/a   
 pp/dm...mponent.s    
pec.ts:String) []    
, RemoteException
    + FullyQualifiedE 
   rrorId : NativeCo  
  mmandError
 
  
CombatManagerComponent
    Component 
Initialization
      ├ù should 
create the component 
(209 ms)
      ├ù should 
initialize with 
default values (3 ms)
      ├ù should have 
METADATA_KEYS 
including baseStats, 
stats, and entityId 
(2 ms)
    _isNavigable 
Method
      ├ù should 
return false for null 
or undefined nodes (2 
ms)
      ├ù should 
return false for 
primitive values (2 
ms)
      ├ù should 
return false for 
nodes with no 
children (2 ms)
      ├ù should 
return true for 
container entities 
with children (3 ms)
      ├ù should 
return true for 
categories with 
templates (2 ms)
      ├ù should 
filter out 
METADATA_KEYS from 
child detection (2 ms)
      ├ù should 
return false for leaf 
templates (entityId 
with no navigable 
children) (2 ms)
    topLevelCategoryOp
tions Computed Signal
      ├ù should 
return Custom and 
Find when no codex 
data (1 ms)
      ├ù should 
include sources 
marked with 
isCombatManagerSource 
(2 ms)
      ├ù should sort 
sources 
alphabetically (2 ms)
    Template 
Detection Logic
      ├ù should 
extract templates 
from child objects (1 
ms)
      ├ù should 
handle content arrays 
with non-rich-text (1 
ms)
      ├ù should 
ignore rich text 
content arrays (2 ms)
      ├ù should reset 
template options when 
source changes (2 ms)
    Fight Management
      ├ù should 
create a new fight (1 
ms)
      ├ù should not 
create fight with 
empty name (1 ms)
      ├ù should 
delete a fight (2 ms)
      ├ù should set 
current fight and 
load combatants (1 ms)
    Combatant 
Management
      ├ù should add 
custom combatant (2 
ms)
      ├ù should 
remove combatant (2 
ms)
      ├ù should 
update combatant HP 
(2 ms)
    Combat State 
Transitions
      ├ù should start 
combat (1 ms)
      ├ù should end 
combat (9 ms)
    Turn Management
      ├ù should 
advance to next turn 
(2 ms)
      ├ù should go to 
previous turn (1 ms)
    HP Calculation
      ├ù should 
calculate average HP 
from string (2 ms)
      ├ù should 
calculate max HP from 
dice string (1 ms)
      ├ù should 
handle HP strings 
without dice notation 
(1 ms)
    Cascading 
Dropdowns
      ├ù should 
compute correct 
dropdown levels (1 ms)
      ├ù should 
handle path changes 
correctly (1 ms)

  ΓùÅ CombatManagerCom
ponent ΓÇ║ Component 
Initialization ΓÇ║ 
should create the 
component

    NG0908: In this 
configuration Angular 
requires Zone.js

    [0m [90m 21 
|[39m         })[33m
.[39mcompileComponent
s()[33m;[39m
     [90m 22 |[39m
    [31m[1m>[22m[3
9m[90m 23 |[39m     
    fixture 
[33m=[39m [33mTestB
ed[39m[33m.[39mcrea
teComponent([33mComba
tManagerComponent[39m
)[33m;[39m
     [90m    |[39m  
                      
   
[31m[1m^[22m[39m
     [90m 24 |[39m  
       component 
[33m=[39m fixture[3
3m.[39mcomponentInsta
nce[33m;[39m
     [90m 25 |[39m  
       httpMock 
[33m=[39m [33mTestB
ed[39m[33m.[39minje
ct([33mHttpTestingCon
troller[39m)[33m;[3
9m
     [90m 26 
|[39m[0m

      at new NgZone (n
ode_modules/@angular/c
ore/fesm2022/debug_nod
e.mjs:16642:19)
      at 
Object.ngZoneFactory 
[as useFactory] (node_
modules/@angular/core/
fesm2022/debug_node.mj
s:30593:29)
      at 
Object.factory (node_m
odules/@angular/core/f
esm2022/root_effect_sc
heduler.mjs:2290:38)
      at node_modules/
@angular/core/fesm2022
/root_effect_scheduler
.mjs:2187:47
      at runInInjector
ProfilerContext (node_
modules/@angular/core/
fesm2022/root_effect_s
cheduler.mjs:746:9)
      at 
R3Injector.hydrate (no
de_modules/@angular/co
re/fesm2022/root_effec
t_scheduler.mjs:2185:2
1)
      at 
R3Injector.get (node_m
odules/@angular/core/f
esm2022/root_effect_sc
heduler.mjs:2033:33)
      at 
R3Injector.retrieve (n
ode_modules/@angular/c
ore/fesm2022/root_effe
ct_scheduler.mjs:1929:
25)
      at 
injectInjectorOnly (no
de_modules/@angular/co
re/fesm2022/root_effec
t_scheduler.mjs:1046:3
9)
      at ╔╡╔╡inject (n
ode_modules/@angular/c
ore/fesm2022/root_effe
ct_scheduler.mjs:1058:
42)
      at inject (node_
modules/@angular/core/
fesm2022/root_effect_s
cheduler.mjs:1144:12)
      at new _NgZoneCh
angeDetectionScheduler
 (node_modules/@angula
r/core/fesm2022/debug_
node.mjs:30548:12)
      at Object.NgZone
ChangeDetectionSchedul
er_Factory [as 
factory] (node_modules
/@angular/core/fesm202
2/debug_node.mjs:30580
:95)
      at node_modules/
@angular/core/fesm2022
/root_effect_scheduler
.mjs:2187:47
      at runInInjector
ProfilerContext (node_
modules/@angular/core/
fesm2022/root_effect_s
cheduler.mjs:746:9)
      at 
R3Injector.hydrate (no
de_modules/@angular/co
re/fesm2022/root_effec
t_scheduler.mjs:2185:2
1)
      at 
R3Injector.get (node_m
odules/@angular/core/f
esm2022/root_effect_sc
heduler.mjs:2033:33)
      at 
R3Injector.retrieve (n
ode_modules/@angular/c
ore/fesm2022/root_effe
ct_scheduler.mjs:1929:
25)
      at 
injectInjectorOnly (no
de_modules/@angular/co
re/fesm2022/root_effec
t_scheduler.mjs:1046:3
9)
      at ╔╡╔╡inject (n
ode_modules/@angular/c
ore/fesm2022/root_effe
ct_scheduler.mjs:1058:
42)
      at inject (node_
modules/@angular/core/
fesm2022/root_effect_s
cheduler.mjs:1144:12)
      at 
Object.useFactory (nod
e_modules/@angular/cor
e/fesm2022/debug_node.
mjs:30600:56)
      at 
Object.factory (node_m
odules/@angular/core/f
esm2022/root_effect_sc
heduler.mjs:2290:38)
      at node_modules/
@angular/core/fesm2022
/root_effect_scheduler
.mjs:2187:47
      at runInInjector
ProfilerContext (node_
modules/@angular/core/
fesm2022/root_effect_s
cheduler.mjs:746:9)
      at 
R3Injector.hydrate (no
de_modules/@angular/co
re/fesm2022/root_effec
t_scheduler.mjs:2185:2
1)
      at 
R3Injector.get (node_m
odules/@angular/core/f
esm2022/root_effect_sc
heduler.mjs:2033:33)
      at 
R3Injector.retrieve (n
ode_modules/@angular/c
ore/fesm2022/root_effe
ct_scheduler.mjs:1929:
25)
      at 
injectInjectorOnly (no
de_modules/@angular/co
re/fesm2022/root_effec
t_scheduler.mjs:1046:3
9)
      at ╔╡╔╡inject (n
ode_modules/@angular/c
ore/fesm2022/root_effe
ct_scheduler.mjs:1058:
42)
      at injectArgs (n
ode_modules/@angular/c
ore/fesm2022/root_effe
ct_scheduler.mjs:1198:
23)
      at Object.multiR
ecord.factory (node_mo
dules/@angular/core/fe
sm2022/root_effect_sch
eduler.mjs:2160:45)
      at node_modules/
@angular/core/fesm2022
/root_effect_scheduler
.mjs:2187:47
      at runInInjector
ProfilerContext (node_
modules/@angular/core/
fesm2022/root_effect_s
cheduler.mjs:746:9)
      at 
R3Injector.hydrate (no
de_modules/@angular/co
re/fesm2022/root_effec
t_scheduler.mjs:2185:2
1)
      at 
R3Injector.get (node_m
odules/@angular/core/f
esm2022/root_effect_sc
heduler.mjs:2033:33)
      at R3Injector.re
solveInjectorInitializ
ers (node_modules/@ang
ular/core/fesm2022/roo
t_effect_scheduler.mjs
:2098:39)
      at NgModuleRef2.
resolveInjectorInitial
izers (node_modules/@a
ngular/core/fesm2022/d
ebug_node.mjs:15099:26
)
      at new 
NgModuleRef2 (node_mod
ules/@angular/core/fes
m2022/debug_node.mjs:1
5095:18)
      at TestBedCompil
er.finalize (node_modu
les/@angular/core/fesm
2022/testing.mjs:1026:
30)
      at 
_TestBedImpl.get 
testModuleRef [as 
testModuleRef] (node_m
odules/@angular/core/f
esm2022/testing.mjs:20
93:49)
      at 
_TestBedImpl.inject (n
ode_modules/@angular/c
ore/fesm2022/testing.m
js:2004:29)
      at _TestBedImpl.
createComponent (node_
modules/@angular/core/
fesm2022/testing.mjs:2
058:44)
      at _TestBedImpl.
createComponent (node_
modules/@angular/core/
fesm2022/testing.mjs:1
854:37)
      at 
Object.<anonymous> (sr
c/app/dm-toolkit/comba
t-manager/combat-manag
er.component.spec.ts:2
3:27)

  ΓùÅ CombatManagerCom
ponent ΓÇ║ Component 
Initialization ΓÇ║ 
should create the 
component

    TypeError: Cannot 
read properties of 
undefined (reading 
'verify')

    [0m [90m 40 
|[39m
     [90m 41 |[39m  
   afterEach(() 
[33m=>[39m {
    [31m[1m>[22m[3
9m[90m 42 |[39m     
    httpMock[33m.[39
mverify()[33m;[39m
     [90m    |[39m  
                
[31m[1m^[22m[39m
     [90m 43 |[39m  
   })[33m;[39m
     [90m 44 |[39m
     [90m 45 |[39m  
   describe([32m'Comp
onent Initialization'
[39m[33m,[39m () 
[33m=>[39m {[0m

      at 
Object.<anonymous> (sr
c/app/dm-toolkit/comba
t-manager/combat-manag
er.component.spec.ts:4
2:18)

  ΓùÅ CombatManagerCom
ponent ΓÇ║ Component 
Initialization ΓÇ║ 
should initialize 
with default values

    NG0908: In this 
configuration Angular 
requires Zone.js

    [0m [90m 21 
|[39m         })[33m
.[39mcompileComponent
s()[33m;[39m
     [90m 22 |[39m
    [31m[1m>[22m[3
9m[90m 23 |[39m     
    fixture 
[33m=[39m [33mTestB
ed[39m[33m.[39mcrea
teComponent([33mComba
tManagerComponent[39m
)[33m;[39m
     [90m    |[39m  
                      
   
[31m[1m^[22m[39m
     [90m 24 |[39m  
       component 
[33m=[39m fixture[3
3m.[39mcomponentInsta
nce[33m;[39m
     [90m 25 |[39m  
       httpMock 
[33m=[39m [33mTestB
ed[39m[33m.[39minje
ct([33mHttpTestingCon
troller[39m)[33m;[3
9m
     [90m 26 
|[39m[0m

      at new NgZone (n
ode_modules/@angular/c
ore/fesm2022/debug_nod
e.mjs:16642:19)
      at 
Object.ngZoneFactory 
[as useFactory] (node_
modules/@angular/core/
fesm2022/debug_node.mj
s:30593:29)
      at 
Object.factory (node_m
odules/@angular/core/f
esm2022/root_effect_sc
heduler.mjs:2290:38)
      at node_modules/
@angular/core/fesm2022
/root_effect_scheduler
.mjs:2187:47
      at runInInjector
ProfilerContext (node_
modules/@angular/core/
fesm2022/root_effect_s
cheduler.mjs:746:9)
      at 
R3Injector.hydrate (no
de_modules/@angular/co
re/fesm2022/root_effec
t_scheduler.mjs:2185:2
1)
      at 
R3Injector.get (node_m
odules/@angular/core/f
esm2022/root_effect_sc
heduler.mjs:2033:33)
      at 
R3Injector.retrieve (n
ode_modules/@angular/c
ore/fesm2022/root_effe
ct_scheduler.mjs:1929:
25)
      at 
injectInjectorOnly (no
de_modules/@angular/co
re/fesm2022/root_effec
t_scheduler.mjs:1046:3
9)
      at ╔╡╔╡inject (n
ode_modules/@angular/c
ore/fesm2022/root_effe
ct_scheduler.mjs:1058:
42)
      at inject (node_
modules/@angular/core/
fesm2022/root_effect_s
cheduler.mjs:1144:12)
      at new _NgZoneCh
angeDetectionScheduler
 (node_modules/@angula
r/core/fesm2022/debug_
node.mjs:30548:12)
      at Object.NgZone
ChangeDetectionSchedul
er_Factory [as 
factory] (node_modules
/@angular/core/fesm202
2/debug_node.mjs:30580
:95)
      at node_modules/
@angular/core/fesm2022
/root_effect_scheduler
.mjs:2187:47
      at runInInjector
ProfilerContext (node_
modules/@angular/core/
fesm2022/root_effect_s
cheduler.mjs:746:9)
      at 
R3Injector.hydrate (no
de_modules/@angular/co
re/fesm2022/root_effec
t_scheduler.mjs:2185:2
1)
      at 
R3Injector.get (node_m
odules/@angular/core/f
esm2022/root_effect_sc
heduler.mjs:2033:33)
      at 
R3Injector.retrieve (n
ode_modules/@angular/c
ore/fesm2022/root_effe
ct_scheduler.mjs:1929:
25)
      at 
injectInjectorOnly (no
de_modules/@angular/co
re/fesm2022/root_effec
t_scheduler.mjs:1046:3
9)
      at ╔╡╔╡inject (n
ode_modules/@angular/c
ore/fesm2022/root_effe
ct_scheduler.mjs:1058:
42)
      at inject (node_
modules/@angular/core/
fesm2022/root_effect_s
cheduler.mjs:1144:12)
      at 
Object.useFactory (nod
e_modules/@angular/cor
e/fesm2022/debug_node.
mjs:30600:56)
      at 
Object.factory (node_m
odules/@angular/core/f
esm2022/root_effect_sc
heduler.mjs:2290:38)
      at node_modules/
@angular/core/fesm2022
/root_effect_scheduler
.mjs:2187:47
      at runInInjector
ProfilerContext (node_
modules/@angular/core/
fesm2022/root_effect_s
cheduler.mjs:746:9)
      at 
R3Injector.hydrate (no
de_modules/@angular/co
re/fesm2022/root_effec
t_scheduler.mjs:2185:2
1)
      at 
R3Injector.get (node_m
odules/@angular/core/f
esm2022/root_effect_sc
heduler.mjs:2033:33)
      at 
R3Injector.retrieve (n
ode_modules/@angular/c
ore/fesm2022/root_effe
ct_scheduler.mjs:1929:
25)
      at 
injectInjectorOnly (no
de_modules/@angular/co
re/fesm2022/root_effec
t_scheduler.mjs:1046:3
9)
      at ╔╡╔╡inject (n
ode_modules/@angular/c
ore/fesm2022/root_effe
ct_scheduler.mjs:1058:
42)
      at injectArgs (n
ode_modules/@angular/c
ore/fesm2022/root_effe
ct_scheduler.mjs:1198:
23)
      at Object.multiR
ecord.factory (node_mo
dules/@angular/core/fe
sm2022/root_effect_sch
eduler.mjs:2160:45)
      at node_modules/
@angular/core/fesm2022
/root_effect_scheduler
.mjs:2187:47
      at runInInjector
ProfilerContext (node_
modules/@angular/core/
fesm2022/root_effect_s
cheduler.mjs:746:9)
      at 
R3Injector.hydrate (no
de_modules/@angular/co
re/fesm2022/root_effec
t_scheduler.mjs:2185:2
1)
      at 
R3Injector.get (node_m
odules/@angular/core/f
esm2022/root_effect_sc
heduler.mjs:2033:33)
      at R3Injector.re
solveInjectorInitializ
ers (node_modules/@ang
ular/core/fesm2022/roo
t_effect_scheduler.mjs
:2098:39)
      at NgModuleRef2.
resolveInjectorInitial
izers (node_modules/@a
ngular/core/fesm2022/d
ebug_node.mjs:15099:26
)
      at new 
NgModuleRef2 (node_mod
ules/@angular/core/fes
m2022/debug_node.mjs:1
5095:18)
      at TestBedCompil
er.finalize (node_modu
les/@angular/core/fesm
2022/testing.mjs:1026:
30)
      at 
_TestBedImpl.get 
testModuleRef [as 
testModuleRef] (node_m
odules/@angular/core/f
esm2022/testing.mjs:20
93:49)
      at 
_TestBedImpl.inject (n
ode_modules/@angular/c
ore/fesm2022/testing.m
js:2004:29)
      at _TestBedImpl.
createComponent (node_
modules/@angular/core/
fesm2022/testing.mjs:2
058:44)
      at _TestBedImpl.
createComponent (node_
modules/@angular/core/
fesm2022/testing.mjs:1
854:37)
      at 
Object.<anonymous> (sr
c/app/dm-toolkit/comba
t-manager/combat-manag
er.component.spec.ts:2
3:27)

  ΓùÅ CombatManagerCom
ponent ΓÇ║ Component 
Initialization ΓÇ║ 
should initialize 
with default values

    TypeError: Cannot 
read properties of 
undefined (reading 
'verify')

    [0m [90m 40 
|[39m
     [90m 41 |[39m  
   afterEach(() 
[33m=>[39m {
    [31m[1m>[22m[3
9m[90m 42 |[39m     
    httpMock[33m.[39
mverify()[33m;[39m
     [90m    |[39m  
                
[31m[1m^[22m[39m
     [90m 43 |[39m  
   })[33m;[39m
     [90m 44 |[39m
     [90m 45 |[39m  
   describe([32m'Comp
onent Initialization'
[39m[33m,[39m () 
[33m=>[39m {[0m

      at 
Object.<anonymous> (sr
c/app/dm-toolkit/comba
t-manager/combat-manag
er.component.spec.ts:4
2:18)

  ΓùÅ CombatManagerCom
ponent ΓÇ║ Component 
Initialization ΓÇ║ 
should have 
METADATA_KEYS 
including baseStats, 
stats, and entityId

    NG0908: In this 
configuration Angular 
requires Zone.js

    [0m [90m 21 
|[39m         })[33m
.[39mcompileComponent
s()[33m;[39m
     [90m 22 |[39m
    [31m[1m>[22m[3
9m[90m 23 |[39m     
    fixture 
[33m=[39m [33mTestB
ed[39m[33m.[39mcrea
teComponent([33mComba
tManagerComponent[39m
)[33m;[39m
     [90m    |[39m  
                      
   
[31m[1m^[22m[39m
     [90m 24 |[39m  
       component 
[33m=[39m fixture[3
3m.[39mcomponentInsta
nce[33m;[39m
     [90m 25 |[39m  
       httpMock 
[33m=[39m [33mTestB
ed[39m[33m.[39minje
ct([33mHttpTestingCon
troller[39m)[33m;[3
9m
     [90m 26 
|[39m[0m

      at new NgZone (n
ode_modules/@angular/c
ore/fesm2022/debug_nod
e.mjs:16642:19)
      at 
Object.ngZoneFactory 
[as useFactory] (node_
modules/@angular/core/
fesm2022/debug_node.mj
s:30593:29)
      at 
Object.factory (node_m
odules/@angular/core/f
esm2022/root_effect_sc
heduler.mjs:2290:38)
      at node_modules/
@angular/core/fesm2022
/root_effect_scheduler
.mjs:2187:47
      at runInInjector
ProfilerContext (node_
modules/@angular/core/
fesm2022/root_effect_s
cheduler.mjs:746:9)
      at 
R3Injector.hydrate (no
de_modules/@angular/co
re/fesm2022/root_effec
t_scheduler.mjs:2185:2
1)
      at 
R3Injector.get (node_m
odules/@angular/core/f
esm2022/root_effect_sc
heduler.mjs:2033:33)
      at 
R3Injector.retrieve (n
ode_modules/@angular/c
ore/fesm2022/root_effe
ct_scheduler.mjs:1929:
25)
      at 
injectInjectorOnly (no
de_modules/@angular/co
re/fesm2022/root_effec
t_scheduler.mjs:1046:3
9)
      at ╔╡╔╡inject (n
ode_modules/@angular/c
ore/fesm2022/root_effe
ct_scheduler.mjs:1058:
42)
      at inject (node_
modules/@angular/core/
fesm2022/root_effect_s
cheduler.mjs:1144:12)
      at new _NgZoneCh
angeDetectionScheduler
 (node_modules/@angula
r/core/fesm2022/debug_
node.mjs:30548:12)
      at Object.NgZone
ChangeDetectionSchedul
er_Factory [as 
factory] (node_modules
/@angular/core/fesm202
2/debug_node.mjs:30580
:95)
      at node_modules/
@angular/core/fesm2022
/root_effect_scheduler
.mjs:2187:47
      at runInInjector
ProfilerContext (node_
modules/@angular/core/
fesm2022/root_effect_s
cheduler.mjs:746:9)
      at 
R3Injector.hydrate (no
de_modules/@angular/co
re/fesm2022/root_effec
t_scheduler.mjs:2185:2
1)
      at 
R3Injector.get (node_m
odules/@angular/core/f
esm2022/root_effect_sc
heduler.mjs:2033:33)
      at 
R3Injector.retrieve (n
ode_modules/@angular/c
ore/fesm2022/root_effe
ct_scheduler.mjs:1929:
25)
      at 
injectInjectorOnly (no
de_modules/@angular/co
re/fesm2022/root_effec
t_scheduler.mjs:1046:3
9)
      at ╔╡╔╡inject (n
ode_modules/@angular/c
ore/fesm2022/root_effe
ct_scheduler.mjs:1058:
42)
      at inject (node_
modules/@angular/core/
fesm2022/root_effect_s
cheduler.mjs:1144:12)
      at 
Object.useFactory (nod
e_modules/@angular/cor
e/fesm2022/debug_node.
mjs:30600:56)
      at 
Object.factory (node_m
odules/@angular/core/f
esm2022/root_effect_sc
heduler.mjs:2290:38)
      at node_modules/
@angular/core/fesm2022
/root_effect_scheduler
.mjs:2187:47
      at runInInjector
ProfilerContext (node_
modules/@angular/core/
fesm2022/root_effect_s
cheduler.mjs:746:9)
      at 
R3Injector.hydrate (no
de_modules/@angular/co
re/fesm2022/root_effec
t_scheduler.mjs:2185:2
1)
      at 
R3Injector.get (node_m
odules/@angular/core/f
esm2022/root_effect_sc
heduler.mjs:2033:33)
      at 
R3Injector.retrieve (n
ode_modules/@angular/c
ore/fesm2022/root_effe
ct_scheduler.mjs:1929:
25)
      at 
injectInjectorOnly (no
de_modules/@angular/co
re/fesm2022/root_effec
t_scheduler.mjs:1046:3
9)
      at ╔╡╔╡inject (n
ode_modules/@angular/c
ore/fesm2022/root_effe
ct_scheduler.mjs:1058:
42)
      at injectArgs (n
ode_modules/@angular/c
ore/fesm2022/root_effe
ct_scheduler.mjs:1198:
23)
      at Object.multiR
ecord.factory (node_mo
dules/@angular/core/fe
sm2022/root_effect_sch
eduler.mjs:2160:45)
      at node_modules/
@angular/core/fesm2022
/root_effect_scheduler
.mjs:2187:47
      at runInInjector
ProfilerContext (node_
modules/@angular/core/
fesm2022/root_effect_s
cheduler.mjs:746:9)
      at 
R3Injector.hydrate (no
de_modules/@angular/co
re/fesm2022/root_effec
t_scheduler.mjs:2185:2
1)
      at 
R3Injector.get (node_m
odules/@angular/core/f
esm2022/root_effect_sc
heduler.mjs:2033:33)
      at R3Injector.re
solveInjectorInitializ
ers (node_modules/@ang
ular/core/fesm2022/roo
t_effect_scheduler.mjs
:2098:39)
      at NgModuleRef2.
resolveInjectorInitial
izers (node_modules/@a
ngular/core/fesm2022/d
ebug_node.mjs:15099:26
)
      at new 
NgModuleRef2 (node_mod
ules/@angular/core/fes
m2022/debug_node.mjs:1
5095:18)
      at TestBedCompil
er.finalize (node_modu
les/@angular/core/fesm
2022/testing.mjs:1026:
30)
      at 
_TestBedImpl.get 
testModuleRef [as 
testModuleRef] (node_m
odules/@angular/core/f
esm2022/testing.mjs:20
93:49)
      at 
_TestBedImpl.inject (n
ode_modules/@angular/c
ore/fesm2022/testing.m
js:2004:29)
      at _TestBedImpl.
createComponent (node_
modules/@angular/core/
fesm2022/testing.mjs:2
058:44)
      at _TestBedImpl.
createComponent (node_
modules/@angular/core/
fesm2022/testing.mjs:1
854:37)
      at 
Object.<anonymous> (sr
c/app/dm-toolkit/comba
t-manager/combat-manag
er.component.spec.ts:2
3:27)

  ΓùÅ CombatManagerCom
ponent ΓÇ║ Component 
Initialization ΓÇ║ 
should have 
METADATA_KEYS 
including baseStats, 
stats, and entityId

    TypeError: Cannot 
read properties of 
undefined (reading 
'verify')

    [0m [90m 40 
|[39m
     [90m 41 |[39m  
   afterEach(() 
[33m=>[39m {
    [31m[1m>[22m[3
9m[90m 42 |[39m     
    httpMock[33m.[39
mverify()[33m;[39m
     [90m    |[39m  
                
[31m[1m^[22m[39m
     [90m 43 |[39m  
   })[33m;[39m
     [90m 44 |[39m
     [90m 45 |[39m  
   describe([32m'Comp
onent Initialization'
[39m[33m,[39m () 
[33m=>[39m {[0m

      at 
Object.<anonymous> (sr
c/app/dm-toolkit/comba
t-manager/combat-manag
er.component.spec.ts:4
2:18)

  ΓùÅ CombatManagerCom
ponent ΓÇ║ 
_isNavigable Method 
ΓÇ║ should return 
false for null or 
undefined nodes

    NG0908: In this 
configuration Angular 
requires Zone.js

    [0m [90m 21 
|[39m         })[33m
.[39mcompileComponent
s()[33m;[39m
     [90m 22 |[39m
    [31m[1m>[22m[3
9m[90m 23 |[39m     
    fixture 
[33m=[39m [33mTestB
ed[39m[33m.[39mcrea
teComponent([33mComba
tManagerComponent[39m
)[33m;[39m
     [90m    |[39m  
                      
   
[31m[1m^[22m[39m
     [90m 24 |[39m  
       component 
[33m=[39m fixture[3
3m.[39mcomponentInsta
nce[33m;[39m
     [90m 25 |[39m  
       httpMock 
[33m=[39m [33mTestB
ed[39m[33m.[39minje
ct([33mHttpTestingCon
troller[39m)[33m;[3
9m
     [90m 26 
|[39m[0m

      at new NgZone (n
ode_modules/@angular/c
ore/fesm2022/debug_nod
e.mjs:16642:19)
      at 
Object.ngZoneFactory 
[as useFactory] (node_
modules/@angular/core/
fesm2022/debug_node.mj
s:30593:29)
      at 
Object.factory (node_m
odules/@angular/core/f
esm2022/root_effect_sc
heduler.mjs:2290:38)
      at node_modules/
@angular/core/fesm2022
/root_effect_scheduler
.mjs:2187:47
      at runInInjector
ProfilerContext (node_
modules/@angular/core/
fesm2022/root_effect_s
cheduler.mjs:746:9)
      at 
R3Injector.hydrate (no
de_modules/@angular/co
re/fesm2022/root_effec
t_scheduler.mjs:2185:2
1)
      at 
R3Injector.get (node_m
odules/@angular/core/f
esm2022/root_effect_sc
heduler.mjs:2033:33)
      at 
R3Injector.retrieve (n
ode_modules/@angular/c
ore/fesm2022/root_effe
ct_scheduler.mjs:1929:
25)
      at 
injectInjectorOnly (no
de_modules/@angular/co
re/fesm2022/root_effec
t_scheduler.mjs:1046:3
9)
      at ╔╡╔╡inject (n
ode_modules/@angular/c
ore/fesm2022/root_effe
ct_scheduler.mjs:1058:
42)
      at inject (node_
modules/@angular/core/
fesm2022/root_effect_s
cheduler.mjs:1144:12)
      at new _NgZoneCh
angeDetectionScheduler
 (node_modules/@angula
r/core/fesm2022/debug_
node.mjs:30548:12)
      at Object.NgZone
ChangeDetectionSchedul
er_Factory [as 
factory] (node_modules
/@angular/core/fesm202
2/debug_node.mjs:30580
:95)
      at node_modules/
@angular/core/fesm2022
/root_effect_scheduler
.mjs:2187:47
      at runInInjector
ProfilerContext (node_
modules/@angular/core/
fesm2022/root_effect_s
cheduler.mjs:746:9)
      at 
R3Injector.hydrate (no
de_modules/@angular/co
re/fesm2022/root_effec
t_scheduler.mjs:2185:2
1)
      at 
R3Injector.get (node_m
odules/@angular/core/f
esm2022/root_effect_sc
heduler.mjs:2033:33)
      at 
R3Injector.retrieve (n
ode_modules/@angular/c
ore/fesm2022/root_effe
ct_scheduler.mjs:1929:
25)
      at 
injectInjectorOnly (no
de_modules/@angular/co
re/fesm2022/root_effec
t_scheduler.mjs:1046:3
9)
      at ╔╡╔╡inject (n
ode_modules/@angular/c
ore/fesm2022/root_effe
ct_scheduler.mjs:1058:
42)
      at inject (node_
modules/@angular/core/
fesm2022/root_effect_s
cheduler.mjs:1144:12)
      at 
Object.useFactory (nod
e_modules/@angular/cor
e/fesm2022/debug_node.
mjs:30600:56)
      at 
Object.factory (node_m
odules/@angular/core/f
esm2022/root_effect_sc
heduler.mjs:2290:38)
      at node_modules/
@angular/core/fesm2022
/root_effect_scheduler
.mjs:2187:47
      at runInInjector
ProfilerContext (node_
modules/@angular/core/
fesm2022/root_effect_s
cheduler.mjs:746:9)
      at 
R3Injector.hydrate (no
de_modules/@angular/co
re/fesm2022/root_effec
t_scheduler.mjs:2185:2
1)
      at 
R3Injector.get (node_m
odules/@angular/core/f
esm2022/root_effect_sc
heduler.mjs:2033:33)
      at 
R3Injector.retrieve (n
ode_modules/@angular/c
ore/fesm2022/root_effe
ct_scheduler.mjs:1929:
25)
      at 
injectInjectorOnly (no
de_modules/@angular/co
re/fesm2022/root_effec
t_scheduler.mjs:1046:3
9)
      at ╔╡╔╡inject (n
ode_modules/@angular/c
ore/fesm2022/root_effe
ct_scheduler.mjs:1058:
42)
      at injectArgs (n
ode_modules/@angular/c
ore/fesm2022/root_effe
ct_scheduler.mjs:1198:
23)
      at Object.multiR
ecord.factory (node_mo
dules/@angular/core/fe
sm2022/root_effect_sch
eduler.mjs:2160:45)
      at node_modules/
@angular/core/fesm2022
/root_effect_scheduler
.mjs:2187:47
      at runInInjector
ProfilerContext (node_
modules/@angular/core/
fesm2022/root_effect_s
cheduler.mjs:746:9)
      at 
R3Injector.hydrate (no
de_modules/@angular/co
re/fesm2022/root_effec
t_scheduler.mjs:2185:2
1)
      at 
R3Injector.get (node_m
odules/@angular/core/f
esm2022/root_effect_sc
heduler.mjs:2033:33)
      at R3Injector.re
solveInjectorInitializ
ers (node_modules/@ang
ular/core/fesm2022/roo
t_effect_scheduler.mjs
:2098:39)
      at NgModuleRef2.
resolveInjectorInitial
izers (node_modules/@a
ngular/core/fesm2022/d
ebug_node.mjs:15099:26
)
      at new 
NgModuleRef2 (node_mod
ules/@angular/core/fes
m2022/debug_node.mjs:1
5095:18)
      at TestBedCompil
er.finalize (node_modu
les/@angular/core/fesm
2022/testing.mjs:1026:
30)
      at 
_TestBedImpl.get 
testModuleRef [as 
testModuleRef] (node_m
odules/@angular/core/f
esm2022/testing.mjs:20
93:49)
      at 
_TestBedImpl.inject (n
ode_modules/@angular/c
ore/fesm2022/testing.m
js:2004:29)
      at _TestBedImpl.
createComponent (node_
modules/@angular/core/
fesm2022/testing.mjs:2
058:44)
      at _TestBedImpl.
createComponent (node_
modules/@angular/core/
fesm2022/testing.mjs:1
854:37)
      at 
Object.<anonymous> (sr
c/app/dm-toolkit/comba
t-manager/combat-manag
er.component.spec.ts:2
3:27)

  ΓùÅ CombatManagerCom
ponent ΓÇ║ 
_isNavigable Method 
ΓÇ║ should return 
false for null or 
undefined nodes

    TypeError: Cannot 
read properties of 
undefined (reading 
'verify')

    [0m [90m 40 
|[39m
     [90m 41 |[39m  
   afterEach(() 
[33m=>[39m {
    [31m[1m>[22m[3
9m[90m 42 |[39m     
    httpMock[33m.[39
mverify()[33m;[39m
     [90m    |[39m  
                
[31m[1m^[22m[39m
     [90m 43 |[39m  
   })[33m;[39m
     [90m 44 |[39m
     [90m 45 |[39m  
   describe([32m'Comp
onent Initialization'
[39m[33m,[39m () 
[33m=>[39m {[0m

      at 
Object.<anonymous> (sr
c/app/dm-toolkit/comba
t-manager/combat-manag
er.component.spec.ts:4
2:18)

  ΓùÅ CombatManagerCom
ponent ΓÇ║ 
_isNavigable Method 
ΓÇ║ should return 
false for primitive 
values

    NG0908: In this 
configuration Angular 
requires Zone.js

    [0m [90m 21 
|[39m         })[33m
.[39mcompileComponent
s()[33m;[39m
     [90m 22 |[39m
    [31m[1m>[22m[3
9m[90m 23 |[39m     
    fixture 
[33m=[39m [33mTestB
ed[39m[33m.[39mcrea
teComponent([33mComba
tManagerComponent[39m
)[33m;[39m
     [90m    |[39m  
                      
   
[31m[1m^[22m[39m
     [90m 24 |[39m  
       component 
[33m=[39m fixture[3
3m.[39mcomponentInsta
nce[33m;[39m
     [90m 25 |[39m  
       httpMock 
[33m=[39m [33mTestB
ed[39m[33m.[39minje
ct([33mHttpTestingCon
troller[39m)[33m;[3
9m
     [90m 26 
|[39m[0m

      at new NgZone (n
ode_modules/@angular/c
ore/fesm2022/debug_nod
e.mjs:16642:19)
      at 
Object.ngZoneFactory 
[as useFactory] (node_
modules/@angular/core/
fesm2022/debug_node.mj
s:30593:29)
      at 
Object.factory (node_m
odules/@angular/core/f
esm2022/root_effect_sc
heduler.mjs:2290:38)
      at node_modules/
@angular/core/fesm2022
/root_effect_scheduler
.mjs:2187:47
      at runInInjector
ProfilerContext (node_
modules/@angular/core/
fesm2022/root_effect_s
cheduler.mjs:746:9)
      at 
R3Injector.hydrate (no
de_modules/@angular/co
re/fesm2022/root_effec
t_scheduler.mjs:2185:2
1)
      at 
R3Injector.get (node_m
odules/@angular/core/f
esm2022/root_effect_sc
heduler.mjs:2033:33)
      at 
R3Injector.retrieve (n
ode_modules/@angular/c
ore/fesm2022/root_effe
ct_scheduler.mjs:1929:
25)
      at 
injectInjectorOnly (no
de_modules/@angular/co
re/fesm2022/root_effec
t_scheduler.mjs:1046:3
9)
      at ╔╡╔╡inject (n
ode_modules/@angular/c
ore/fesm2022/root_effe
ct_scheduler.mjs:1058:
42)
      at inject (node_
modules/@angular/core/
fesm2022/root_effect_s
cheduler.mjs:1144:12)
      at new _NgZoneCh
angeDetectionScheduler
 (node_modules/@angula
r/core/fesm2022/debug_
node.mjs:30548:12)
      at Object.NgZone
ChangeDetectionSchedul
er_Factory [as 
factory] (node_modules
/@angular/core/fesm202
2/debug_node.mjs:30580
:95)
      at node_modules/
@angular/core/fesm2022
/root_effect_scheduler
.mjs:2187:47
      at runInInjector
ProfilerContext (node_
modules/@angular/core/
fesm2022/root_effect_s
cheduler.mjs:746:9)
      at 
R3Injector.hydrate (no
de_modules/@angular/co
re/fesm2022/root_effec
t_scheduler.mjs:2185:2
1)
      at 
R3Injector.get (node_m
odules/@angular/core/f
esm2022/root_effect_sc
heduler.mjs:2033:33)
      at 
R3Injector.retrieve (n
ode_modules/@angular/c
ore/fesm2022/root_effe
ct_scheduler.mjs:1929:
25)
      at 
injectInjectorOnly (no
de_modules/@angular/co
re/fesm2022/root_effec
t_scheduler.mjs:1046:3
9)
      at ╔╡╔╡inject (n
ode_modules/@angular/c
ore/fesm2022/root_effe
ct_scheduler.mjs:1058:
42)
      at inject (node_
modules/@angular/core/
fesm2022/root_effect_s
cheduler.mjs:1144:12)
      at 
Object.useFactory (nod
e_modules/@angular/cor
e/fesm2022/debug_node.
mjs:30600:56)
      at 
Object.factory (node_m
odules/@angular/core/f
esm2022/root_effect_sc
heduler.mjs:2290:38)
      at node_modules/
@angular/core/fesm2022
/root_effect_scheduler
.mjs:2187:47
      at runInInjector
ProfilerContext (node_
modules/@angular/core/
fesm2022/root_effect_s
cheduler.mjs:746:9)
      at 
R3Injector.hydrate (no
de_modules/@angular/co
re/fesm2022/root_effec
t_scheduler.mjs:2185:2
1)
      at 
R3Injector.get (node_m
odules/@angular/core/f
esm2022/root_effect_sc
heduler.mjs:2033:33)
      at 
R3Injector.retrieve (n
ode_modules/@angular/c
ore/fesm2022/root_effe
ct_scheduler.mjs:1929:
25)
      at 
injectInjectorOnly (no
de_modules/@angular/co
re/fesm2022/root_effec
t_scheduler.mjs:1046:3
9)
      at ╔╡╔╡inject (n
ode_modules/@angular/c
ore/fesm2022/root_effe
ct_scheduler.mjs:1058:
42)
      at injectArgs (n
ode_modules/@angular/c
ore/fesm2022/root_effe
ct_scheduler.mjs:1198:
23)
      at Object.multiR
ecord.factory (node_mo
dules/@angular/core/fe
sm2022/root_effect_sch
eduler.mjs:2160:45)
      at node_modules/
@angular/core/fesm2022
/root_effect_scheduler
.mjs:2187:47
      at runInInjector
ProfilerContext (node_
modules/@angular/core/
fesm2022/root_effect_s
cheduler.mjs:746:9)
      at 
R3Injector.hydrate (no
de_modules/@angular/co
re/fesm2022/root_effec
t_scheduler.mjs:2185:2
1)
      at 
R3Injector.get (node_m
odules/@angular/core/f
esm2022/root_effect_sc
heduler.mjs:2033:33)
      at R3Injector.re
solveInjectorInitializ
ers (node_modules/@ang
ular/core/fesm2022/roo
t_effect_scheduler.mjs
:2098:39)
      at NgModuleRef2.
resolveInjectorInitial
izers (node_modules/@a
ngular/core/fesm2022/d
ebug_node.mjs:15099:26
)
      at new 
NgModuleRef2 (node_mod
ules/@angular/core/fes
m2022/debug_node.mjs:1
5095:18)
      at TestBedCompil
er.finalize (node_modu
les/@angular/core/fesm
2022/testing.mjs:1026:
30)
      at 
_TestBedImpl.get 
testModuleRef [as 
testModuleRef] (node_m
odules/@angular/core/f
esm2022/testing.mjs:20
93:49)
      at 
_TestBedImpl.inject (n
ode_modules/@angular/c
ore/fesm2022/testing.m
js:2004:29)
      at _TestBedImpl.
createComponent (node_
modules/@angular/core/
fesm2022/testing.mjs:2
058:44)
      at _TestBedImpl.
createComponent (node_
modules/@angular/core/
fesm2022/testing.mjs:1
854:37)
      at 
Object.<anonymous> (sr
c/app/dm-toolkit/comba
t-manager/combat-manag
er.component.spec.ts:2
3:27)

  ΓùÅ CombatManagerCom
ponent ΓÇ║ 
_isNavigable Method 
ΓÇ║ should return 
false for primitive 
values

    TypeError: Cannot 
read properties of 
undefined (reading 
'verify')

    [0m [90m 40 
|[39m
     [90m 41 |[39m  
   afterEach(() 
[33m=>[39m {
    [31m[1m>[22m[3
9m[90m 42 |[39m     
    httpMock[33m.[39
mverify()[33m;[39m
     [90m    |[39m  
                
[31m[1m^[22m[39m
     [90m 43 |[39m  
   })[33m;[39m
     [90m 44 |[39m
     [90m 45 |[39m  
   describe([32m'Comp
onent Initialization'
[39m[33m,[39m () 
[33m=>[39m {[0m

      at 
Object.<anonymous> (sr
c/app/dm-toolkit/comba
t-manager/combat-manag
er.component.spec.ts:4
2:18)

  ΓùÅ CombatManagerCom
ponent ΓÇ║ 
_isNavigable Method 
ΓÇ║ should return 
false for nodes with 
no children

    NG0908: In this 
configuration Angular 
requires Zone.js

    [0m [90m 21 
|[39m         })[33m
.[39mcompileComponent
s()[33m;[39m
     [90m 22 |[39m
    [31m[1m>[22m[3
9m[90m 23 |[39m     
    fixture 
[33m=[39m [33mTestB
ed[39m[33m.[39mcrea
teComponent([33mComba
tManagerComponent[39m
)[33m;[39m
     [90m    |[39m  
                      
   
[31m[1m^[22m[39m
     [90m 24 |[39m  
       component 
[33m=[39m fixture[3
3m.[39mcomponentInsta
nce[33m;[39m
     [90m 25 |[39m  
       httpMock 
[33m=[39m [33mTestB
ed[39m[33m.[39minje
ct([33mHttpTestingCon
troller[39m)[33m;[3
9m
     [90m 26 
|[39m[0m

      at new NgZone (n
ode_modules/@angular/c
ore/fesm2022/debug_nod
e.mjs:16642:19)
      at 
Object.ngZoneFactory 
[as useFactory] (node_
modules/@angular/core/
fesm2022/debug_node.mj
s:30593:29)
      at 
Object.factory (node_m
odules/@angular/core/f
esm2022/root_effect_sc
heduler.mjs:2290:38)
      at node_modules/
@angular/core/fesm2022
/root_effect_scheduler
.mjs:2187:47
      at runInInjector
ProfilerContext (node_
modules/@angular/core/
fesm2022/root_effect_s
cheduler.mjs:746:9)
      at 
R3Injector.hydrate (no
de_modules/@angular/co
re/fesm2022/root_effec
t_scheduler.mjs:2185:2
1)
      at 
R3Injector.get (node_m
odules/@angular/core/f
esm2022/root_effect_sc
heduler.mjs:2033:33)
      at 
R3Injector.retrieve (n
ode_modules/@angular/c
ore/fesm2022/root_effe
ct_scheduler.mjs:1929:
25)
      at 
injectInjectorOnly (no
de_modules/@angular/co
re/fesm2022/root_effec
t_scheduler.mjs:1046:3
9)
      at ╔╡╔╡inject (n
ode_modules/@angular/c
ore/fesm2022/root_effe
ct_scheduler.mjs:1058:
42)
      at inject (node_
modules/@angular/core/
fesm2022/root_effect_s
cheduler.mjs:1144:12)
      at new _NgZoneCh
angeDetectionScheduler
 (node_modules/@angula
r/core/fesm2022/debug_
node.mjs:30548:12)
      at Object.NgZone
ChangeDetectionSchedul
er_Factory [as 
factory] (node_modules
/@angular/core/fesm202
2/debug_node.mjs:30580
:95)
      at node_modules/
@angular/core/fesm2022
/root_effect_scheduler
.mjs:2187:47
      at runInInjector
ProfilerContext (node_
modules/@angular/core/
fesm2022/root_effect_s
cheduler.mjs:746:9)
      at 
R3Injector.hydrate (no
de_modules/@angular/co
re/fesm2022/root_effec
t_scheduler.mjs:2185:2
1)
      at 
R3Injector.get (node_m
odules/@angular/core/f
esm2022/root_effect_sc
heduler.mjs:2033:33)
      at 
R3Injector.retrieve (n
ode_modules/@angular/c
ore/fesm2022/root_effe
ct_scheduler.mjs:1929:
25)
      at 
injectInjectorOnly (no
de_modules/@angular/co
re/fesm2022/root_effec
t_scheduler.mjs:1046:3
9)
      at ╔╡╔╡inject (n
ode_modules/@angular/c
ore/fesm2022/root_effe
ct_scheduler.mjs:1058:
42)
      at inject (node_
modules/@angular/core/
fesm2022/root_effect_s
cheduler.mjs:1144:12)
      at 
Object.useFactory (nod
e_modules/@angular/cor
e/fesm2022/debug_node.
mjs:30600:56)
      at 
Object.factory (node_m
odules/@angular/core/f
esm2022/root_effect_sc
heduler.mjs:2290:38)
      at node_modules/
@angular/core/fesm2022
/root_effect_scheduler
.mjs:2187:47
      at runInInjector
ProfilerContext (node_
modules/@angular/core/
fesm2022/root_effect_s
cheduler.mjs:746:9)
      at 
R3Injector.hydrate (no
de_modules/@angular/co
re/fesm2022/root_effec
t_scheduler.mjs:2185:2
1)
      at 
R3Injector.get (node_m
odules/@angular/core/f
esm2022/root_effect_sc
heduler.mjs:2033:33)
      at 
R3Injector.retrieve (n
ode_modules/@angular/c
ore/fesm2022/root_effe
ct_scheduler.mjs:1929:
25)
      at 
injectInjectorOnly (no
de_modules/@angular/co
re/fesm2022/root_effec
t_scheduler.mjs:1046:3
9)
      at ╔╡╔╡inject (n
ode_modules/@angular/c
ore/fesm2022/root_effe
ct_scheduler.mjs:1058:
42)
      at injectArgs (n
ode_modules/@angular/c
ore/fesm2022/root_effe
ct_scheduler.mjs:1198:
23)
      at Object.multiR
ecord.factory (node_mo
dules/@angular/core/fe
sm2022/root_effect_sch
eduler.mjs:2160:45)
      at node_modules/
@angular/core/fesm2022
/root_effect_scheduler
.mjs:2187:47
      at runInInjector
ProfilerContext (node_
modules/@angular/core/
fesm2022/root_effect_s
cheduler.mjs:746:9)
      at 
R3Injector.hydrate (no
de_modules/@angular/co
re/fesm2022/root_effec
t_scheduler.mjs:2185:2
1)
      at 
R3Injector.get (node_m
odules/@angular/core/f
esm2022/root_effect_sc
heduler.mjs:2033:33)
      at R3Injector.re
solveInjectorInitializ
ers (node_modules/@ang
ular/core/fesm2022/roo
t_effect_scheduler.mjs
:2098:39)
      at NgModuleRef2.
resolveInjectorInitial
izers (node_modules/@a
ngular/core/fesm2022/d
ebug_node.mjs:15099:26
)
      at new 
NgModuleRef2 (node_mod
ules/@angular/core/fes
m2022/debug_node.mjs:1
5095:18)
      at TestBedCompil
er.finalize (node_modu
les/@angular/core/fesm
2022/testing.mjs:1026:
30)
      at 
_TestBedImpl.get 
testModuleRef [as 
testModuleRef] (node_m
odules/@angular/core/f
esm2022/testing.mjs:20
93:49)
      at 
_TestBedImpl.inject (n
ode_modules/@angular/c
ore/fesm2022/testing.m
js:2004:29)
      at _TestBedImpl.
createComponent (node_
modules/@angular/core/
fesm2022/testing.mjs:2
058:44)
      at _TestBedImpl.
createComponent (node_
modules/@angular/core/
fesm2022/testing.mjs:1
854:37)
      at 
Object.<anonymous> (sr
c/app/dm-toolkit/comba
t-manager/combat-manag
er.component.spec.ts:2
3:27)

  ΓùÅ CombatManagerCom
ponent ΓÇ║ 
_isNavigable Method 
ΓÇ║ should return 
false for nodes with 
no children

    TypeError: Cannot 
read properties of 
undefined (reading 
'verify')

    [0m [90m 40 
|[39m
     [90m 41 |[39m  
   afterEach(() 
[33m=>[39m {
    [31m[1m>[22m[3
9m[90m 42 |[39m     
    httpMock[33m.[39
mverify()[33m;[39m
     [90m    |[39m  
                
[31m[1m^[22m[39m
     [90m 43 |[39m  
   })[33m;[39m
     [90m 44 |[39m
     [90m 45 |[39m  
   describe([32m'Comp
onent Initialization'
[39m[33m,[39m () 
[33m=>[39m {[0m

      at 
Object.<anonymous> (sr
c/app/dm-toolkit/comba
t-manager/combat-manag
er.component.spec.ts:4
2:18)

  ΓùÅ CombatManagerCom
ponent ΓÇ║ 
_isNavigable Method 
ΓÇ║ should return 
true for container 
entities with children

    NG0908: In this 
configuration Angular 
requires Zone.js

    [0m [90m 21 
|[39m         })[33m
.[39mcompileComponent
s()[33m;[39m
     [90m 22 |[39m
    [31m[1m>[22m[3
9m[90m 23 |[39m     
    fixture 
[33m=[39m [33mTestB
ed[39m[33m.[39mcrea
teComponent([33mComba
tManagerComponent[39m
)[33m;[39m
     [90m    |[39m  
                      
   
[31m[1m^[22m[39m
     [90m 24 |[39m  
       component 
[33m=[39m fixture[3
3m.[39mcomponentInsta
nce[33m;[39m
     [90m 25 |[39m  
       httpMock 
[33m=[39m [33mTestB
ed[39m[33m.[39minje
ct([33mHttpTestingCon
troller[39m)[33m;[3
9m
     [90m 26 
|[39m[0m

      at new NgZone (n
ode_modules/@angular/c
ore/fesm2022/debug_nod
e.mjs:16642:19)
      at 
Object.ngZoneFactory 
[as useFactory] (node_
modules/@angular/core/
fesm2022/debug_node.mj
s:30593:29)
      at 
Object.factory (node_m
odules/@angular/core/f
esm2022/root_effect_sc
heduler.mjs:2290:38)
      at node_modules/
@angular/core/fesm2022
/root_effect_scheduler
.mjs:2187:47
      at runInInjector
ProfilerContext (node_
modules/@angular/core/
fesm2022/root_effect_s
cheduler.mjs:746:9)
      at 
R3Injector.hydrate (no
de_modules/@angular/co
re/fesm2022/root_effec
t_scheduler.mjs:2185:2
1)
      at 
R3Injector.get (node_m
odules/@angular/core/f
esm2022/root_effect_sc
heduler.mjs:2033:33)
      at 
R3Injector.retrieve (n
ode_modules/@angular/c
ore/fesm2022/root_effe
ct_scheduler.mjs:1929:
25)
      at 
injectInjectorOnly (no
de_modules/@angular/co
re/fesm2022/root_effec
t_scheduler.mjs:1046:3
9)
      at ╔╡╔╡inject (n
ode_modules/@angular/c
ore/fesm2022/root_effe
ct_scheduler.mjs:1058:
42)
      at inject (node_
modules/@angular/core/
fesm2022/root_effect_s
cheduler.mjs:1144:12)
      at new _NgZoneCh
angeDetectionScheduler
 (node_modules/@angula
r/core/fesm2022/debug_
node.mjs:30548:12)
      at Object.NgZone
ChangeDetectionSchedul
er_Factory [as 
factory] (node_modules
/@angular/core/fesm202
2/debug_node.mjs:30580
:95)
      at node_modules/
@angular/core/fesm2022
/root_effect_scheduler
.mjs:2187:47
      at runInInjector
ProfilerContext (node_
modules/@angular/core/
fesm2022/root_effect_s
cheduler.mjs:746:9)
      at 
R3Injector.hydrate (no
de_modules/@angular/co
re/fesm2022/root_effec
t_scheduler.mjs:2185:2
1)
      at 
R3Injector.get (node_m
odules/@angular/core/f
esm2022/root_effect_sc
heduler.mjs:2033:33)
      at 
R3Injector.retrieve (n
ode_modules/@angular/c
ore/fesm2022/root_effe
ct_scheduler.mjs:1929:
25)
      at 
injectInjectorOnly (no
de_modules/@angular/co
re/fesm2022/root_effec
t_scheduler.mjs:1046:3
9)
      at ╔╡╔╡inject (n
ode_modules/@angular/c
ore/fesm2022/root_effe
ct_scheduler.mjs:1058:
42)
      at inject (node_
modules/@angular/core/
fesm2022/root_effect_s
cheduler.mjs:1144:12)
      at 
Object.useFactory (nod
e_modules/@angular/cor
e/fesm2022/debug_node.
mjs:30600:56)
      at 
Object.factory (node_m
odules/@angular/core/f
esm2022/root_effect_sc
heduler.mjs:2290:38)
      at node_modules/
@angular/core/fesm2022
/root_effect_scheduler
.mjs:2187:47
      at runInInjector
ProfilerContext (node_
modules/@angular/core/
fesm2022/root_effect_s
cheduler.mjs:746:9)
      at 
R3Injector.hydrate (no
de_modules/@angular/co
re/fesm2022/root_effec
t_scheduler.mjs:2185:2
1)
      at 
R3Injector.get (node_m
odules/@angular/core/f
esm2022/root_effect_sc
heduler.mjs:2033:33)
      at 
R3Injector.retrieve (n
ode_modules/@angular/c
ore/fesm2022/root_effe
ct_scheduler.mjs:1929:
25)
      at 
injectInjectorOnly (no
de_modules/@angular/co
re/fesm2022/root_effec
t_scheduler.mjs:1046:3
9)
      at ╔╡╔╡inject (n
ode_modules/@angular/c
ore/fesm2022/root_effe
ct_scheduler.mjs:1058:
42)
      at injectArgs (n
ode_modules/@angular/c
ore/fesm2022/root_effe
ct_scheduler.mjs:1198:
23)
      at Object.multiR
ecord.factory (node_mo
dules/@angular/core/fe
sm2022/root_effect_sch
eduler.mjs:2160:45)
      at node_modules/
@angular/core/fesm2022
/root_effect_scheduler
.mjs:2187:47
      at runInInjector
ProfilerContext (node_
modules/@angular/core/
fesm2022/root_effect_s
cheduler.mjs:746:9)
      at 
R3Injector.hydrate (no
de_modules/@angular/co
re/fesm2022/root_effec
t_scheduler.mjs:2185:2
1)
      at 
R3Injector.get (node_m
odules/@angular/core/f
esm2022/root_effect_sc
heduler.mjs:2033:33)
      at R3Injector.re
solveInjectorInitializ
ers (node_modules/@ang
ular/core/fesm2022/roo
t_effect_scheduler.mjs
:2098:39)
      at NgModuleRef2.
resolveInjectorInitial
izers (node_modules/@a
ngular/core/fesm2022/d
ebug_node.mjs:15099:26
)
      at new 
NgModuleRef2 (node_mod
ules/@angular/core/fes
m2022/debug_node.mjs:1
5095:18)
      at TestBedCompil
er.finalize (node_modu
les/@angular/core/fesm
2022/testing.mjs:1026:
30)
      at 
_TestBedImpl.get 
testModuleRef [as 
testModuleRef] (node_m
odules/@angular/core/f
esm2022/testing.mjs:20
93:49)
      at 
_TestBedImpl.inject (n
ode_modules/@angular/c
ore/fesm2022/testing.m
js:2004:29)
      at _TestBedImpl.
createComponent (node_
modules/@angular/core/
fesm2022/testing.mjs:2
058:44)
      at _TestBedImpl.
createComponent (node_
modules/@angular/core/
fesm2022/testing.mjs:1
854:37)
      at 
Object.<anonymous> (sr
c/app/dm-toolkit/comba
t-manager/combat-manag
er.component.spec.ts:2
3:27)

  ΓùÅ CombatManagerCom
ponent ΓÇ║ 
_isNavigable Method 
ΓÇ║ should return 
true for container 
entities with children

    TypeError: Cannot 
read properties of 
undefined (reading 
'verify')

    [0m [90m 40 
|[39m
     [90m 41 |[39m  
   afterEach(() 
[33m=>[39m {
    [31m[1m>[22m[3
9m[90m 42 |[39m     
    httpMock[33m.[39
mverify()[33m;[39m
     [90m    |[39m  
                
[31m[1m^[22m[39m
     [90m 43 |[39m  
   })[33m;[39m
     [90m 44 |[39m
     [90m 45 |[39m  
   describe([32m'Comp
onent Initialization'
[39m[33m,[39m () 
[33m=>[39m {[0m

      at 
Object.<anonymous> (sr
c/app/dm-toolkit/comba
t-manager/combat-manag
er.component.spec.ts:4
2:18)

  ΓùÅ CombatManagerCom
ponent ΓÇ║ 
_isNavigable Method 
ΓÇ║ should return 
true for categories 
with templates

    NG0908: In this 
configuration Angular 
requires Zone.js

    [0m [90m 21 
|[39m         })[33m
.[39mcompileComponent
s()[33m;[39m
     [90m 22 |[39m
    [31m[1m>[22m[3
9m[90m 23 |[39m     
    fixture 
[33m=[39m [33mTestB
ed[39m[33m.[39mcrea
teComponent([33mComba
tManagerComponent[39m
)[33m;[39m
     [90m    |[39m  
                      
   
[31m[1m^[22m[39m
     [90m 24 |[39m  
       component 
[33m=[39m fixture[3
3m.[39mcomponentInsta
nce[33m;[39m
     [90m 25 |[39m  
       httpMock 
[33m=[39m [33mTestB
ed[39m[33m.[39minje
ct([33mHttpTestingCon
troller[39m)[33m;[3
9m
     [90m 26 
|[39m[0m

      at new NgZone (n
ode_modules/@angular/c
ore/fesm2022/debug_nod
e.mjs:16642:19)
      at 
Object.ngZoneFactory 
[as useFactory] (node_
modules/@angular/core/
fesm2022/debug_node.mj
s:30593:29)
      at 
Object.factory (node_m
odules/@angular/core/f
esm2022/root_effect_sc
heduler.mjs:2290:38)
      at node_modules/
@angular/core/fesm2022
/root_effect_scheduler
.mjs:2187:47
      at runInInjector
ProfilerContext (node_
modules/@angular/core/
fesm2022/root_effect_s
cheduler.mjs:746:9)
      at 
R3Injector.hydrate (no
de_modules/@angular/co
re/fesm2022/root_effec
t_scheduler.mjs:2185:2
1)
      at 
R3Injector.get (node_m
odules/@angular/core/f
esm2022/root_effect_sc
heduler.mjs:2033:33)
      at 
R3Injector.retrieve (n
ode_modules/@angular/c
ore/fesm2022/root_effe
ct_scheduler.mjs:1929:
25)
      at 
injectInjectorOnly (no
de_modules/@angular/co
re/fesm2022/root_effec
t_scheduler.mjs:1046:3
9)
      at ╔╡╔╡inject (n
ode_modules/@angular/c
ore/fesm2022/root_effe
ct_scheduler.mjs:1058:
42)
      at inject (node_
modules/@angular/core/
fesm2022/root_effect_s
cheduler.mjs:1144:12)
      at new _NgZoneCh
angeDetectionScheduler
 (node_modules/@angula
r/core/fesm2022/debug_
node.mjs:30548:12)
      at Object.NgZone
ChangeDetectionSchedul
er_Factory [as 
factory] (node_modules
/@angular/core/fesm202
2/debug_node.mjs:30580
:95)
      at node_modules/
@angular/core/fesm2022
/root_effect_scheduler
.mjs:2187:47
      at runInInjector
ProfilerContext (node_
modules/@angular/core/
fesm2022/root_effect_s
cheduler.mjs:746:9)
      at 
R3Injector.hydrate (no
de_modules/@angular/co
re/fesm2022/root_effec
t_scheduler.mjs:2185:2
1)
      at 
R3Injector.get (node_m
odules/@angular/core/f
esm2022/root_effect_sc
heduler.mjs:2033:33)
      at 
R3Injector.retrieve (n
ode_modules/@angular/c
ore/fesm2022/root_effe
ct_scheduler.mjs:1929:
25)
      at 
injectInjectorOnly (no
de_modules/@angular/co
re/fesm2022/root_effec
t_scheduler.mjs:1046:3
9)
      at ╔╡╔╡inject (n
ode_modules/@angular/c
ore/fesm2022/root_effe
ct_scheduler.mjs:1058:
42)
      at inject (node_
modules/@angular/core/
fesm2022/root_effect_s
cheduler.mjs:1144:12)
      at 
Object.useFactory (nod
e_modules/@angular/cor
e/fesm2022/debug_node.
mjs:30600:56)
      at 
Object.factory (node_m
odules/@angular/core/f
esm2022/root_effect_sc
heduler.mjs:2290:38)
      at node_modules/
@angular/core/fesm2022
/root_effect_scheduler
.mjs:2187:47
      at runInInjector
ProfilerContext (node_
modules/@angular/core/
fesm2022/root_effect_s
cheduler.mjs:746:9)
      at 
R3Injector.hydrate (no
de_modules/@angular/co
re/fesm2022/root_effec
t_scheduler.mjs:2185:2
1)
      at 
R3Injector.get (node_m
odules/@angular/core/f
esm2022/root_effect_sc
heduler.mjs:2033:33)
      at 
R3Injector.retrieve (n
ode_modules/@angular/c
ore/fesm2022/root_effe
ct_scheduler.mjs:1929:
25)
      at 
injectInjectorOnly (no
de_modules/@angular/co
re/fesm2022/root_effec
t_scheduler.mjs:1046:3
9)
      at ╔╡╔╡inject (n
ode_modules/@angular/c
ore/fesm2022/root_effe
ct_scheduler.mjs:1058:
42)
      at injectArgs (n
ode_modules/@angular/c
ore/fesm2022/root_effe
ct_scheduler.mjs:1198:
23)
      at Object.multiR
ecord.factory (node_mo
dules/@angular/core/fe
sm2022/root_effect_sch
eduler.mjs:2160:45)
      at node_modules/
@angular/core/fesm2022
/root_effect_scheduler
.mjs:2187:47
      at runInInjector
ProfilerContext (node_
modules/@angular/core/
fesm2022/root_effect_s
cheduler.mjs:746:9)
      at 
R3Injector.hydrate (no
de_modules/@angular/co
re/fesm2022/root_effec
t_scheduler.mjs:2185:2
1)
      at 
R3Injector.get (node_m
odules/@angular/core/f
esm2022/root_effect_sc
heduler.mjs:2033:33)
      at R3Injector.re
solveInjectorInitializ
ers (node_modules/@ang
ular/core/fesm2022/roo
t_effect_scheduler.mjs
:2098:39)
      at NgModuleRef2.
resolveInjectorInitial
izers (node_modules/@a
ngular/core/fesm2022/d
ebug_node.mjs:15099:26
)
      at new 
NgModuleRef2 (node_mod
ules/@angular/core/fes
m2022/debug_node.mjs:1
5095:18)
      at TestBedCompil
er.finalize (node_modu
les/@angular/core/fesm
2022/testing.mjs:1026:
30)
      at 
_TestBedImpl.get 
testModuleRef [as 
testModuleRef] (node_m
odules/@angular/core/f
esm2022/testing.mjs:20
93:49)
      at 
_TestBedImpl.inject (n
ode_modules/@angular/c
ore/fesm2022/testing.m
js:2004:29)
      at _TestBedImpl.
createComponent (node_
modules/@angular/core/
fesm2022/testing.mjs:2
058:44)
      at _TestBedImpl.
createComponent (node_
modules/@angular/core/
fesm2022/testing.mjs:1
854:37)
      at 
Object.<anonymous> (sr
c/app/dm-toolkit/comba
t-manager/combat-manag
er.component.spec.ts:2
3:27)

  ΓùÅ CombatManagerCom
ponent ΓÇ║ 
_isNavigable Method 
ΓÇ║ should return 
true for categories 
with templates

    TypeError: Cannot 
read properties of 
undefined (reading 
'verify')

    [0m [90m 40 
|[39m
     [90m 41 |[39m  
   afterEach(() 
[33m=>[39m {
    [31m[1m>[22m[3
9m[90m 42 |[39m     
    httpMock[33m.[39
mverify()[33m;[39m
     [90m    |[39m  
                
[31m[1m^[22m[39m
     [90m 43 |[39m  
   })[33m;[39m
     [90m 44 |[39m
     [90m 45 |[39m  
   describe([32m'Comp
onent Initialization'
[39m[33m,[39m () 
[33m=>[39m {[0m

      at 
Object.<anonymous> (sr
c/app/dm-toolkit/comba
t-manager/combat-manag
er.component.spec.ts:4
2:18)

  ΓùÅ CombatManagerCom
ponent ΓÇ║ 
_isNavigable Method 
ΓÇ║ should filter out 
METADATA_KEYS from 
child detection

    NG0908: In this 
configuration Angular 
requires Zone.js

    [0m [90m 21 
|[39m         })[33m
.[39mcompileComponent
s()[33m;[39m
     [90m 22 |[39m
    [31m[1m>[22m[3
9m[90m 23 |[39m     
    fixture 
[33m=[39m [33mTestB
ed[39m[33m.[39mcrea
teComponent([33mComba
tManagerComponent[39m
)[33m;[39m
     [90m    |[39m  
                      
   
[31m[1m^[22m[39m
     [90m 24 |[39m  
       component 
[33m=[39m fixture[3
3m.[39mcomponentInsta
nce[33m;[39m
     [90m 25 |[39m  
       httpMock 
[33m=[39m [33mTestB
ed[39m[33m.[39minje
ct([33mHttpTestingCon
troller[39m)[33m;[3
9m
     [90m 26 
|[39m[0m

      at new NgZone (n
ode_modules/@angular/c
ore/fesm2022/debug_nod
e.mjs:16642:19)
      at 
Object.ngZoneFactory 
[as useFactory] (node_
modules/@angular/core/
fesm2022/debug_node.mj
s:30593:29)
      at 
Object.factory (node_m
odules/@angular/core/f
esm2022/root_effect_sc
heduler.mjs:2290:38)
      at node_modules/
@angular/core/fesm2022
/root_effect_scheduler
.mjs:2187:47
      at runInInjector
ProfilerContext (node_
modules/@angular/core/
fesm2022/root_effect_s
cheduler.mjs:746:9)
      at 
R3Injector.hydrate (no
de_modules/@angular/co
re/fesm2022/root_effec
t_scheduler.mjs:2185:2
1)
      at 
R3Injector.get (node_m
odules/@angular/core/f
esm2022/root_effect_sc
heduler.mjs:2033:33)
      at 
R3Injector.retrieve (n
ode_modules/@angular/c
ore/fesm2022/root_effe
ct_scheduler.mjs:1929:
25)
      at 
injectInjectorOnly (no
de_modules/@angular/co
re/fesm2022/root_effec
t_scheduler.mjs:1046:3
9)
      at ╔╡╔╡inject (n
ode_modules/@angular/c
ore/fesm2022/root_effe
ct_scheduler.mjs:1058:
42)
      at inject (node_
modules/@angular/core/
fesm2022/root_effect_s
cheduler.mjs:1144:12)
      at new _NgZoneCh
angeDetectionScheduler
 (node_modules/@angula
r/core/fesm2022/debug_
node.mjs:30548:12)
      at Object.NgZone
ChangeDetectionSchedul
er_Factory [as 
factory] (node_modules
/@angular/core/fesm202
2/debug_node.mjs:30580
:95)
      at node_modules/
@angular/core/fesm2022
/root_effect_scheduler
.mjs:2187:47
      at runInInjector
ProfilerContext (node_
modules/@angular/core/
fesm2022/root_effect_s
cheduler.mjs:746:9)
      at 
R3Injector.hydrate (no
de_modules/@angular/co
re/fesm2022/root_effec
t_scheduler.mjs:2185:2
1)
      at 
R3Injector.get (node_m
odules/@angular/core/f
esm2022/root_effect_sc
heduler.mjs:2033:33)
      at 
R3Injector.retrieve (n
ode_modules/@angular/c
ore/fesm2022/root_effe
ct_scheduler.mjs:1929:
25)
      at 
injectInjectorOnly (no
de_modules/@angular/co
re/fesm2022/root_effec
t_scheduler.mjs:1046:3
9)
      at ╔╡╔╡inject (n
ode_modules/@angular/c
ore/fesm2022/root_effe
ct_scheduler.mjs:1058:
42)
      at inject (node_
modules/@angular/core/
fesm2022/root_effect_s
cheduler.mjs:1144:12)
      at 
Object.useFactory (nod
e_modules/@angular/cor
e/fesm2022/debug_node.
mjs:30600:56)
      at 
Object.factory (node_m
odules/@angular/core/f
esm2022/root_effect_sc
heduler.mjs:2290:38)
      at node_modules/
@angular/core/fesm2022
/root_effect_scheduler
.mjs:2187:47
      at runInInjector
ProfilerContext (node_
modules/@angular/core/
fesm2022/root_effect_s
cheduler.mjs:746:9)
      at 
R3Injector.hydrate (no
de_modules/@angular/co
re/fesm2022/root_effec
t_scheduler.mjs:2185:2
1)
      at 
R3Injector.get (node_m
odules/@angular/core/f
esm2022/root_effect_sc
heduler.mjs:2033:33)
      at 
R3Injector.retrieve (n
ode_modules/@angular/c
ore/fesm2022/root_effe
ct_scheduler.mjs:1929:
25)
      at 
injectInjectorOnly (no
de_modules/@angular/co
re/fesm2022/root_effec
t_scheduler.mjs:1046:3
9)
      at ╔╡╔╡inject (n
ode_modules/@angular/c
ore/fesm2022/root_effe
ct_scheduler.mjs:1058:
42)
      at injectArgs (n
ode_modules/@angular/c
ore/fesm2022/root_effe
ct_scheduler.mjs:1198:
23)
      at Object.multiR
ecord.factory (node_mo
dules/@angular/core/fe
sm2022/root_effect_sch
eduler.mjs:2160:45)
      at node_modules/
@angular/core/fesm2022
/root_effect_scheduler
.mjs:2187:47
      at runInInjector
ProfilerContext (node_
modules/@angular/core/
fesm2022/root_effect_s
cheduler.mjs:746:9)
      at 
R3Injector.hydrate (no
de_modules/@angular/co
re/fesm2022/root_effec
t_scheduler.mjs:2185:2
1)
      at 
R3Injector.get (node_m
odules/@angular/core/f
esm2022/root_effect_sc
heduler.mjs:2033:33)
      at R3Injector.re
solveInjectorInitializ
ers (node_modules/@ang
ular/core/fesm2022/roo
t_effect_scheduler.mjs
:2098:39)
      at NgModuleRef2.
resolveInjectorInitial
izers (node_modules/@a
ngular/core/fesm2022/d
ebug_node.mjs:15099:26
)
      at new 
NgModuleRef2 (node_mod
ules/@angular/core/fes
m2022/debug_node.mjs:1
5095:18)
      at TestBedCompil
er.finalize (node_modu
les/@angular/core/fesm
2022/testing.mjs:1026:
30)
      at 
_TestBedImpl.get 
testModuleRef [as 
testModuleRef] (node_m
odules/@angular/core/f
esm2022/testing.mjs:20
93:49)
      at 
_TestBedImpl.inject (n
ode_modules/@angular/c
ore/fesm2022/testing.m
js:2004:29)
      at _TestBedImpl.
createComponent (node_
modules/@angular/core/
fesm2022/testing.mjs:2
058:44)
      at _TestBedImpl.
createComponent (node_
modules/@angular/core/
fesm2022/testing.mjs:1
854:37)
      at 
Object.<anonymous> (sr
c/app/dm-toolkit/comba
t-manager/combat-manag
er.component.spec.ts:2
3:27)

  ΓùÅ CombatManagerCom
ponent ΓÇ║ 
_isNavigable Method 
ΓÇ║ should filter out 
METADATA_KEYS from 
child detection

    TypeError: Cannot 
read properties of 
undefined (reading 
'verify')

    [0m [90m 40 
|[39m
     [90m 41 |[39m  
   afterEach(() 
[33m=>[39m {
    [31m[1m>[22m[3
9m[90m 42 |[39m     
    httpMock[33m.[39
mverify()[33m;[39m
     [90m    |[39m  
                
[31m[1m^[22m[39m
     [90m 43 |[39m  
   })[33m;[39m
     [90m 44 |[39m
     [90m 45 |[39m  
   describe([32m'Comp
onent Initialization'
[39m[33m,[39m () 
[33m=>[39m {[0m

      at 
Object.<anonymous> (sr
c/app/dm-toolkit/comba
t-manager/combat-manag
er.component.spec.ts:4
2:18)

  ΓùÅ CombatManagerCom
ponent ΓÇ║ 
_isNavigable Method 
ΓÇ║ should return 
false for leaf 
templates (entityId 
with no navigable 
children)

    NG0908: In this 
configuration Angular 
requires Zone.js

    [0m [90m 21 
|[39m         })[33m
.[39mcompileComponent
s()[33m;[39m
     [90m 22 |[39m
    [31m[1m>[22m[3
9m[90m 23 |[39m     
    fixture 
[33m=[39m [33mTestB
ed[39m[33m.[39mcrea
teComponent([33mComba
tManagerComponent[39m
)[33m;[39m
     [90m    |[39m  
                      
   
[31m[1m^[22m[39m
     [90m 24 |[39m  
       component 
[33m=[39m fixture[3
3m.[39mcomponentInsta
nce[33m;[39m
     [90m 25 |[39m  
       httpMock 
[33m=[39m [33mTestB
ed[39m[33m.[39minje
ct([33mHttpTestingCon
troller[39m)[33m;[3
9m
     [90m 26 
|[39m[0m

      at new NgZone (n
ode_modules/@angular/c
ore/fesm2022/debug_nod
e.mjs:16642:19)
      at 
Object.ngZoneFactory 
[as useFactory] (node_
modules/@angular/core/
fesm2022/debug_node.mj
s:30593:29)
      at 
Object.factory (node_m
odules/@angular/core/f
esm2022/root_effect_sc
heduler.mjs:2290:38)
      at node_modules/
@angular/core/fesm2022
/root_effect_scheduler
.mjs:2187:47
      at runInInjector
ProfilerContext (node_
modules/@angular/core/
fesm2022/root_effect_s
cheduler.mjs:746:9)
      at 
R3Injector.hydrate (no
de_modules/@angular/co
re/fesm2022/root_effec
t_scheduler.mjs:2185:2
1)
      at 
R3Injector.get (node_m
odules/@angular/core/f
esm2022/root_effect_sc
heduler.mjs:2033:33)
      at 
R3Injector.retrieve (n
ode_modules/@angular/c
ore/fesm2022/root_effe
ct_scheduler.mjs:1929:
25)
      at 
injectInjectorOnly (no
de_modules/@angular/co
re/fesm2022/root_effec
t_scheduler.mjs:1046:3
9)
      at ╔╡╔╡inject (n
ode_modules/@angular/c
ore/fesm2022/root_effe
ct_scheduler.mjs:1058:
42)
      at inject (node_
modules/@angular/core/
fesm2022/root_effect_s
cheduler.mjs:1144:12)
      at new _NgZoneCh
angeDetectionScheduler
 (node_modules/@angula
r/core/fesm2022/debug_
node.mjs:30548:12)
      at Object.NgZone
ChangeDetectionSchedul
er_Factory [as 
factory] (node_modules
/@angular/core/fesm202
2/debug_node.mjs:30580
:95)
      at node_modules/
@angular/core/fesm2022
/root_effect_scheduler
.mjs:2187:47
      at runInInjector
ProfilerContext (node_
modules/@angular/core/
fesm2022/root_effect_s
cheduler.mjs:746:9)
      at 
R3Injector.hydrate (no
de_modules/@angular/co
re/fesm2022/root_effec
t_scheduler.mjs:2185:2
1)
      at 
R3Injector.get (node_m
odules/@angular/core/f
esm2022/root_effect_sc
heduler.mjs:2033:33)
      at 
R3Injector.retrieve (n
ode_modules/@angular/c
ore/fesm2022/root_effe
ct_scheduler.mjs:1929:
25)
      at 
injectInjectorOnly (no
de_modules/@angular/co
re/fesm2022/root_effec
t_scheduler.mjs:1046:3
9)
      at ╔╡╔╡inject (n
ode_modules/@angular/c
ore/fesm2022/root_effe
ct_scheduler.mjs:1058:
42)
      at inject (node_
modules/@angular/core/
fesm2022/root_effect_s
cheduler.mjs:1144:12)
      at 
Object.useFactory (nod
e_modules/@angular/cor
e/fesm2022/debug_node.
mjs:30600:56)
      at 
Object.factory (node_m
odules/@angular/core/f
esm2022/root_effect_sc
heduler.mjs:2290:38)
      at node_modules/
@angular/core/fesm2022
/root_effect_scheduler
.mjs:2187:47
      at runInInjector
ProfilerContext (node_
modules/@angular/core/
fesm2022/root_effect_s
cheduler.mjs:746:9)
      at 
R3Injector.hydrate (no
de_modules/@angular/co
re/fesm2022/root_effec
t_scheduler.mjs:2185:2
1)
      at 
R3Injector.get (node_m
odules/@angular/core/f
esm2022/root_effect_sc
heduler.mjs:2033:33)
      at 
R3Injector.retrieve (n
ode_modules/@angular/c
ore/fesm2022/root_effe
ct_scheduler.mjs:1929:
25)
      at 
injectInjectorOnly (no
de_modules/@angular/co
re/fesm2022/root_effec
t_scheduler.mjs:1046:3
9)
      at ╔╡╔╡inject (n
ode_modules/@angular/c
ore/fesm2022/root_effe
ct_scheduler.mjs:1058:
42)
      at injectArgs (n
ode_modules/@angular/c
ore/fesm2022/root_effe
ct_scheduler.mjs:1198:
23)
      at Object.multiR
ecord.factory (node_mo
dules/@angular/core/fe
sm2022/root_effect_sch
eduler.mjs:2160:45)
      at node_modules/
@angular/core/fesm2022
/root_effect_scheduler
.mjs:2187:47
      at runInInjector
ProfilerContext (node_
modules/@angular/core/
fesm2022/root_effect_s
cheduler.mjs:746:9)
      at 
R3Injector.hydrate (no
de_modules/@angular/co
re/fesm2022/root_effec
t_scheduler.mjs:2185:2
1)
      at 
R3Injector.get (node_m
odules/@angular/core/f
esm2022/root_effect_sc
heduler.mjs:2033:33)
      at R3Injector.re
solveInjectorInitializ
ers (node_modules/@ang
ular/core/fesm2022/roo
t_effect_scheduler.mjs
:2098:39)
      at NgModuleRef2.
resolveInjectorInitial
izers (node_modules/@a
ngular/core/fesm2022/d
ebug_node.mjs:15099:26
)
      at new 
NgModuleRef2 (node_mod
ules/@angular/core/fes
m2022/debug_node.mjs:1
5095:18)
      at TestBedCompil
er.finalize (node_modu
les/@angular/core/fesm
2022/testing.mjs:1026:
30)
      at 
_TestBedImpl.get 
testModuleRef [as 
testModuleRef] (node_m
odules/@angular/core/f
esm2022/testing.mjs:20
93:49)
      at 
_TestBedImpl.inject (n
ode_modules/@angular/c
ore/fesm2022/testing.m
js:2004:29)
      at _TestBedImpl.
createComponent (node_
modules/@angular/core/
fesm2022/testing.mjs:2
058:44)
      at _TestBedImpl.
createComponent (node_
modules/@angular/core/
fesm2022/testing.mjs:1
854:37)
      at 
Object.<anonymous> (sr
c/app/dm-toolkit/comba
t-manager/combat-manag
er.component.spec.ts:2
3:27)

  ΓùÅ CombatManagerCom
ponent ΓÇ║ 
_isNavigable Method 
ΓÇ║ should return 
false for leaf 
templates (entityId 
with no navigable 
children)

    TypeError: Cannot 
read properties of 
undefined (reading 
'verify')

    [0m [90m 40 
|[39m
     [90m 41 |[39m  
   afterEach(() 
[33m=>[39m {
    [31m[1m>[22m[3
9m[90m 42 |[39m     
    httpMock[33m.[39
mverify()[33m;[39m
     [90m    |[39m  
                
[31m[1m^[22m[39m
     [90m 43 |[39m  
   })[33m;[39m
     [90m 44 |[39m
     [90m 45 |[39m  
   describe([32m'Comp
onent Initialization'
[39m[33m,[39m () 
[33m=>[39m {[0m

      at 
Object.<anonymous> (sr
c/app/dm-toolkit/comba
t-manager/combat-manag
er.component.spec.ts:4
2:18)

  ΓùÅ CombatManagerCom
ponent ΓÇ║ topLevelCat
egoryOptions Computed 
Signal ΓÇ║ should 
return Custom and 
Find when no codex 
data

    NG0908: In this 
configuration Angular 
requires Zone.js

    [0m [90m 21 
|[39m         })[33m
.[39mcompileComponent
s()[33m;[39m
     [90m 22 |[39m
    [31m[1m>[22m[3
9m[90m 23 |[39m     
    fixture 
[33m=[39m [33mTestB
ed[39m[33m.[39mcrea
teComponent([33mComba
tManagerComponent[39m
)[33m;[39m
     [90m    |[39m  
                      
   
[31m[1m^[22m[39m
     [90m 24 |[39m  
       component 
[33m=[39m fixture[3
3m.[39mcomponentInsta
nce[33m;[39m
     [90m 25 |[39m  
       httpMock 
[33m=[39m [33mTestB
ed[39m[33m.[39minje
ct([33mHttpTestingCon
troller[39m)[33m;[3
9m
     [90m 26 
|[39m[0m

      at new NgZone (n
ode_modules/@angular/c
ore/fesm2022/debug_nod
e.mjs:16642:19)
      at 
Object.ngZoneFactory 
[as useFactory] (node_
modules/@angular/core/
fesm2022/debug_node.mj
s:30593:29)
      at 
Object.factory (node_m
odules/@angular/core/f
esm2022/root_effect_sc
heduler.mjs:2290:38)
      at node_modules/
@angular/core/fesm2022
/root_effect_scheduler
.mjs:2187:47
      at runInInjector
ProfilerContext (node_
modules/@angular/core/
fesm2022/root_effect_s
cheduler.mjs:746:9)
      at 
R3Injector.hydrate (no
de_modules/@angular/co
re/fesm2022/root_effec
t_scheduler.mjs:2185:2
1)
      at 
R3Injector.get (node_m
odules/@angular/core/f
esm2022/root_effect_sc
heduler.mjs:2033:33)
      at 
R3Injector.retrieve (n
ode_modules/@angular/c
ore/fesm2022/root_effe
ct_scheduler.mjs:1929:
25)
      at 
injectInjectorOnly (no
de_modules/@angular/co
re/fesm2022/root_effec
t_scheduler.mjs:1046:3
9)
      at ╔╡╔╡inject (n
ode_modules/@angular/c
ore/fesm2022/root_effe
ct_scheduler.mjs:1058:
42)
      at inject (node_
modules/@angular/core/
fesm2022/root_effect_s
cheduler.mjs:1144:12)
      at new _NgZoneCh
angeDetectionScheduler
 (node_modules/@angula
r/core/fesm2022/debug_
node.mjs:30548:12)
      at Object.NgZone
ChangeDetectionSchedul
er_Factory [as 
factory] (node_modules
/@angular/core/fesm202
2/debug_node.mjs:30580
:95)
      at node_modules/
@angular/core/fesm2022
/root_effect_scheduler
.mjs:2187:47
      at runInInjector
ProfilerContext (node_
modules/@angular/core/
fesm2022/root_effect_s
cheduler.mjs:746:9)
      at 
R3Injector.hydrate (no
de_modules/@angular/co
re/fesm2022/root_effec
t_scheduler.mjs:2185:2
1)
      at 
R3Injector.get (node_m
odules/@angular/core/f
esm2022/root_effect_sc
heduler.mjs:2033:33)
      at 
R3Injector.retrieve (n
ode_modules/@angular/c
ore/fesm2022/root_effe
ct_scheduler.mjs:1929:
25)
      at 
injectInjectorOnly (no
de_modules/@angular/co
re/fesm2022/root_effec
t_scheduler.mjs:1046:3
9)
      at ╔╡╔╡inject (n
ode_modules/@angular/c
ore/fesm2022/root_effe
ct_scheduler.mjs:1058:
42)
      at inject (node_
modules/@angular/core/
fesm2022/root_effect_s
cheduler.mjs:1144:12)
      at 
Object.useFactory (nod
e_modules/@angular/cor
e/fesm2022/debug_node.
mjs:30600:56)
      at 
Object.factory (node_m
odules/@angular/core/f
esm2022/root_effect_sc
heduler.mjs:2290:38)
      at node_modules/
@angular/core/fesm2022
/root_effect_scheduler
.mjs:2187:47
      at runInInjector
ProfilerContext (node_
modules/@angular/core/
fesm2022/root_effect_s
cheduler.mjs:746:9)
      at 
R3Injector.hydrate (no
de_modules/@angular/co
re/fesm2022/root_effec
t_scheduler.mjs:2185:2
1)
      at 
R3Injector.get (node_m
odules/@angular/core/f
esm2022/root_effect_sc
heduler.mjs:2033:33)
      at 
R3Injector.retrieve (n
ode_modules/@angular/c
ore/fesm2022/root_effe
ct_scheduler.mjs:1929:
25)
      at 
injectInjectorOnly (no
de_modules/@angular/co
re/fesm2022/root_effec
t_scheduler.mjs:1046:3
9)
      at ╔╡╔╡inject (n
ode_modules/@angular/c
ore/fesm2022/root_effe
ct_scheduler.mjs:1058:
42)
      at injectArgs (n
ode_modules/@angular/c
ore/fesm2022/root_effe
ct_scheduler.mjs:1198:
23)
      at Object.multiR
ecord.factory (node_mo
dules/@angular/core/fe
sm2022/root_effect_sch
eduler.mjs:2160:45)
      at node_modules/
@angular/core/fesm2022
/root_effect_scheduler
.mjs:2187:47
      at runInInjector
ProfilerContext (node_
modules/@angular/core/
fesm2022/root_effect_s
cheduler.mjs:746:9)
      at 
R3Injector.hydrate (no
de_modules/@angular/co
re/fesm2022/root_effec
t_scheduler.mjs:2185:2
1)
      at 
R3Injector.get (node_m
odules/@angular/core/f
esm2022/root_effect_sc
heduler.mjs:2033:33)
      at R3Injector.re
solveInjectorInitializ
ers (node_modules/@ang
ular/core/fesm2022/roo
t_effect_scheduler.mjs
:2098:39)
      at NgModuleRef2.
resolveInjectorInitial
izers (node_modules/@a
ngular/core/fesm2022/d
ebug_node.mjs:15099:26
)
      at new 
NgModuleRef2 (node_mod
ules/@angular/core/fes
m2022/debug_node.mjs:1
5095:18)
      at TestBedCompil
er.finalize (node_modu
les/@angular/core/fesm
2022/testing.mjs:1026:
30)
      at 
_TestBedImpl.get 
testModuleRef [as 
testModuleRef] (node_m
odules/@angular/core/f
esm2022/testing.mjs:20
93:49)
      at 
_TestBedImpl.inject (n
ode_modules/@angular/c
ore/fesm2022/testing.m
js:2004:29)
      at _TestBedImpl.
createComponent (node_
modules/@angular/core/
fesm2022/testing.mjs:2
058:44)
      at _TestBedImpl.
createComponent (node_
modules/@angular/core/
fesm2022/testing.mjs:1
854:37)
      at 
Object.<anonymous> (sr
c/app/dm-toolkit/comba
t-manager/combat-manag
er.component.spec.ts:2
3:27)

  ΓùÅ CombatManagerCom
ponent ΓÇ║ topLevelCat
egoryOptions Computed 
Signal ΓÇ║ should 
return Custom and 
Find when no codex 
data

    TypeError: Cannot 
read properties of 
undefined (reading 
'verify')

    [0m [90m 40 
|[39m
     [90m 41 |[39m  
   afterEach(() 
[33m=>[39m {
    [31m[1m>[22m[3
9m[90m 42 |[39m     
    httpMock[33m.[39
mverify()[33m;[39m
     [90m    |[39m  
                
[31m[1m^[22m[39m
     [90m 43 |[39m  
   })[33m;[39m
     [90m 44 |[39m
     [90m 45 |[39m  
   describe([32m'Comp
onent Initialization'
[39m[33m,[39m () 
[33m=>[39m {[0m

      at 
Object.<anonymous> (sr
c/app/dm-toolkit/comba
t-manager/combat-manag
er.component.spec.ts:4
2:18)

  ΓùÅ CombatManagerCom
ponent ΓÇ║ topLevelCat
egoryOptions Computed 
Signal ΓÇ║ should 
include sources 
marked with 
isCombatManagerSource

    NG0908: In this 
configuration Angular 
requires Zone.js

    [0m [90m 21 
|[39m         })[33m
.[39mcompileComponent
s()[33m;[39m
     [90m 22 |[39m
    [31m[1m>[22m[3
9m[90m 23 |[39m     
    fixture 
[33m=[39m [33mTestB
ed[39m[33m.[39mcrea
teComponent([33mComba
tManagerComponent[39m
)[33m;[39m
     [90m    |[39m  
                      
   
[31m[1m^[22m[39m
     [90m 24 |[39m  
       component 
[33m=[39m fixture[3
3m.[39mcomponentInsta
nce[33m;[39m
     [90m 25 |[39m  
       httpMock 
[33m=[39m [33mTestB
ed[39m[33m.[39minje
ct([33mHttpTestingCon
troller[39m)[33m;[3
9m
     [90m 26 
|[39m[0m

      at new NgZone (n
ode_modules/@angular/c
ore/fesm2022/debug_nod
e.mjs:16642:19)
      at 
Object.ngZoneFactory 
[as useFactory] (node_
modules/@angular/core/
fesm2022/debug_node.mj
s:30593:29)
      at 
Object.factory (node_m
odules/@angular/core/f
esm2022/root_effect_sc
heduler.mjs:2290:38)
      at node_modules/
@angular/core/fesm2022
/root_effect_scheduler
.mjs:2187:47
      at runInInjector
ProfilerContext (node_
modules/@angular/core/
fesm2022/root_effect_s
cheduler.mjs:746:9)
      at 
R3Injector.hydrate (no
de_modules/@angular/co
re/fesm2022/root_effec
t_scheduler.mjs:2185:2
1)
      at 
R3Injector.get (node_m
odules/@angular/core/f
esm2022/root_effect_sc
heduler.mjs:2033:33)
      at 
R3Injector.retrieve (n
ode_modules/@angular/c
ore/fesm2022/root_effe
ct_scheduler.mjs:1929:
25)
      at 
injectInjectorOnly (no
de_modules/@angular/co
re/fesm2022/root_effec
t_scheduler.mjs:1046:3
9)
      at ╔╡╔╡inject (n
ode_modules/@angular/c
ore/fesm2022/root_effe
ct_scheduler.mjs:1058:
42)
      at inject (node_
modules/@angular/core/
fesm2022/root_effect_s
cheduler.mjs:1144:12)
      at new _NgZoneCh
angeDetectionScheduler
 (node_modules/@angula
r/core/fesm2022/debug_
node.mjs:30548:12)
      at Object.NgZone
ChangeDetectionSchedul
er_Factory [as 
factory] (node_modules
/@angular/core/fesm202
2/debug_node.mjs:30580
:95)
      at node_modules/
@angular/core/fesm2022
/root_effect_scheduler
.mjs:2187:47
      at runInInjector
ProfilerContext (node_
modules/@angular/core/
fesm2022/root_effect_s
cheduler.mjs:746:9)
      at 
R3Injector.hydrate (no
de_modules/@angular/co
re/fesm2022/root_effec
t_scheduler.mjs:2185:2
1)
      at 
R3Injector.get (node_m
odules/@angular/core/f
esm2022/root_effect_sc
heduler.mjs:2033:33)
      at 
R3Injector.retrieve (n
ode_modules/@angular/c
ore/fesm2022/root_effe
ct_scheduler.mjs:1929:
25)
      at 
injectInjectorOnly (no
de_modules/@angular/co
re/fesm2022/root_effec
t_scheduler.mjs:1046:3
9)
      at ╔╡╔╡inject (n
ode_modules/@angular/c
ore/fesm2022/root_effe
ct_scheduler.mjs:1058:
42)
      at inject (node_
modules/@angular/core/
fesm2022/root_effect_s
cheduler.mjs:1144:12)
      at 
Object.useFactory (nod
e_modules/@angular/cor
e/fesm2022/debug_node.
mjs:30600:56)
      at 
Object.factory (node_m
odules/@angular/core/f
esm2022/root_effect_sc
heduler.mjs:2290:38)
      at node_modules/
@angular/core/fesm2022
/root_effect_scheduler
.mjs:2187:47
      at runInInjector
ProfilerContext (node_
modules/@angular/core/
fesm2022/root_effect_s
cheduler.mjs:746:9)
      at 
R3Injector.hydrate (no
de_modules/@angular/co
re/fesm2022/root_effec
t_scheduler.mjs:2185:2
1)
      at 
R3Injector.get (node_m
odules/@angular/core/f
esm2022/root_effect_sc
heduler.mjs:2033:33)
      at 
R3Injector.retrieve (n
ode_modules/@angular/c
ore/fesm2022/root_effe
ct_scheduler.mjs:1929:
25)
      at 
injectInjectorOnly (no
de_modules/@angular/co
re/fesm2022/root_effec
t_scheduler.mjs:1046:3
9)
      at ╔╡╔╡inject (n
ode_modules/@angular/c
ore/fesm2022/root_effe
ct_scheduler.mjs:1058:
42)
      at injectArgs (n
ode_modules/@angular/c
ore/fesm2022/root_effe
ct_scheduler.mjs:1198:
23)
      at Object.multiR
ecord.factory (node_mo
dules/@angular/core/fe
sm2022/root_effect_sch
eduler.mjs:2160:45)
      at node_modules/
@angular/core/fesm2022
/root_effect_scheduler
.mjs:2187:47
      at runInInjector
ProfilerContext (node_
modules/@angular/core/
fesm2022/root_effect_s
cheduler.mjs:746:9)
      at 
R3Injector.hydrate (no
de_modules/@angular/co
re/fesm2022/root_effec
t_scheduler.mjs:2185:2
1)
      at 
R3Injector.get (node_m
odules/@angular/core/f
esm2022/root_effect_sc
heduler.mjs:2033:33)
      at R3Injector.re
solveInjectorInitializ
ers (node_modules/@ang
ular/core/fesm2022/roo
t_effect_scheduler.mjs
:2098:39)
      at NgModuleRef2.
resolveInjectorInitial
izers (node_modules/@a
ngular/core/fesm2022/d
ebug_node.mjs:15099:26
)
      at new 
NgModuleRef2 (node_mod
ules/@angular/core/fes
m2022/debug_node.mjs:1
5095:18)
      at TestBedCompil
er.finalize (node_modu
les/@angular/core/fesm
2022/testing.mjs:1026:
30)
      at 
_TestBedImpl.get 
testModuleRef [as 
testModuleRef] (node_m
odules/@angular/core/f
esm2022/testing.mjs:20
93:49)
      at 
_TestBedImpl.inject (n
ode_modules/@angular/c
ore/fesm2022/testing.m
js:2004:29)
      at _TestBedImpl.
createComponent (node_
modules/@angular/core/
fesm2022/testing.mjs:2
058:44)
      at _TestBedImpl.
createComponent (node_
modules/@angular/core/
fesm2022/testing.mjs:1
854:37)
      at 
Object.<anonymous> (sr
c/app/dm-toolkit/comba
t-manager/combat-manag
er.component.spec.ts:2
3:27)

  ΓùÅ CombatManagerCom
ponent ΓÇ║ topLevelCat
egoryOptions Computed 
Signal ΓÇ║ should 
include sources 
marked with 
isCombatManagerSource

    TypeError: Cannot 
read properties of 
undefined (reading 
'verify')

    [0m [90m 40 
|[39m
     [90m 41 |[39m  
   afterEach(() 
[33m=>[39m {
    [31m[1m>[22m[3
9m[90m 42 |[39m     
    httpMock[33m.[39
mverify()[33m;[39m
     [90m    |[39m  
                
[31m[1m^[22m[39m
     [90m 43 |[39m  
   })[33m;[39m
     [90m 44 |[39m
     [90m 45 |[39m  
   describe([32m'Comp
onent Initialization'
[39m[33m,[39m () 
[33m=>[39m {[0m

      at 
Object.<anonymous> (sr
c/app/dm-toolkit/comba
t-manager/combat-manag
er.component.spec.ts:4
2:18)

  ΓùÅ CombatManagerCom
ponent ΓÇ║ topLevelCat
egoryOptions Computed 
Signal ΓÇ║ should 
sort sources 
alphabetically

    NG0908: In this 
configuration Angular 
requires Zone.js

    [0m [90m 21 
|[39m         })[33m
.[39mcompileComponent
s()[33m;[39m
     [90m 22 |[39m
    [31m[1m>[22m[3
9m[90m 23 |[39m     
    fixture 
[33m=[39m [33mTestB
ed[39m[33m.[39mcrea
teComponent([33mComba
tManagerComponent[39m
)[33m;[39m
     [90m    |[39m  
                      
   
[31m[1m^[22m[39m
     [90m 24 |[39m  
       component 
[33m=[39m fixture[3
3m.[39mcomponentInsta
nce[33m;[39m
     [90m 25 |[39m  
       httpMock 
[33m=[39m [33mTestB
ed[39m[33m.[39minje
ct([33mHttpTestingCon
troller[39m)[33m;[3
9m
     [90m 26 
|[39m[0m

      at new NgZone (n
ode_modules/@angular/c
ore/fesm2022/debug_nod
e.mjs:16642:19)
      at 
Object.ngZoneFactory 
[as useFactory] (node_
modules/@angular/core/
fesm2022/debug_node.mj
s:30593:29)
      at 
Object.factory (node_m
odules/@angular/core/f
esm2022/root_effect_sc
heduler.mjs:2290:38)
      at node_modules/
@angular/core/fesm2022
/root_effect_scheduler
.mjs:2187:47
      at runInInjector
ProfilerContext (node_
modules/@angular/core/
fesm2022/root_effect_s
cheduler.mjs:746:9)
      at 
R3Injector.hydrate (no
de_modules/@angular/co
re/fesm2022/root_effec
t_scheduler.mjs:2185:2
1)
      at 
R3Injector.get (node_m
odules/@angular/core/f
esm2022/root_effect_sc
heduler.mjs:2033:33)
      at 
R3Injector.retrieve (n
ode_modules/@angular/c
ore/fesm2022/root_effe
ct_scheduler.mjs:1929:
25)
      at 
injectInjectorOnly (no
de_modules/@angular/co
re/fesm2022/root_effec
t_scheduler.mjs:1046:3
9)
      at ╔╡╔╡inject (n
ode_modules/@angular/c
ore/fesm2022/root_effe
ct_scheduler.mjs:1058:
42)
      at inject (node_
modules/@angular/core/
fesm2022/root_effect_s
cheduler.mjs:1144:12)
      at new _NgZoneCh
angeDetectionScheduler
 (node_modules/@angula
r/core/fesm2022/debug_
node.mjs:30548:12)
      at Object.NgZone
ChangeDetectionSchedul
er_Factory [as 
factory] (node_modules
/@angular/core/fesm202
2/debug_node.mjs:30580
:95)
      at node_modules/
@angular/core/fesm2022
/root_effect_scheduler
.mjs:2187:47
      at runInInjector
ProfilerContext (node_
modules/@angular/core/
fesm2022/root_effect_s
cheduler.mjs:746:9)
      at 
R3Injector.hydrate (no
de_modules/@angular/co
re/fesm2022/root_effec
t_scheduler.mjs:2185:2
1)
      at 
R3Injector.get (node_m
odules/@angular/core/f
esm2022/root_effect_sc
heduler.mjs:2033:33)
      at 
R3Injector.retrieve (n
ode_modules/@angular/c
ore/fesm2022/root_effe
ct_scheduler.mjs:1929:
25)
      at 
injectInjectorOnly (no
de_modules/@angular/co
re/fesm2022/root_effec
t_scheduler.mjs:1046:3
9)
      at ╔╡╔╡inject (n
ode_modules/@angular/c
ore/fesm2022/root_effe
ct_scheduler.mjs:1058:
42)
      at inject (node_
modules/@angular/core/
fesm2022/root_effect_s
cheduler.mjs:1144:12)
      at 
Object.useFactory (nod
e_modules/@angular/cor
e/fesm2022/debug_node.
mjs:30600:56)
      at 
Object.factory (node_m
odules/@angular/core/f
esm2022/root_effect_sc
heduler.mjs:2290:38)
      at node_modules/
@angular/core/fesm2022
/root_effect_scheduler
.mjs:2187:47
      at runInInjector
ProfilerContext (node_
modules/@angular/core/
fesm2022/root_effect_s
cheduler.mjs:746:9)
      at 
R3Injector.hydrate (no
de_modules/@angular/co
re/fesm2022/root_effec
t_scheduler.mjs:2185:2
1)
      at 
R3Injector.get (node_m
odules/@angular/core/f
esm2022/root_effect_sc
heduler.mjs:2033:33)
      at 
R3Injector.retrieve (n
ode_modules/@angular/c
ore/fesm2022/root_effe
ct_scheduler.mjs:1929:
25)
      at 
injectInjectorOnly (no
de_modules/@angular/co
re/fesm2022/root_effec
t_scheduler.mjs:1046:3
9)
      at ╔╡╔╡inject (n
ode_modules/@angular/c
ore/fesm2022/root_effe
ct_scheduler.mjs:1058:
42)
      at injectArgs (n
ode_modules/@angular/c
ore/fesm2022/root_effe
ct_scheduler.mjs:1198:
23)
      at Object.multiR
ecord.factory (node_mo
dules/@angular/core/fe
sm2022/root_effect_sch
eduler.mjs:2160:45)
      at node_modules/
@angular/core/fesm2022
/root_effect_scheduler
.mjs:2187:47
      at runInInjector
ProfilerContext (node_
modules/@angular/core/
fesm2022/root_effect_s
cheduler.mjs:746:9)
      at 
R3Injector.hydrate (no
de_modules/@angular/co
re/fesm2022/root_effec
t_scheduler.mjs:2185:2
1)
      at 
R3Injector.get (node_m
odules/@angular/core/f
esm2022/root_effect_sc
heduler.mjs:2033:33)
      at R3Injector.re
solveInjectorInitializ
ers (node_modules/@ang
ular/core/fesm2022/roo
t_effect_scheduler.mjs
:2098:39)
      at NgModuleRef2.
resolveInjectorInitial
izers (node_modules/@a
ngular/core/fesm2022/d
ebug_node.mjs:15099:26
)
      at new 
NgModuleRef2 (node_mod
ules/@angular/core/fes
m2022/debug_node.mjs:1
5095:18)
      at TestBedCompil
er.finalize (node_modu
les/@angular/core/fesm
2022/testing.mjs:1026:
30)
      at 
_TestBedImpl.get 
testModuleRef [as 
testModuleRef] (node_m
odules/@angular/core/f
esm2022/testing.mjs:20
93:49)
      at 
_TestBedImpl.inject (n
ode_modules/@angular/c
ore/fesm2022/testing.m
js:2004:29)
      at _TestBedImpl.
createComponent (node_
modules/@angular/core/
fesm2022/testing.mjs:2
058:44)
      at _TestBedImpl.
createComponent (node_
modules/@angular/core/
fesm2022/testing.mjs:1
854:37)
      at 
Object.<anonymous> (sr
c/app/dm-toolkit/comba
t-manager/combat-manag
er.component.spec.ts:2
3:27)

  ΓùÅ CombatManagerCom
ponent ΓÇ║ topLevelCat
egoryOptions Computed 
Signal ΓÇ║ should 
sort sources 
alphabetically

    TypeError: Cannot 
read properties of 
undefined (reading 
'verify')

    [0m [90m 40 
|[39m
     [90m 41 |[39m  
   afterEach(() 
[33m=>[39m {
    [31m[1m>[22m[3
9m[90m 42 |[39m     
    httpMock[33m.[39
mverify()[33m;[39m
     [90m    |[39m  
                
[31m[1m^[22m[39m
     [90m 43 |[39m  
   })[33m;[39m
     [90m 44 |[39m
     [90m 45 |[39m  
   describe([32m'Comp
onent Initialization'
[39m[33m,[39m () 
[33m=>[39m {[0m

      at 
Object.<anonymous> (sr
c/app/dm-toolkit/comba
t-manager/combat-manag
er.component.spec.ts:4
2:18)

  ΓùÅ CombatManagerCom
ponent ΓÇ║ Template 
Detection Logic ΓÇ║ 
should extract 
templates from child 
objects

    NG0908: In this 
configuration Angular 
requires Zone.js

    [0m [90m 21 
|[39m         })[33m
.[39mcompileComponent
s()[33m;[39m
     [90m 22 |[39m
    [31m[1m>[22m[3
9m[90m 23 |[39m     
    fixture 
[33m=[39m [33mTestB
ed[39m[33m.[39mcrea
teComponent([33mComba
tManagerComponent[39m
)[33m;[39m
     [90m    |[39m  
                      
   
[31m[1m^[22m[39m
     [90m 24 |[39m  
       component 
[33m=[39m fixture[3
3m.[39mcomponentInsta
nce[33m;[39m
     [90m 25 |[39m  
       httpMock 
[33m=[39m [33mTestB
ed[39m[33m.[39minje
ct([33mHttpTestingCon
troller[39m)[33m;[3
9m
     [90m 26 
|[39m[0m

      at new NgZone (n
ode_modules/@angular/c
ore/fesm2022/debug_nod
e.mjs:16642:19)
      at 
Object.ngZoneFactory 
[as useFactory] (node_
modules/@angular/core/
fesm2022/debug_node.mj
s:30593:29)
      at 
Object.factory (node_m
odules/@angular/core/f
esm2022/root_effect_sc
heduler.mjs:2290:38)
      at node_modules/
@angular/core/fesm2022
/root_effect_scheduler
.mjs:2187:47
      at runInInjector
ProfilerContext (node_
modules/@angular/core/
fesm2022/root_effect_s
cheduler.mjs:746:9)
      at 
R3Injector.hydrate (no
de_modules/@angular/co
re/fesm2022/root_effec
t_scheduler.mjs:2185:2
1)
      at 
R3Injector.get (node_m
odules/@angular/core/f
esm2022/root_effect_sc
heduler.mjs:2033:33)
      at 
R3Injector.retrieve (n
ode_modules/@angular/c
ore/fesm2022/root_effe
ct_scheduler.mjs:1929:
25)
      at 
injectInjectorOnly (no
de_modules/@angular/co
re/fesm2022/root_effec
t_scheduler.mjs:1046:3
9)
      at ╔╡╔╡inject (n
ode_modules/@angular/c
ore/fesm2022/root_effe
ct_scheduler.mjs:1058:
42)
      at inject (node_
modules/@angular/core/
fesm2022/root_effect_s
cheduler.mjs:1144:12)
      at new _NgZoneCh
angeDetectionScheduler
 (node_modules/@angula
r/core/fesm2022/debug_
node.mjs:30548:12)
      at Object.NgZone
ChangeDetectionSchedul
er_Factory [as 
factory] (node_modules
/@angular/core/fesm202
2/debug_node.mjs:30580
:95)
      at node_modules/
@angular/core/fesm2022
/root_effect_scheduler
.mjs:2187:47
      at runInInjector
ProfilerContext (node_
modules/@angular/core/
fesm2022/root_effect_s
cheduler.mjs:746:9)
      at 
R3Injector.hydrate (no
de_modules/@angular/co
re/fesm2022/root_effec
t_scheduler.mjs:2185:2
1)
      at 
R3Injector.get (node_m
odules/@angular/core/f
esm2022/root_effect_sc
heduler.mjs:2033:33)
      at 
R3Injector.retrieve (n
ode_modules/@angular/c
ore/fesm2022/root_effe
ct_scheduler.mjs:1929:
25)
      at 
injectInjectorOnly (no
de_modules/@angular/co
re/fesm2022/root_effec
t_scheduler.mjs:1046:3
9)
      at ╔╡╔╡inject (n
ode_modules/@angular/c
ore/fesm2022/root_effe
ct_scheduler.mjs:1058:
42)
      at inject (node_
modules/@angular/core/
fesm2022/root_effect_s
cheduler.mjs:1144:12)
      at 
Object.useFactory (nod
e_modules/@angular/cor
e/fesm2022/debug_node.
mjs:30600:56)
      at 
Object.factory (node_m
odules/@angular/core/f
esm2022/root_effect_sc
heduler.mjs:2290:38)
      at node_modules/
@angular/core/fesm2022
/root_effect_scheduler
.mjs:2187:47
      at runInInjector
ProfilerContext (node_
modules/@angular/core/
fesm2022/root_effect_s
cheduler.mjs:746:9)
      at 
R3Injector.hydrate (no
de_modules/@angular/co
re/fesm2022/root_effec
t_scheduler.mjs:2185:2
1)
      at 
R3Injector.get (node_m
odules/@angular/core/f
esm2022/root_effect_sc
heduler.mjs:2033:33)
      at 
R3Injector.retrieve (n
ode_modules/@angular/c
ore/fesm2022/root_effe
ct_scheduler.mjs:1929:
25)
      at 
injectInjectorOnly (no
de_modules/@angular/co
re/fesm2022/root_effec
t_scheduler.mjs:1046:3
9)
      at ╔╡╔╡inject (n
ode_modules/@angular/c
ore/fesm2022/root_effe
ct_scheduler.mjs:1058:
42)
      at injectArgs (n
ode_modules/@angular/c
ore/fesm2022/root_effe
ct_scheduler.mjs:1198:
23)
      at Object.multiR
ecord.factory (node_mo
dules/@angular/core/fe
sm2022/root_effect_sch
eduler.mjs:2160:45)
      at node_modules/
@angular/core/fesm2022
/root_effect_scheduler
.mjs:2187:47
      at runInInjector
ProfilerContext (node_
modules/@angular/core/
fesm2022/root_effect_s
cheduler.mjs:746:9)
      at 
R3Injector.hydrate (no
de_modules/@angular/co
re/fesm2022/root_effec
t_scheduler.mjs:2185:2
1)
      at 
R3Injector.get (node_m
odules/@angular/core/f
esm2022/root_effect_sc
heduler.mjs:2033:33)
      at R3Injector.re
solveInjectorInitializ
ers (node_modules/@ang
ular/core/fesm2022/roo
t_effect_scheduler.mjs
:2098:39)
      at NgModuleRef2.
resolveInjectorInitial
izers (node_modules/@a
ngular/core/fesm2022/d
ebug_node.mjs:15099:26
)
      at new 
NgModuleRef2 (node_mod
ules/@angular/core/fes
m2022/debug_node.mjs:1
5095:18)
      at TestBedCompil
er.finalize (node_modu
les/@angular/core/fesm
2022/testing.mjs:1026:
30)
      at 
_TestBedImpl.get 
testModuleRef [as 
testModuleRef] (node_m
odules/@angular/core/f
esm2022/testing.mjs:20
93:49)
      at 
_TestBedImpl.inject (n
ode_modules/@angular/c
ore/fesm2022/testing.m
js:2004:29)
      at _TestBedImpl.
createComponent (node_
modules/@angular/core/
fesm2022/testing.mjs:2
058:44)
      at _TestBedImpl.
createComponent (node_
modules/@angular/core/
fesm2022/testing.mjs:1
854:37)
      at 
Object.<anonymous> (sr
c/app/dm-toolkit/comba
t-manager/combat-manag
er.component.spec.ts:2
3:27)

  ΓùÅ CombatManagerCom
ponent ΓÇ║ Template 
Detection Logic ΓÇ║ 
should extract 
templates from child 
objects

    TypeError: Cannot 
read properties of 
undefined (reading 
'verify')

    [0m [90m 40 
|[39m
     [90m 41 |[39m  
   afterEach(() 
[33m=>[39m {
    [31m[1m>[22m[3
9m[90m 42 |[39m     
    httpMock[33m.[39
mverify()[33m;[39m
     [90m    |[39m  
                
[31m[1m^[22m[39m
     [90m 43 |[39m  
   })[33m;[39m
     [90m 44 |[39m
     [90m 45 |[39m  
   describe([32m'Comp
onent Initialization'
[39m[33m,[39m () 
[33m=>[39m {[0m

      at 
Object.<anonymous> (sr
c/app/dm-toolkit/comba
t-manager/combat-manag
er.component.spec.ts:4
2:18)

  ΓùÅ CombatManagerCom
ponent ΓÇ║ Template 
Detection Logic ΓÇ║ 
should handle content 
arrays with 
non-rich-text

    NG0908: In this 
configuration Angular 
requires Zone.js

    [0m [90m 21 
|[39m         })[33m
.[39mcompileComponent
s()[33m;[39m
     [90m 22 |[39m
    [31m[1m>[22m[3
9m[90m 23 |[39m     
    fixture 
[33m=[39m [33mTestB
ed[39m[33m.[39mcrea
teComponent([33mComba
tManagerComponent[39m
)[33m;[39m
     [90m    |[39m  
                      
   
[31m[1m^[22m[39m
     [90m 24 |[39m  
       component 
[33m=[39m fixture[3
3m.[39mcomponentInsta
nce[33m;[39m
     [90m 25 |[39m  
       httpMock 
[33m=[39m [33mTestB
ed[39m[33m.[39minje
ct([33mHttpTestingCon
troller[39m)[33m;[3
9m
     [90m 26 
|[39m[0m

      at new NgZone (n
ode_modules/@angular/c
ore/fesm2022/debug_nod
e.mjs:16642:19)
      at 
Object.ngZoneFactory 
[as useFactory] (node_
modules/@angular/core/
fesm2022/debug_node.mj
s:30593:29)
      at 
Object.factory (node_m
odules/@angular/core/f
esm2022/root_effect_sc
heduler.mjs:2290:38)
      at node_modules/
@angular/core/fesm2022
/root_effect_scheduler
.mjs:2187:47
      at runInInjector
ProfilerContext (node_
modules/@angular/core/
fesm2022/root_effect_s
cheduler.mjs:746:9)
      at 
R3Injector.hydrate (no
de_modules/@angular/co
re/fesm2022/root_effec
t_scheduler.mjs:2185:2
1)
      at 
R3Injector.get (node_m
odules/@angular/core/f
esm2022/root_effect_sc
heduler.mjs:2033:33)
      at 
R3Injector.retrieve (n
ode_modules/@angular/c
ore/fesm2022/root_effe
ct_scheduler.mjs:1929:
25)
      at 
injectInjectorOnly (no
de_modules/@angular/co
re/fesm2022/root_effec
t_scheduler.mjs:1046:3
9)
      at ╔╡╔╡inject (n
ode_modules/@angular/c
ore/fesm2022/root_effe
ct_scheduler.mjs:1058:
42)
      at inject (node_
modules/@angular/core/
fesm2022/root_effect_s
cheduler.mjs:1144:12)
      at new _NgZoneCh
angeDetectionScheduler
 (node_modules/@angula
r/core/fesm2022/debug_
node.mjs:30548:12)
      at Object.NgZone
ChangeDetectionSchedul
er_Factory [as 
factory] (node_modules
/@angular/core/fesm202
2/debug_node.mjs:30580
:95)
      at node_modules/
@angular/core/fesm2022
/root_effect_scheduler
.mjs:2187:47
      at runInInjector
ProfilerContext (node_
modules/@angular/core/
fesm2022/root_effect_s
cheduler.mjs:746:9)
      at 
R3Injector.hydrate (no
de_modules/@angular/co
re/fesm2022/root_effec
t_scheduler.mjs:2185:2
1)
      at 
R3Injector.get (node_m
odules/@angular/core/f
esm2022/root_effect_sc
heduler.mjs:2033:33)
      at 
R3Injector.retrieve (n
ode_modules/@angular/c
ore/fesm2022/root_effe
ct_scheduler.mjs:1929:
25)
      at 
injectInjectorOnly (no
de_modules/@angular/co
re/fesm2022/root_effec
t_scheduler.mjs:1046:3
9)
      at ╔╡╔╡inject (n
ode_modules/@angular/c
ore/fesm2022/root_effe
ct_scheduler.mjs:1058:
42)
      at inject (node_
modules/@angular/core/
fesm2022/root_effect_s
cheduler.mjs:1144:12)
      at 
Object.useFactory (nod
e_modules/@angular/cor
e/fesm2022/debug_node.
mjs:30600:56)
      at 
Object.factory (node_m
odules/@angular/core/f
esm2022/root_effect_sc
heduler.mjs:2290:38)
      at node_modules/
@angular/core/fesm2022
/root_effect_scheduler
.mjs:2187:47
      at runInInjector
ProfilerContext (node_
modules/@angular/core/
fesm2022/root_effect_s
cheduler.mjs:746:9)
      at 
R3Injector.hydrate (no
de_modules/@angular/co
re/fesm2022/root_effec
t_scheduler.mjs:2185:2
1)
      at 
R3Injector.get (node_m
odules/@angular/core/f
esm2022/root_effect_sc
heduler.mjs:2033:33)
      at 
R3Injector.retrieve (n
ode_modules/@angular/c
ore/fesm2022/root_effe
ct_scheduler.mjs:1929:
25)
      at 
injectInjectorOnly (no
de_modules/@angular/co
re/fesm2022/root_effec
t_scheduler.mjs:1046:3
9)
      at ╔╡╔╡inject (n
ode_modules/@angular/c
ore/fesm2022/root_effe
ct_scheduler.mjs:1058:
42)
      at injectArgs (n
ode_modules/@angular/c
ore/fesm2022/root_effe
ct_scheduler.mjs:1198:
23)
      at Object.multiR
ecord.factory (node_mo
dules/@angular/core/fe
sm2022/root_effect_sch
eduler.mjs:2160:45)
      at node_modules/
@angular/core/fesm2022
/root_effect_scheduler
.mjs:2187:47
      at runInInjector
ProfilerContext (node_
modules/@angular/core/
fesm2022/root_effect_s
cheduler.mjs:746:9)
      at 
R3Injector.hydrate (no
de_modules/@angular/co
re/fesm2022/root_effec
t_scheduler.mjs:2185:2
1)
      at 
R3Injector.get (node_m
odules/@angular/core/f
esm2022/root_effect_sc
heduler.mjs:2033:33)
      at R3Injector.re
solveInjectorInitializ
ers (node_modules/@ang
ular/core/fesm2022/roo
t_effect_scheduler.mjs
:2098:39)
      at NgModuleRef2.
resolveInjectorInitial
izers (node_modules/@a
ngular/core/fesm2022/d
ebug_node.mjs:15099:26
)
      at new 
NgModuleRef2 (node_mod
ules/@angular/core/fes
m2022/debug_node.mjs:1
5095:18)
      at TestBedCompil
er.finalize (node_modu
les/@angular/core/fesm
2022/testing.mjs:1026:
30)
      at 
_TestBedImpl.get 
testModuleRef [as 
testModuleRef] (node_m
odules/@angular/core/f
esm2022/testing.mjs:20
93:49)
      at 
_TestBedImpl.inject (n
ode_modules/@angular/c
ore/fesm2022/testing.m
js:2004:29)
      at _TestBedImpl.
createComponent (node_
modules/@angular/core/
fesm2022/testing.mjs:2
058:44)
      at _TestBedImpl.
createComponent (node_
modules/@angular/core/
fesm2022/testing.mjs:1
854:37)
      at 
Object.<anonymous> (sr
c/app/dm-toolkit/comba
t-manager/combat-manag
er.component.spec.ts:2
3:27)

  ΓùÅ CombatManagerCom
ponent ΓÇ║ Template 
Detection Logic ΓÇ║ 
should handle content 
arrays with 
non-rich-text

    TypeError: Cannot 
read properties of 
undefined (reading 
'verify')

    [0m [90m 40 
|[39m
     [90m 41 |[39m  
   afterEach(() 
[33m=>[39m {
    [31m[1m>[22m[3
9m[90m 42 |[39m     
    httpMock[33m.[39
mverify()[33m;[39m
     [90m    |[39m  
                
[31m[1m^[22m[39m
     [90m 43 |[39m  
   })[33m;[39m
     [90m 44 |[39m
     [90m 45 |[39m  
   describe([32m'Comp
onent Initialization'
[39m[33m,[39m () 
[33m=>[39m {[0m

      at 
Object.<anonymous> (sr
c/app/dm-toolkit/comba
t-manager/combat-manag
er.component.spec.ts:4
2:18)

  ΓùÅ CombatManagerCom
ponent ΓÇ║ Template 
Detection Logic ΓÇ║ 
should ignore rich 
text content arrays

    NG0908: In this 
configuration Angular 
requires Zone.js

    [0m [90m 21 
|[39m         })[33m
.[39mcompileComponent
s()[33m;[39m
     [90m 22 |[39m
    [31m[1m>[22m[3
9m[90m 23 |[39m     
    fixture 
[33m=[39m [33mTestB
ed[39m[33m.[39mcrea
teComponent([33mComba
tManagerComponent[39m
)[33m;[39m
     [90m    |[39m  
                      
   
[31m[1m^[22m[39m
     [90m 24 |[39m  
       component 
[33m=[39m fixture[3
3m.[39mcomponentInsta
nce[33m;[39m
     [90m 25 |[39m  
       httpMock 
[33m=[39m [33mTestB
ed[39m[33m.[39minje
ct([33mHttpTestingCon
troller[39m)[33m;[3
9m
     [90m 26 
|[39m[0m

      at new NgZone (n
ode_modules/@angular/c
ore/fesm2022/debug_nod
e.mjs:16642:19)
      at 
Object.ngZoneFactory 
[as useFactory] (node_
modules/@angular/core/
fesm2022/debug_node.mj
s:30593:29)
      at 
Object.factory (node_m
odules/@angular/core/f
esm2022/root_effect_sc
heduler.mjs:2290:38)
      at node_modules/
@angular/core/fesm2022
/root_effect_scheduler
.mjs:2187:47
      at runInInjector
ProfilerContext (node_
modules/@angular/core/
fesm2022/root_effect_s
cheduler.mjs:746:9)
      at 
R3Injector.hydrate (no
de_modules/@angular/co
re/fesm2022/root_effec
t_scheduler.mjs:2185:2
1)
      at 
R3Injector.get (node_m
odules/@angular/core/f
esm2022/root_effect_sc
heduler.mjs:2033:33)
      at 
R3Injector.retrieve (n
ode_modules/@angular/c
ore/fesm2022/root_effe
ct_scheduler.mjs:1929:
25)
      at 
injectInjectorOnly (no
de_modules/@angular/co
re/fesm2022/root_effec
t_scheduler.mjs:1046:3
9)
      at ╔╡╔╡inject (n
ode_modules/@angular/c
ore/fesm2022/root_effe
ct_scheduler.mjs:1058:
42)
      at inject (node_
modules/@angular/core/
fesm2022/root_effect_s
cheduler.mjs:1144:12)
      at new _NgZoneCh
angeDetectionScheduler
 (node_modules/@angula
r/core/fesm2022/debug_
node.mjs:30548:12)
      at Object.NgZone
ChangeDetectionSchedul
er_Factory [as 
factory] (node_modules
/@angular/core/fesm202
2/debug_node.mjs:30580
:95)
      at node_modules/
@angular/core/fesm2022
/root_effect_scheduler
.mjs:2187:47
      at runInInjector
ProfilerContext (node_
modules/@angular/core/
fesm2022/root_effect_s
cheduler.mjs:746:9)
      at 
R3Injector.hydrate (no
de_modules/@angular/co
re/fesm2022/root_effec
t_scheduler.mjs:2185:2
1)
      at 
R3Injector.get (node_m
odules/@angular/core/f
esm2022/root_effect_sc
heduler.mjs:2033:33)
      at 
R3Injector.retrieve (n
ode_modules/@angular/c
ore/fesm2022/root_effe
ct_scheduler.mjs:1929:
25)
      at 
injectInjectorOnly (no
de_modules/@angular/co
re/fesm2022/root_effec
t_scheduler.mjs:1046:3
9)
      at ╔╡╔╡inject (n
ode_modules/@angular/c
ore/fesm2022/root_effe
ct_scheduler.mjs:1058:
42)
      at inject (node_
modules/@angular/core/
fesm2022/root_effect_s
cheduler.mjs:1144:12)
      at 
Object.useFactory (nod
e_modules/@angular/cor
e/fesm2022/debug_node.
mjs:30600:56)
      at 
Object.factory (node_m
odules/@angular/core/f
esm2022/root_effect_sc
heduler.mjs:2290:38)
      at node_modules/
@angular/core/fesm2022
/root_effect_scheduler
.mjs:2187:47
      at runInInjector
ProfilerContext (node_
modules/@angular/core/
fesm2022/root_effect_s
cheduler.mjs:746:9)
      at 
R3Injector.hydrate (no
de_modules/@angular/co
re/fesm2022/root_effec
t_scheduler.mjs:2185:2
1)
      at 
R3Injector.get (node_m
odules/@angular/core/f
esm2022/root_effect_sc
heduler.mjs:2033:33)
      at 
R3Injector.retrieve (n
ode_modules/@angular/c
ore/fesm2022/root_effe
ct_scheduler.mjs:1929:
25)
      at 
injectInjectorOnly (no
de_modules/@angular/co
re/fesm2022/root_effec
t_scheduler.mjs:1046:3
9)
      at ╔╡╔╡inject (n
ode_modules/@angular/c
ore/fesm2022/root_effe
ct_scheduler.mjs:1058:
42)
      at injectArgs (n
ode_modules/@angular/c
ore/fesm2022/root_effe
ct_scheduler.mjs:1198:
23)
      at Object.multiR
ecord.factory (node_mo
dules/@angular/core/fe
sm2022/root_effect_sch
eduler.mjs:2160:45)
      at node_modules/
@angular/core/fesm2022
/root_effect_scheduler
.mjs:2187:47
      at runInInjector
ProfilerContext (node_
modules/@angular/core/
fesm2022/root_effect_s
cheduler.mjs:746:9)
      at 
R3Injector.hydrate (no
de_modules/@angular/co
re/fesm2022/root_effec
t_scheduler.mjs:2185:2
1)
      at 
R3Injector.get (node_m
odules/@angular/core/f
esm2022/root_effect_sc
heduler.mjs:2033:33)
      at R3Injector.re
solveInjectorInitializ
ers (node_modules/@ang
ular/core/fesm2022/roo
t_effect_scheduler.mjs
:2098:39)
      at NgModuleRef2.
resolveInjectorInitial
izers (node_modules/@a
ngular/core/fesm2022/d
ebug_node.mjs:15099:26
)
      at new 
NgModuleRef2 (node_mod
ules/@angular/core/fes
m2022/debug_node.mjs:1
5095:18)
      at TestBedCompil
er.finalize (node_modu
les/@angular/core/fesm
2022/testing.mjs:1026:
30)
      at 
_TestBedImpl.get 
testModuleRef [as 
testModuleRef] (node_m
odules/@angular/core/f
esm2022/testing.mjs:20
93:49)
      at 
_TestBedImpl.inject (n
ode_modules/@angular/c
ore/fesm2022/testing.m
js:2004:29)
      at _TestBedImpl.
createComponent (node_
modules/@angular/core/
fesm2022/testing.mjs:2
058:44)
      at _TestBedImpl.
createComponent (node_
modules/@angular/core/
fesm2022/testing.mjs:1
854:37)
      at 
Object.<anonymous> (sr
c/app/dm-toolkit/comba
t-manager/combat-manag
er.component.spec.ts:2
3:27)

  ΓùÅ CombatManagerCom
ponent ΓÇ║ Template 
Detection Logic ΓÇ║ 
should ignore rich 
text content arrays

    TypeError: Cannot 
read properties of 
undefined (reading 
'verify')

    [0m [90m 40 
|[39m
     [90m 41 |[39m  
   afterEach(() 
[33m=>[39m {
    [31m[1m>[22m[3
9m[90m 42 |[39m     
    httpMock[33m.[39
mverify()[33m;[39m
     [90m    |[39m  
                
[31m[1m^[22m[39m
     [90m 43 |[39m  
   })[33m;[39m
     [90m 44 |[39m
     [90m 45 |[39m  
   describe([32m'Comp
onent Initialization'
[39m[33m,[39m () 
[33m=>[39m {[0m

      at 
Object.<anonymous> (sr
c/app/dm-toolkit/comba
t-manager/combat-manag
er.component.spec.ts:4
2:18)

  ΓùÅ CombatManagerCom
ponent ΓÇ║ Template 
Detection Logic ΓÇ║ 
should reset template 
options when source 
changes

    NG0908: In this 
configuration Angular 
requires Zone.js

    [0m [90m 21 
|[39m         })[33m
.[39mcompileComponent
s()[33m;[39m
     [90m 22 |[39m
    [31m[1m>[22m[3
9m[90m 23 |[39m     
    fixture 
[33m=[39m [33mTestB
ed[39m[33m.[39mcrea
teComponent([33mComba
tManagerComponent[39m
)[33m;[39m
     [90m    |[39m  
                      
   
[31m[1m^[22m[39m
     [90m 24 |[39m  
       component 
[33m=[39m fixture[3
3m.[39mcomponentInsta
nce[33m;[39m
     [90m 25 |[39m  
       httpMock 
[33m=[39m [33mTestB
ed[39m[33m.[39minje
ct([33mHttpTestingCon
troller[39m)[33m;[3
9m
     [90m 26 
|[39m[0m

      at new NgZone (n
ode_modules/@angular/c
ore/fesm2022/debug_nod
e.mjs:16642:19)
      at 
Object.ngZoneFactory 
[as useFactory] (node_
modules/@angular/core/
fesm2022/debug_node.mj
s:30593:29)
      at 
Object.factory (node_m
odules/@angular/core/f
esm2022/root_effect_sc
heduler.mjs:2290:38)
      at node_modules/
@angular/core/fesm2022
/root_effect_scheduler
.mjs:2187:47
      at runInInjector
ProfilerContext (node_
modules/@angular/core/
fesm2022/root_effect_s
cheduler.mjs:746:9)
      at 
R3Injector.hydrate (no
de_modules/@angular/co
re/fesm2022/root_effec
t_scheduler.mjs:2185:2
1)
      at 
R3Injector.get (node_m
odules/@angular/core/f
esm2022/root_effect_sc
heduler.mjs:2033:33)
      at 
R3Injector.retrieve (n
ode_modules/@angular/c
ore/fesm2022/root_effe
ct_scheduler.mjs:1929:
25)
      at 
injectInjectorOnly (no
de_modules/@angular/co
re/fesm2022/root_effec
t_scheduler.mjs:1046:3
9)
      at ╔╡╔╡inject (n
ode_modules/@angular/c
ore/fesm2022/root_effe
ct_scheduler.mjs:1058:
42)
      at inject (node_
modules/@angular/core/
fesm2022/root_effect_s
cheduler.mjs:1144:12)
      at new _NgZoneCh
angeDetectionScheduler
 (node_modules/@angula
r/core/fesm2022/debug_
node.mjs:30548:12)
      at Object.NgZone
ChangeDetectionSchedul
er_Factory [as 
factory] (node_modules
/@angular/core/fesm202
2/debug_node.mjs:30580
:95)
      at node_modules/
@angular/core/fesm2022
/root_effect_scheduler
.mjs:2187:47
      at runInInjector
ProfilerContext (node_
modules/@angular/core/
fesm2022/root_effect_s
cheduler.mjs:746:9)
      at 
R3Injector.hydrate (no
de_modules/@angular/co
re/fesm2022/root_effec
t_scheduler.mjs:2185:2
1)
      at 
R3Injector.get (node_m
odules/@angular/core/f
esm2022/root_effect_sc
heduler.mjs:2033:33)
      at 
R3Injector.retrieve (n
ode_modules/@angular/c
ore/fesm2022/root_effe
ct_scheduler.mjs:1929:
25)
      at 
injectInjectorOnly (no
de_modules/@angular/co
re/fesm2022/root_effec
t_scheduler.mjs:1046:3
9)
      at ╔╡╔╡inject (n
ode_modules/@angular/c
ore/fesm2022/root_effe
ct_scheduler.mjs:1058:
42)
      at inject (node_
modules/@angular/core/
fesm2022/root_effect_s
cheduler.mjs:1144:12)
      at 
Object.useFactory (nod
e_modules/@angular/cor
e/fesm2022/debug_node.
mjs:30600:56)
      at 
Object.factory (node_m
odules/@angular/core/f
esm2022/root_effect_sc
heduler.mjs:2290:38)
      at node_modules/
@angular/core/fesm2022
/root_effect_scheduler
.mjs:2187:47
      at runInInjector
ProfilerContext (node_
modules/@angular/core/
fesm2022/root_effect_s
cheduler.mjs:746:9)
      at 
R3Injector.hydrate (no
de_modules/@angular/co
re/fesm2022/root_effec
t_scheduler.mjs:2185:2
1)
      at 
R3Injector.get (node_m
odules/@angular/core/f
esm2022/root_effect_sc
heduler.mjs:2033:33)
      at 
R3Injector.retrieve (n
ode_modules/@angular/c
ore/fesm2022/root_effe
ct_scheduler.mjs:1929:
25)
      at 
injectInjectorOnly (no
de_modules/@angular/co
re/fesm2022/root_effec
t_scheduler.mjs:1046:3
9)
      at ╔╡╔╡inject (n
ode_modules/@angular/c
ore/fesm2022/root_effe
ct_scheduler.mjs:1058:
42)
      at injectArgs (n
ode_modules/@angular/c
ore/fesm2022/root_effe
ct_scheduler.mjs:1198:
23)
      at Object.multiR
ecord.factory (node_mo
dules/@angular/core/fe
sm2022/root_effect_sch
eduler.mjs:2160:45)
      at node_modules/
@angular/core/fesm2022
/root_effect_scheduler
.mjs:2187:47
      at runInInjector
ProfilerContext (node_
modules/@angular/core/
fesm2022/root_effect_s
cheduler.mjs:746:9)
      at 
R3Injector.hydrate (no
de_modules/@angular/co
re/fesm2022/root_effec
t_scheduler.mjs:2185:2
1)
      at 
R3Injector.get (node_m
odules/@angular/core/f
esm2022/root_effect_sc
heduler.mjs:2033:33)
      at R3Injector.re
solveInjectorInitializ
ers (node_modules/@ang
ular/core/fesm2022/roo
t_effect_scheduler.mjs
:2098:39)
      at NgModuleRef2.
resolveInjectorInitial
izers (node_modules/@a
ngular/core/fesm2022/d
ebug_node.mjs:15099:26
)
      at new 
NgModuleRef2 (node_mod
ules/@angular/core/fes
m2022/debug_node.mjs:1
5095:18)
      at TestBedCompil
er.finalize (node_modu
les/@angular/core/fesm
2022/testing.mjs:1026:
30)
      at 
_TestBedImpl.get 
testModuleRef [as 
testModuleRef] (node_m
odules/@angular/core/f
esm2022/testing.mjs:20
93:49)
      at 
_TestBedImpl.inject (n
ode_modules/@angular/c
ore/fesm2022/testing.m
js:2004:29)
      at _TestBedImpl.
createComponent (node_
modules/@angular/core/
fesm2022/testing.mjs:2
058:44)
      at _TestBedImpl.
createComponent (node_
modules/@angular/core/
fesm2022/testing.mjs:1
854:37)
      at 
Object.<anonymous> (sr
c/app/dm-toolkit/comba
t-manager/combat-manag
er.component.spec.ts:2
3:27)

  ΓùÅ CombatManagerCom
ponent ΓÇ║ Template 
Detection Logic ΓÇ║ 
should reset template 
options when source 
changes

    TypeError: Cannot 
read properties of 
undefined (reading 
'verify')

    [0m [90m 40 
|[39m
     [90m 41 |[39m  
   afterEach(() 
[33m=>[39m {
    [31m[1m>[22m[3
9m[90m 42 |[39m     
    httpMock[33m.[39
mverify()[33m;[39m
     [90m    |[39m  
                
[31m[1m^[22m[39m
     [90m 43 |[39m  
   })[33m;[39m
     [90m 44 |[39m
     [90m 45 |[39m  
   describe([32m'Comp
onent Initialization'
[39m[33m,[39m () 
[33m=>[39m {[0m

      at 
Object.<anonymous> (sr
c/app/dm-toolkit/comba
t-manager/combat-manag
er.component.spec.ts:4
2:18)

  ΓùÅ CombatManagerCom
ponent ΓÇ║ Fight 
Management ΓÇ║ should 
create a new fight

    NG0908: In this 
configuration Angular 
requires Zone.js

    [0m [90m 21 
|[39m         })[33m
.[39mcompileComponent
s()[33m;[39m
     [90m 22 |[39m
    [31m[1m>[22m[3
9m[90m 23 |[39m     
    fixture 
[33m=[39m [33mTestB
ed[39m[33m.[39mcrea
teComponent([33mComba
tManagerComponent[39m
)[33m;[39m
     [90m    |[39m  
                      
   
[31m[1m^[22m[39m
     [90m 24 |[39m  
       component 
[33m=[39m fixture[3
3m.[39mcomponentInsta
nce[33m;[39m
     [90m 25 |[39m  
       httpMock 
[33m=[39m [33mTestB
ed[39m[33m.[39minje
ct([33mHttpTestingCon
troller[39m)[33m;[3
9m
     [90m 26 
|[39m[0m

      at new NgZone (n
ode_modules/@angular/c
ore/fesm2022/debug_nod
e.mjs:16642:19)
      at 
Object.ngZoneFactory 
[as useFactory] (node_
modules/@angular/core/
fesm2022/debug_node.mj
s:30593:29)
      at 
Object.factory (node_m
odules/@angular/core/f
esm2022/root_effect_sc
heduler.mjs:2290:38)
      at node_modules/
@angular/core/fesm2022
/root_effect_scheduler
.mjs:2187:47
      at runInInjector
ProfilerContext (node_
modules/@angular/core/
fesm2022/root_effect_s
cheduler.mjs:746:9)
      at 
R3Injector.hydrate (no
de_modules/@angular/co
re/fesm2022/root_effec
t_scheduler.mjs:2185:2
1)
      at 
R3Injector.get (node_m
odules/@angular/core/f
esm2022/root_effect_sc
heduler.mjs:2033:33)
      at 
R3Injector.retrieve (n
ode_modules/@angular/c
ore/fesm2022/root_effe
ct_scheduler.mjs:1929:
25)
      at 
injectInjectorOnly (no
de_modules/@angular/co
re/fesm2022/root_effec
t_scheduler.mjs:1046:3
9)
      at ╔╡╔╡inject (n
ode_modules/@angular/c
ore/fesm2022/root_effe
ct_scheduler.mjs:1058:
42)
      at inject (node_
modules/@angular/core/
fesm2022/root_effect_s
cheduler.mjs:1144:12)
      at new _NgZoneCh
angeDetectionScheduler
 (node_modules/@angula
r/core/fesm2022/debug_
node.mjs:30548:12)
      at Object.NgZone
ChangeDetectionSchedul
er_Factory [as 
factory] (node_modules
/@angular/core/fesm202
2/debug_node.mjs:30580
:95)
      at node_modules/
@angular/core/fesm2022
/root_effect_scheduler
.mjs:2187:47
      at runInInjector
ProfilerContext (node_
modules/@angular/core/
fesm2022/root_effect_s
cheduler.mjs:746:9)
      at 
R3Injector.hydrate (no
de_modules/@angular/co
re/fesm2022/root_effec
t_scheduler.mjs:2185:2
1)
      at 
R3Injector.get (node_m
odules/@angular/core/f
esm2022/root_effect_sc
heduler.mjs:2033:33)
      at 
R3Injector.retrieve (n
ode_modules/@angular/c
ore/fesm2022/root_effe
ct_scheduler.mjs:1929:
25)
      at 
injectInjectorOnly (no
de_modules/@angular/co
re/fesm2022/root_effec
t_scheduler.mjs:1046:3
9)
      at ╔╡╔╡inject (n
ode_modules/@angular/c
ore/fesm2022/root_effe
ct_scheduler.mjs:1058:
42)
      at inject (node_
modules/@angular/core/
fesm2022/root_effect_s
cheduler.mjs:1144:12)
      at 
Object.useFactory (nod
e_modules/@angular/cor
e/fesm2022/debug_node.
mjs:30600:56)
      at 
Object.factory (node_m
odules/@angular/core/f
esm2022/root_effect_sc
heduler.mjs:2290:38)
      at node_modules/
@angular/core/fesm2022
/root_effect_scheduler
.mjs:2187:47
      at runInInjector
ProfilerContext (node_
modules/@angular/core/
fesm2022/root_effect_s
cheduler.mjs:746:9)
      at 
R3Injector.hydrate (no
de_modules/@angular/co
re/fesm2022/root_effec
t_scheduler.mjs:2185:2
1)
      at 
R3Injector.get (node_m
odules/@angular/core/f
esm2022/root_effect_sc
heduler.mjs:2033:33)
      at 
R3Injector.retrieve (n
ode_modules/@angular/c
ore/fesm2022/root_effe
ct_scheduler.mjs:1929:
25)
      at 
injectInjectorOnly (no
de_modules/@angular/co
re/fesm2022/root_effec
t_scheduler.mjs:1046:3
9)
      at ╔╡╔╡inject (n
ode_modules/@angular/c
ore/fesm2022/root_effe
ct_scheduler.mjs:1058:
42)
      at injectArgs (n
ode_modules/@angular/c
ore/fesm2022/root_effe
ct_scheduler.mjs:1198:
23)
      at Object.multiR
ecord.factory (node_mo
dules/@angular/core/fe
sm2022/root_effect_sch
eduler.mjs:2160:45)
      at node_modules/
@angular/core/fesm2022
/root_effect_scheduler
.mjs:2187:47
      at runInInjector
ProfilerContext (node_
modules/@angular/core/
fesm2022/root_effect_s
cheduler.mjs:746:9)
      at 
R3Injector.hydrate (no
de_modules/@angular/co
re/fesm2022/root_effec
t_scheduler.mjs:2185:2
1)
      at 
R3Injector.get (node_m
odules/@angular/core/f
esm2022/root_effect_sc
heduler.mjs:2033:33)
      at R3Injector.re
solveInjectorInitializ
ers (node_modules/@ang
ular/core/fesm2022/roo
t_effect_scheduler.mjs
:2098:39)
      at NgModuleRef2.
resolveInjectorInitial
izers (node_modules/@a
ngular/core/fesm2022/d
ebug_node.mjs:15099:26
)
      at new 
NgModuleRef2 (node_mod
ules/@angular/core/fes
m2022/debug_node.mjs:1
5095:18)
      at TestBedCompil
er.finalize (node_modu
les/@angular/core/fesm
2022/testing.mjs:1026:
30)
      at 
_TestBedImpl.get 
testModuleRef [as 
testModuleRef] (node_m
odules/@angular/core/f
esm2022/testing.mjs:20
93:49)
      at 
_TestBedImpl.inject (n
ode_modules/@angular/c
ore/fesm2022/testing.m
js:2004:29)
      at _TestBedImpl.
createComponent (node_
modules/@angular/core/
fesm2022/testing.mjs:2
058:44)
      at _TestBedImpl.
createComponent (node_
modules/@angular/core/
fesm2022/testing.mjs:1
854:37)
      at 
Object.<anonymous> (sr
c/app/dm-toolkit/comba
t-manager/combat-manag
er.component.spec.ts:2
3:27)

  ΓùÅ CombatManagerCom
ponent ΓÇ║ Fight 
Management ΓÇ║ should 
create a new fight

    TypeError: Cannot 
read properties of 
undefined (reading 
'verify')

    [0m [90m 40 
|[39m
     [90m 41 |[39m  
   afterEach(() 
[33m=>[39m {
    [31m[1m>[22m[3
9m[90m 42 |[39m     
    httpMock[33m.[39
mverify()[33m;[39m
     [90m    |[39m  
                
[31m[1m^[22m[39m
     [90m 43 |[39m  
   })[33m;[39m
     [90m 44 |[39m
     [90m 45 |[39m  
   describe([32m'Comp
onent Initialization'
[39m[33m,[39m () 
[33m=>[39m {[0m

      at 
Object.<anonymous> (sr
c/app/dm-toolkit/comba
t-manager/combat-manag
er.component.spec.ts:4
2:18)

  ΓùÅ CombatManagerCom
ponent ΓÇ║ Fight 
Management ΓÇ║ should 
not create fight with 
empty name

    NG0908: In this 
configuration Angular 
requires Zone.js

    [0m [90m 21 
|[39m         })[33m
.[39mcompileComponent
s()[33m;[39m
     [90m 22 |[39m
    [31m[1m>[22m[3
9m[90m 23 |[39m     
    fixture 
[33m=[39m [33mTestB
ed[39m[33m.[39mcrea
teComponent([33mComba
tManagerComponent[39m
)[33m;[39m
     [90m    |[39m  
                      
   
[31m[1m^[22m[39m
     [90m 24 |[39m  
       component 
[33m=[39m fixture[3
3m.[39mcomponentInsta
nce[33m;[39m
     [90m 25 |[39m  
       httpMock 
[33m=[39m [33mTestB
ed[39m[33m.[39minje
ct([33mHttpTestingCon
troller[39m)[33m;[3
9m
     [90m 26 
|[39m[0m

      at new NgZone (n
ode_modules/@angular/c
ore/fesm2022/debug_nod
e.mjs:16642:19)
      at 
Object.ngZoneFactory 
[as useFactory] (node_
modules/@angular/core/
fesm2022/debug_node.mj
s:30593:29)
      at 
Object.factory (node_m
odules/@angular/core/f
esm2022/root_effect_sc
heduler.mjs:2290:38)
      at node_modules/
@angular/core/fesm2022
/root_effect_scheduler
.mjs:2187:47
      at runInInjector
ProfilerContext (node_
modules/@angular/core/
fesm2022/root_effect_s
cheduler.mjs:746:9)
      at 
R3Injector.hydrate (no
de_modules/@angular/co
re/fesm2022/root_effec
t_scheduler.mjs:2185:2
1)
      at 
R3Injector.get (node_m
odules/@angular/core/f
esm2022/root_effect_sc
heduler.mjs:2033:33)
      at 
R3Injector.retrieve (n
ode_modules/@angular/c
ore/fesm2022/root_effe
ct_scheduler.mjs:1929:
25)
      at 
injectInjectorOnly (no
de_modules/@angular/co
re/fesm2022/root_effec
t_scheduler.mjs:1046:3
9)
      at ╔╡╔╡inject (n
ode_modules/@angular/c
ore/fesm2022/root_effe
ct_scheduler.mjs:1058:
42)
      at inject (node_
modules/@angular/core/
fesm2022/root_effect_s
cheduler.mjs:1144:12)
      at new _NgZoneCh
angeDetectionScheduler
 (node_modules/@angula
r/core/fesm2022/debug_
node.mjs:30548:12)
      at Object.NgZone
ChangeDetectionSchedul
er_Factory [as 
factory] (node_modules
/@angular/core/fesm202
2/debug_node.mjs:30580
:95)
      at node_modules/
@angular/core/fesm2022
/root_effect_scheduler
.mjs:2187:47
      at runInInjector
ProfilerContext (node_
modules/@angular/core/
fesm2022/root_effect_s
cheduler.mjs:746:9)
      at 
R3Injector.hydrate (no
de_modules/@angular/co
re/fesm2022/root_effec
t_scheduler.mjs:2185:2
1)
      at 
R3Injector.get (node_m
odules/@angular/core/f
esm2022/root_effect_sc
heduler.mjs:2033:33)
      at 
R3Injector.retrieve (n
ode_modules/@angular/c
ore/fesm2022/root_effe
ct_scheduler.mjs:1929:
25)
      at 
injectInjectorOnly (no
de_modules/@angular/co
re/fesm2022/root_effec
t_scheduler.mjs:1046:3
9)
      at ╔╡╔╡inject (n
ode_modules/@angular/c
ore/fesm2022/root_effe
ct_scheduler.mjs:1058:
42)
      at inject (node_
modules/@angular/core/
fesm2022/root_effect_s
cheduler.mjs:1144:12)
      at 
Object.useFactory (nod
e_modules/@angular/cor
e/fesm2022/debug_node.
mjs:30600:56)
      at 
Object.factory (node_m
odules/@angular/core/f
esm2022/root_effect_sc
heduler.mjs:2290:38)
      at node_modules/
@angular/core/fesm2022
/root_effect_scheduler
.mjs:2187:47
      at runInInjector
ProfilerContext (node_
modules/@angular/core/
fesm2022/root_effect_s
cheduler.mjs:746:9)
      at 
R3Injector.hydrate (no
de_modules/@angular/co
re/fesm2022/root_effec
t_scheduler.mjs:2185:2
1)
      at 
R3Injector.get (node_m
odules/@angular/core/f
esm2022/root_effect_sc
heduler.mjs:2033:33)
      at 
R3Injector.retrieve (n
ode_modules/@angular/c
ore/fesm2022/root_effe
ct_scheduler.mjs:1929:
25)
      at 
injectInjectorOnly (no
de_modules/@angular/co
re/fesm2022/root_effec
t_scheduler.mjs:1046:3
9)
      at ╔╡╔╡inject (n
ode_modules/@angular/c
ore/fesm2022/root_effe
ct_scheduler.mjs:1058:
42)
      at injectArgs (n
ode_modules/@angular/c
ore/fesm2022/root_effe
ct_scheduler.mjs:1198:
23)
      at Object.multiR
ecord.factory (node_mo
dules/@angular/core/fe
sm2022/root_effect_sch
eduler.mjs:2160:45)
      at node_modules/
@angular/core/fesm2022
/root_effect_scheduler
.mjs:2187:47
      at runInInjector
ProfilerContext (node_
modules/@angular/core/
fesm2022/root_effect_s
cheduler.mjs:746:9)
      at 
R3Injector.hydrate (no
de_modules/@angular/co
re/fesm2022/root_effec
t_scheduler.mjs:2185:2
1)
      at 
R3Injector.get (node_m
odules/@angular/core/f
esm2022/root_effect_sc
heduler.mjs:2033:33)
      at R3Injector.re
solveInjectorInitializ
ers (node_modules/@ang
ular/core/fesm2022/roo
t_effect_scheduler.mjs
:2098:39)
      at NgModuleRef2.
resolveInjectorInitial
izers (node_modules/@a
ngular/core/fesm2022/d
ebug_node.mjs:15099:26
)
      at new 
NgModuleRef2 (node_mod
ules/@angular/core/fes
m2022/debug_node.mjs:1
5095:18)
      at TestBedCompil
er.finalize (node_modu
les/@angular/core/fesm
2022/testing.mjs:1026:
30)
      at 
_TestBedImpl.get 
testModuleRef [as 
testModuleRef] (node_m
odules/@angular/core/f
esm2022/testing.mjs:20
93:49)
      at 
_TestBedImpl.inject (n
ode_modules/@angular/c
ore/fesm2022/testing.m
js:2004:29)
      at _TestBedImpl.
createComponent (node_
modules/@angular/core/
fesm2022/testing.mjs:2
058:44)
      at _TestBedImpl.
createComponent (node_
modules/@angular/core/
fesm2022/testing.mjs:1
854:37)
      at 
Object.<anonymous> (sr
c/app/dm-toolkit/comba
t-manager/combat-manag
er.component.spec.ts:2
3:27)

  ΓùÅ CombatManagerCom
ponent ΓÇ║ Fight 
Management ΓÇ║ should 
not create fight with 
empty name

    TypeError: Cannot 
read properties of 
undefined (reading 
'verify')

    [0m [90m 40 
|[39m
     [90m 41 |[39m  
   afterEach(() 
[33m=>[39m {
    [31m[1m>[22m[3
9m[90m 42 |[39m     
    httpMock[33m.[39
mverify()[33m;[39m
     [90m    |[39m  
                
[31m[1m^[22m[39m
     [90m 43 |[39m  
   })[33m;[39m
     [90m 44 |[39m
     [90m 45 |[39m  
   describe([32m'Comp
onent Initialization'
[39m[33m,[39m () 
[33m=>[39m {[0m

      at 
Object.<anonymous> (sr
c/app/dm-toolkit/comba
t-manager/combat-manag
er.component.spec.ts:4
2:18)

  ΓùÅ CombatManagerCom
ponent ΓÇ║ Fight 
Management ΓÇ║ should 
delete a fight

    NG0908: In this 
configuration Angular 
requires Zone.js

    [0m [90m 21 
|[39m         })[33m
.[39mcompileComponent
s()[33m;[39m
     [90m 22 |[39m
    [31m[1m>[22m[3
9m[90m 23 |[39m     
    fixture 
[33m=[39m [33mTestB
ed[39m[33m.[39mcrea
teComponent([33mComba
tManagerComponent[39m
)[33m;[39m
     [90m    |[39m  
                      
   
[31m[1m^[22m[39m
     [90m 24 |[39m  
       component 
[33m=[39m fixture[3
3m.[39mcomponentInsta
nce[33m;[39m
     [90m 25 |[39m  
       httpMock 
[33m=[39m [33mTestB
ed[39m[33m.[39minje
ct([33mHttpTestingCon
troller[39m)[33m;[3
9m
     [90m 26 
|[39m[0m

      at new NgZone (n
ode_modules/@angular/c
ore/fesm2022/debug_nod
e.mjs:16642:19)
      at 
Object.ngZoneFactory 
[as useFactory] (node_
modules/@angular/core/
fesm2022/debug_node.mj
s:30593:29)
      at 
Object.factory (node_m
odules/@angular/core/f
esm2022/root_effect_sc
heduler.mjs:2290:38)
      at node_modules/
@angular/core/fesm2022
/root_effect_scheduler
.mjs:2187:47
      at runInInjector
ProfilerContext (node_
modules/@angular/core/
fesm2022/root_effect_s
cheduler.mjs:746:9)
      at 
R3Injector.hydrate (no
de_modules/@angular/co
re/fesm2022/root_effec
t_scheduler.mjs:2185:2
1)
      at 
R3Injector.get (node_m
odules/@angular/core/f
esm2022/root_effect_sc
heduler.mjs:2033:33)
      at 
R3Injector.retrieve (n
ode_modules/@angular/c
ore/fesm2022/root_effe
ct_scheduler.mjs:1929:
25)
      at 
injectInjectorOnly (no
de_modules/@angular/co
re/fesm2022/root_effec
t_scheduler.mjs:1046:3
9)
      at ╔╡╔╡inject (n
ode_modules/@angular/c
ore/fesm2022/root_effe
ct_scheduler.mjs:1058:
42)
      at inject (node_
modules/@angular/core/
fesm2022/root_effect_s
cheduler.mjs:1144:12)
      at new _NgZoneCh
angeDetectionScheduler
 (node_modules/@angula
r/core/fesm2022/debug_
node.mjs:30548:12)
      at Object.NgZone
ChangeDetectionSchedul
er_Factory [as 
factory] (node_modules
/@angular/core/fesm202
2/debug_node.mjs:30580
:95)
      at node_modules/
@angular/core/fesm2022
/root_effect_scheduler
.mjs:2187:47
      at runInInjector
ProfilerContext (node_
modules/@angular/core/
fesm2022/root_effect_s
cheduler.mjs:746:9)
      at 
R3Injector.hydrate (no
de_modules/@angular/co
re/fesm2022/root_effec
t_scheduler.mjs:2185:2
1)
      at 
R3Injector.get (node_m
odules/@angular/core/f
esm2022/root_effect_sc
heduler.mjs:2033:33)
      at 
R3Injector.retrieve (n
ode_modules/@angular/c
ore/fesm2022/root_effe
ct_scheduler.mjs:1929:
25)
      at 
injectInjectorOnly (no
de_modules/@angular/co
re/fesm2022/root_effec
t_scheduler.mjs:1046:3
9)
      at ╔╡╔╡inject (n
ode_modules/@angular/c
ore/fesm2022/root_effe
ct_scheduler.mjs:1058:
42)
      at inject (node_
modules/@angular/core/
fesm2022/root_effect_s
cheduler.mjs:1144:12)
      at 
Object.useFactory (nod
e_modules/@angular/cor
e/fesm2022/debug_node.
mjs:30600:56)
      at 
Object.factory (node_m
odules/@angular/core/f
esm2022/root_effect_sc
heduler.mjs:2290:38)
      at node_modules/
@angular/core/fesm2022
/root_effect_scheduler
.mjs:2187:47
      at runInInjector
ProfilerContext (node_
modules/@angular/core/
fesm2022/root_effect_s
cheduler.mjs:746:9)
      at 
R3Injector.hydrate (no
de_modules/@angular/co
re/fesm2022/root_effec
t_scheduler.mjs:2185:2
1)
      at 
R3Injector.get (node_m
odules/@angular/core/f
esm2022/root_effect_sc
heduler.mjs:2033:33)
      at 
R3Injector.retrieve (n
ode_modules/@angular/c
ore/fesm2022/root_effe
ct_scheduler.mjs:1929:
25)
      at 
injectInjectorOnly (no
de_modules/@angular/co
re/fesm2022/root_effec
t_scheduler.mjs:1046:3
9)
      at ╔╡╔╡inject (n
ode_modules/@angular/c
ore/fesm2022/root_effe
ct_scheduler.mjs:1058:
42)
      at injectArgs (n
ode_modules/@angular/c
ore/fesm2022/root_effe
ct_scheduler.mjs:1198:
23)
      at Object.multiR
ecord.factory (node_mo
dules/@angular/core/fe
sm2022/root_effect_sch
eduler.mjs:2160:45)
      at node_modules/
@angular/core/fesm2022
/root_effect_scheduler
.mjs:2187:47
      at runInInjector
ProfilerContext (node_
modules/@angular/core/
fesm2022/root_effect_s
cheduler.mjs:746:9)
      at 
R3Injector.hydrate (no
de_modules/@angular/co
re/fesm2022/root_effec
t_scheduler.mjs:2185:2
1)
      at 
R3Injector.get (node_m
odules/@angular/core/f
esm2022/root_effect_sc
heduler.mjs:2033:33)
      at R3Injector.re
solveInjectorInitializ
ers (node_modules/@ang
ular/core/fesm2022/roo
t_effect_scheduler.mjs
:2098:39)
      at NgModuleRef2.
resolveInjectorInitial
izers (node_modules/@a
ngular/core/fesm2022/d
ebug_node.mjs:15099:26
)
      at new 
NgModuleRef2 (node_mod
ules/@angular/core/fes
m2022/debug_node.mjs:1
5095:18)
      at TestBedCompil
er.finalize (node_modu
les/@angular/core/fesm
2022/testing.mjs:1026:
30)
      at 
_TestBedImpl.get 
testModuleRef [as 
testModuleRef] (node_m
odules/@angular/core/f
esm2022/testing.mjs:20
93:49)
      at 
_TestBedImpl.inject (n
ode_modules/@angular/c
ore/fesm2022/testing.m
js:2004:29)
      at _TestBedImpl.
createComponent (node_
modules/@angular/core/
fesm2022/testing.mjs:2
058:44)
      at _TestBedImpl.
createComponent (node_
modules/@angular/core/
fesm2022/testing.mjs:1
854:37)
      at 
Object.<anonymous> (sr
c/app/dm-toolkit/comba
t-manager/combat-manag
er.component.spec.ts:2
3:27)

  ΓùÅ CombatManagerCom
ponent ΓÇ║ Fight 
Management ΓÇ║ should 
delete a fight

    TypeError: Cannot 
read properties of 
undefined (reading 
'verify')

    [0m [90m 40 
|[39m
     [90m 41 |[39m  
   afterEach(() 
[33m=>[39m {
    [31m[1m>[22m[3
9m[90m 42 |[39m     
    httpMock[33m.[39
mverify()[33m;[39m
     [90m    |[39m  
                
[31m[1m^[22m[39m
     [90m 43 |[39m  
   })[33m;[39m
     [90m 44 |[39m
     [90m 45 |[39m  
   describe([32m'Comp
onent Initialization'
[39m[33m,[39m () 
[33m=>[39m {[0m

      at 
Object.<anonymous> (sr
c/app/dm-toolkit/comba
t-manager/combat-manag
er.component.spec.ts:4
2:18)

  ΓùÅ CombatManagerCom
ponent ΓÇ║ Fight 
Management ΓÇ║ should 
set current fight and 
load combatants

    NG0908: In this 
configuration Angular 
requires Zone.js

    [0m [90m 21 
|[39m         })[33m
.[39mcompileComponent
s()[33m;[39m
     [90m 22 |[39m
    [31m[1m>[22m[3
9m[90m 23 |[39m     
    fixture 
[33m=[39m [33mTestB
ed[39m[33m.[39mcrea
teComponent([33mComba
tManagerComponent[39m
)[33m;[39m
     [90m    |[39m  
                      
   
[31m[1m^[22m[39m
     [90m 24 |[39m  
       component 
[33m=[39m fixture[3
3m.[39mcomponentInsta
nce[33m;[39m
     [90m 25 |[39m  
       httpMock 
[33m=[39m [33mTestB
ed[39m[33m.[39minje
ct([33mHttpTestingCon
troller[39m)[33m;[3
9m
     [90m 26 
|[39m[0m

      at new NgZone (n
ode_modules/@angular/c
ore/fesm2022/debug_nod
e.mjs:16642:19)
      at 
Object.ngZoneFactory 
[as useFactory] (node_
modules/@angular/core/
fesm2022/debug_node.mj
s:30593:29)
      at 
Object.factory (node_m
odules/@angular/core/f
esm2022/root_effect_sc
heduler.mjs:2290:38)
      at node_modules/
@angular/core/fesm2022
/root_effect_scheduler
.mjs:2187:47
      at runInInjector
ProfilerContext (node_
modules/@angular/core/
fesm2022/root_effect_s
cheduler.mjs:746:9)
      at 
R3Injector.hydrate (no
de_modules/@angular/co
re/fesm2022/root_effec
t_scheduler.mjs:2185:2
1)
      at 
R3Injector.get (node_m
odules/@angular/core/f
esm2022/root_effect_sc
heduler.mjs:2033:33)
      at 
R3Injector.retrieve (n
ode_modules/@angular/c
ore/fesm2022/root_effe
ct_scheduler.mjs:1929:
25)
      at 
injectInjectorOnly (no
de_modules/@angular/co
re/fesm2022/root_effec
t_scheduler.mjs:1046:3
9)
      at ╔╡╔╡inject (n
ode_modules/@angular/c
ore/fesm2022/root_effe
ct_scheduler.mjs:1058:
42)
      at inject (node_
modules/@angular/core/
fesm2022/root_effect_s
cheduler.mjs:1144:12)
      at new _NgZoneCh
angeDetectionScheduler
 (node_modules/@angula
r/core/fesm2022/debug_
node.mjs:30548:12)
      at Object.NgZone
ChangeDetectionSchedul
er_Factory [as 
factory] (node_modules
/@angular/core/fesm202
2/debug_node.mjs:30580
:95)
      at node_modules/
@angular/core/fesm2022
/root_effect_scheduler
.mjs:2187:47
      at runInInjector
ProfilerContext (node_
modules/@angular/core/
fesm2022/root_effect_s
cheduler.mjs:746:9)
      at 
R3Injector.hydrate (no
de_modules/@angular/co
re/fesm2022/root_effec
t_scheduler.mjs:2185:2
1)
      at 
R3Injector.get (node_m
odules/@angular/core/f
esm2022/root_effect_sc
heduler.mjs:2033:33)
      at 
R3Injector.retrieve (n
ode_modules/@angular/c
ore/fesm2022/root_effe
ct_scheduler.mjs:1929:
25)
      at 
injectInjectorOnly (no
de_modules/@angular/co
re/fesm2022/root_effec
t_scheduler.mjs:1046:3
9)
      at ╔╡╔╡inject (n
ode_modules/@angular/c
ore/fesm2022/root_effe
ct_scheduler.mjs:1058:
42)
      at inject (node_
modules/@angular/core/
fesm2022/root_effect_s
cheduler.mjs:1144:12)
      at 
Object.useFactory (nod
e_modules/@angular/cor
e/fesm2022/debug_node.
mjs:30600:56)
      at 
Object.factory (node_m
odules/@angular/core/f
esm2022/root_effect_sc
heduler.mjs:2290:38)
      at node_modules/
@angular/core/fesm2022
/root_effect_scheduler
.mjs:2187:47
      at runInInjector
ProfilerContext (node_
modules/@angular/core/
fesm2022/root_effect_s
cheduler.mjs:746:9)
      at 
R3Injector.hydrate (no
de_modules/@angular/co
re/fesm2022/root_effec
t_scheduler.mjs:2185:2
1)
      at 
R3Injector.get (node_m
odules/@angular/core/f
esm2022/root_effect_sc
heduler.mjs:2033:33)
      at 
R3Injector.retrieve (n
ode_modules/@angular/c
ore/fesm2022/root_effe
ct_scheduler.mjs:1929:
25)
      at 
injectInjectorOnly (no
de_modules/@angular/co
re/fesm2022/root_effec
t_scheduler.mjs:1046:3
9)
      at ╔╡╔╡inject (n
ode_modules/@angular/c
ore/fesm2022/root_effe
ct_scheduler.mjs:1058:
42)
      at injectArgs (n
ode_modules/@angular/c
ore/fesm2022/root_effe
ct_scheduler.mjs:1198:
23)
      at Object.multiR
ecord.factory (node_mo
dules/@angular/core/fe
sm2022/root_effect_sch
eduler.mjs:2160:45)
      at node_modules/
@angular/core/fesm2022
/root_effect_scheduler
.mjs:2187:47
      at runInInjector
ProfilerContext (node_
modules/@angular/core/
fesm2022/root_effect_s
cheduler.mjs:746:9)
      at 
R3Injector.hydrate (no
de_modules/@angular/co
re/fesm2022/root_effec
t_scheduler.mjs:2185:2
1)
      at 
R3Injector.get (node_m
odules/@angular/core/f
esm2022/root_effect_sc
heduler.mjs:2033:33)
      at R3Injector.re
solveInjectorInitializ
ers (node_modules/@ang
ular/core/fesm2022/roo
t_effect_scheduler.mjs
:2098:39)
      at NgModuleRef2.
resolveInjectorInitial
izers (node_modules/@a
ngular/core/fesm2022/d
ebug_node.mjs:15099:26
)
      at new 
NgModuleRef2 (node_mod
ules/@angular/core/fes
m2022/debug_node.mjs:1
5095:18)
      at TestBedCompil
er.finalize (node_modu
les/@angular/core/fesm
2022/testing.mjs:1026:
30)
      at 
_TestBedImpl.get 
testModuleRef [as 
testModuleRef] (node_m
odules/@angular/core/f
esm2022/testing.mjs:20
93:49)
      at 
_TestBedImpl.inject (n
ode_modules/@angular/c
ore/fesm2022/testing.m
js:2004:29)
      at _TestBedImpl.
createComponent (node_
modules/@angular/core/
fesm2022/testing.mjs:2
058:44)
      at _TestBedImpl.
createComponent (node_
modules/@angular/core/
fesm2022/testing.mjs:1
854:37)
      at 
Object.<anonymous> (sr
c/app/dm-toolkit/comba
t-manager/combat-manag
er.component.spec.ts:2
3:27)

  ΓùÅ CombatManagerCom
ponent ΓÇ║ Fight 
Management ΓÇ║ should 
set current fight and 
load combatants

    TypeError: Cannot 
read properties of 
undefined (reading 
'verify')

    [0m [90m 40 
|[39m
     [90m 41 |[39m  
   afterEach(() 
[33m=>[39m {
    [31m[1m>[22m[3
9m[90m 42 |[39m     
    httpMock[33m.[39
mverify()[33m;[39m
     [90m    |[39m  
                
[31m[1m^[22m[39m
     [90m 43 |[39m  
   })[33m;[39m
     [90m 44 |[39m
     [90m 45 |[39m  
   describe([32m'Comp
onent Initialization'
[39m[33m,[39m () 
[33m=>[39m {[0m

      at 
Object.<anonymous> (sr
c/app/dm-toolkit/comba
t-manager/combat-manag
er.component.spec.ts:4
2:18)

  ΓùÅ CombatManagerCom
ponent ΓÇ║ Combatant 
Management ΓÇ║ should 
add custom combatant

    NG0908: In this 
configuration Angular 
requires Zone.js

    [0m [90m 21 
|[39m         })[33m
.[39mcompileComponent
s()[33m;[39m
     [90m 22 |[39m
    [31m[1m>[22m[3
9m[90m 23 |[39m     
    fixture 
[33m=[39m [33mTestB
ed[39m[33m.[39mcrea
teComponent([33mComba
tManagerComponent[39m
)[33m;[39m
     [90m    |[39m  
                      
   
[31m[1m^[22m[39m
     [90m 24 |[39m  
       component 
[33m=[39m fixture[3
3m.[39mcomponentInsta
nce[33m;[39m
     [90m 25 |[39m  
       httpMock 
[33m=[39m [33mTestB
ed[39m[33m.[39minje
ct([33mHttpTestingCon
troller[39m)[33m;[3
9m
     [90m 26 
|[39m[0m

      at new NgZone (n
ode_modules/@angular/c
ore/fesm2022/debug_nod
e.mjs:16642:19)
      at 
Object.ngZoneFactory 
[as useFactory] (node_
modules/@angular/core/
fesm2022/debug_node.mj
s:30593:29)
      at 
Object.factory (node_m
odules/@angular/core/f
esm2022/root_effect_sc
heduler.mjs:2290:38)
      at node_modules/
@angular/core/fesm2022
/root_effect_scheduler
.mjs:2187:47
      at runInInjector
ProfilerContext (node_
modules/@angular/core/
fesm2022/root_effect_s
cheduler.mjs:746:9)
      at 
R3Injector.hydrate (no
de_modules/@angular/co
re/fesm2022/root_effec
t_scheduler.mjs:2185:2
1)
      at 
R3Injector.get (node_m
odules/@angular/core/f
esm2022/root_effect_sc
heduler.mjs:2033:33)
      at 
R3Injector.retrieve (n
ode_modules/@angular/c
ore/fesm2022/root_effe
ct_scheduler.mjs:1929:
25)
      at 
injectInjectorOnly (no
de_modules/@angular/co
re/fesm2022/root_effec
t_scheduler.mjs:1046:3
9)
      at ╔╡╔╡inject (n
ode_modules/@angular/c
ore/fesm2022/root_effe
ct_scheduler.mjs:1058:
42)
      at inject (node_
modules/@angular/core/
fesm2022/root_effect_s
cheduler.mjs:1144:12)
      at new _NgZoneCh
angeDetectionScheduler
 (node_modules/@angula
r/core/fesm2022/debug_
node.mjs:30548:12)
      at Object.NgZone
ChangeDetectionSchedul
er_Factory [as 
factory] (node_modules
/@angular/core/fesm202
2/debug_node.mjs:30580
:95)
      at node_modules/
@angular/core/fesm2022
/root_effect_scheduler
.mjs:2187:47
      at runInInjector
ProfilerContext (node_
modules/@angular/core/
fesm2022/root_effect_s
cheduler.mjs:746:9)
      at 
R3Injector.hydrate (no
de_modules/@angular/co
re/fesm2022/root_effec
t_scheduler.mjs:2185:2
1)
      at 
R3Injector.get (node_m
odules/@angular/core/f
esm2022/root_effect_sc
heduler.mjs:2033:33)
      at 
R3Injector.retrieve (n
ode_modules/@angular/c
ore/fesm2022/root_effe
ct_scheduler.mjs:1929:
25)
      at 
injectInjectorOnly (no
de_modules/@angular/co
re/fesm2022/root_effec
t_scheduler.mjs:1046:3
9)
      at ╔╡╔╡inject (n
ode_modules/@angular/c
ore/fesm2022/root_effe
ct_scheduler.mjs:1058:
42)
      at inject (node_
modules/@angular/core/
fesm2022/root_effect_s
cheduler.mjs:1144:12)
      at 
Object.useFactory (nod
e_modules/@angular/cor
e/fesm2022/debug_node.
mjs:30600:56)
      at 
Object.factory (node_m
odules/@angular/core/f
esm2022/root_effect_sc
heduler.mjs:2290:38)
      at node_modules/
@angular/core/fesm2022
/root_effect_scheduler
.mjs:2187:47
      at runInInjector
ProfilerContext (node_
modules/@angular/core/
fesm2022/root_effect_s
cheduler.mjs:746:9)
      at 
R3Injector.hydrate (no
de_modules/@angular/co
re/fesm2022/root_effec
t_scheduler.mjs:2185:2
1)
      at 
R3Injector.get (node_m
odules/@angular/core/f
esm2022/root_effect_sc
heduler.mjs:2033:33)
      at 
R3Injector.retrieve (n
ode_modules/@angular/c
ore/fesm2022/root_effe
ct_scheduler.mjs:1929:
25)
      at 
injectInjectorOnly (no
de_modules/@angular/co
re/fesm2022/root_effec
t_scheduler.mjs:1046:3
9)
      at ╔╡╔╡inject (n
ode_modules/@angular/c
ore/fesm2022/root_effe
ct_scheduler.mjs:1058:
42)
      at injectArgs (n
ode_modules/@angular/c
ore/fesm2022/root_effe
ct_scheduler.mjs:1198:
23)
      at Object.multiR
ecord.factory (node_mo
dules/@angular/core/fe
sm2022/root_effect_sch
eduler.mjs:2160:45)
      at node_modules/
@angular/core/fesm2022
/root_effect_scheduler
.mjs:2187:47
      at runInInjector
ProfilerContext (node_
modules/@angular/core/
fesm2022/root_effect_s
cheduler.mjs:746:9)
      at 
R3Injector.hydrate (no
de_modules/@angular/co
re/fesm2022/root_effec
t_scheduler.mjs:2185:2
1)
      at 
R3Injector.get (node_m
odules/@angular/core/f
esm2022/root_effect_sc
heduler.mjs:2033:33)
      at R3Injector.re
solveInjectorInitializ
ers (node_modules/@ang
ular/core/fesm2022/roo
t_effect_scheduler.mjs
:2098:39)
      at NgModuleRef2.
resolveInjectorInitial
izers (node_modules/@a
ngular/core/fesm2022/d
ebug_node.mjs:15099:26
)
      at new 
NgModuleRef2 (node_mod
ules/@angular/core/fes
m2022/debug_node.mjs:1
5095:18)
      at TestBedCompil
er.finalize (node_modu
les/@angular/core/fesm
2022/testing.mjs:1026:
30)
      at 
_TestBedImpl.get 
testModuleRef [as 
testModuleRef] (node_m
odules/@angular/core/f
esm2022/testing.mjs:20
93:49)
      at 
_TestBedImpl.inject (n
ode_modules/@angular/c
ore/fesm2022/testing.m
js:2004:29)
      at _TestBedImpl.
createComponent (node_
modules/@angular/core/
fesm2022/testing.mjs:2
058:44)
      at _TestBedImpl.
createComponent (node_
modules/@angular/core/
fesm2022/testing.mjs:1
854:37)
      at 
Object.<anonymous> (sr
c/app/dm-toolkit/comba
t-manager/combat-manag
er.component.spec.ts:2
3:27)

  ΓùÅ CombatManagerCom
ponent ΓÇ║ Combatant 
Management ΓÇ║ should 
add custom combatant

    TypeError: Cannot 
read properties of 
undefined (reading 
'verify')

    [0m [90m 40 
|[39m
     [90m 41 |[39m  
   afterEach(() 
[33m=>[39m {
    [31m[1m>[22m[3
9m[90m 42 |[39m     
    httpMock[33m.[39
mverify()[33m;[39m
     [90m    |[39m  
                
[31m[1m^[22m[39m
     [90m 43 |[39m  
   })[33m;[39m
     [90m 44 |[39m
     [90m 45 |[39m  
   describe([32m'Comp
onent Initialization'
[39m[33m,[39m () 
[33m=>[39m {[0m

      at 
Object.<anonymous> (sr
c/app/dm-toolkit/comba
t-manager/combat-manag
er.component.spec.ts:4
2:18)

  ΓùÅ CombatManagerCom
ponent ΓÇ║ Combatant 
Management ΓÇ║ should 
remove combatant

    NG0908: In this 
configuration Angular 
requires Zone.js

    [0m [90m 21 
|[39m         })[33m
.[39mcompileComponent
s()[33m;[39m
     [90m 22 |[39m
    [31m[1m>[22m[3
9m[90m 23 |[39m     
    fixture 
[33m=[39m [33mTestB
ed[39m[33m.[39mcrea
teComponent([33mComba
tManagerComponent[39m
)[33m;[39m
     [90m    |[39m  
                      
   
[31m[1m^[22m[39m
     [90m 24 |[39m  
       component 
[33m=[39m fixture[3
3m.[39mcomponentInsta
nce[33m;[39m
     [90m 25 |[39m  
       httpMock 
[33m=[39m [33mTestB
ed[39m[33m.[39minje
ct([33mHttpTestingCon
troller[39m)[33m;[3
9m
     [90m 26 
|[39m[0m

      at new NgZone (n
ode_modules/@angular/c
ore/fesm2022/debug_nod
e.mjs:16642:19)
      at 
Object.ngZoneFactory 
[as useFactory] (node_
modules/@angular/core/
fesm2022/debug_node.mj
s:30593:29)
      at 
Object.factory (node_m
odules/@angular/core/f
esm2022/root_effect_sc
heduler.mjs:2290:38)
      at node_modules/
@angular/core/fesm2022
/root_effect_scheduler
.mjs:2187:47
      at runInInjector
ProfilerContext (node_
modules/@angular/core/
fesm2022/root_effect_s
cheduler.mjs:746:9)
      at 
R3Injector.hydrate (no
de_modules/@angular/co
re/fesm2022/root_effec
t_scheduler.mjs:2185:2
1)
      at 
R3Injector.get (node_m
odules/@angular/core/f
esm2022/root_effect_sc
heduler.mjs:2033:33)
      at 
R3Injector.retrieve (n
ode_modules/@angular/c
ore/fesm2022/root_effe
ct_scheduler.mjs:1929:
25)
      at 
injectInjectorOnly (no
de_modules/@angular/co
re/fesm2022/root_effec
t_scheduler.mjs:1046:3
9)
      at ╔╡╔╡inject (n
ode_modules/@angular/c
ore/fesm2022/root_effe
ct_scheduler.mjs:1058:
42)
      at inject (node_
modules/@angular/core/
fesm2022/root_effect_s
cheduler.mjs:1144:12)
      at new _NgZoneCh
angeDetectionScheduler
 (node_modules/@angula
r/core/fesm2022/debug_
node.mjs:30548:12)
      at Object.NgZone
ChangeDetectionSchedul
er_Factory [as 
factory] (node_modules
/@angular/core/fesm202
2/debug_node.mjs:30580
:95)
      at node_modules/
@angular/core/fesm2022
/root_effect_scheduler
.mjs:2187:47
      at runInInjector
ProfilerContext (node_
modules/@angular/core/
fesm2022/root_effect_s
cheduler.mjs:746:9)
      at 
R3Injector.hydrate (no
de_modules/@angular/co
re/fesm2022/root_effec
t_scheduler.mjs:2185:2
1)
      at 
R3Injector.get (node_m
odules/@angular/core/f
esm2022/root_effect_sc
heduler.mjs:2033:33)
      at 
R3Injector.retrieve (n
ode_modules/@angular/c
ore/fesm2022/root_effe
ct_scheduler.mjs:1929:
25)
      at 
injectInjectorOnly (no
de_modules/@angular/co
re/fesm2022/root_effec
t_scheduler.mjs:1046:3
9)
      at ╔╡╔╡inject (n
ode_modules/@angular/c
ore/fesm2022/root_effe
ct_scheduler.mjs:1058:
42)
      at inject (node_
modules/@angular/core/
fesm2022/root_effect_s
cheduler.mjs:1144:12)
      at 
Object.useFactory (nod
e_modules/@angular/cor
e/fesm2022/debug_node.
mjs:30600:56)
      at 
Object.factory (node_m
odules/@angular/core/f
esm2022/root_effect_sc
heduler.mjs:2290:38)
      at node_modules/
@angular/core/fesm2022
/root_effect_scheduler
.mjs:2187:47
      at runInInjector
ProfilerContext (node_
modules/@angular/core/
fesm2022/root_effect_s
cheduler.mjs:746:9)
      at 
R3Injector.hydrate (no
de_modules/@angular/co
re/fesm2022/root_effec
t_scheduler.mjs:2185:2
1)
      at 
R3Injector.get (node_m
odules/@angular/core/f
esm2022/root_effect_sc
heduler.mjs:2033:33)
      at 
R3Injector.retrieve (n
ode_modules/@angular/c
ore/fesm2022/root_effe
ct_scheduler.mjs:1929:
25)
      at 
injectInjectorOnly (no
de_modules/@angular/co
re/fesm2022/root_effec
t_scheduler.mjs:1046:3
9)
      at ╔╡╔╡inject (n
ode_modules/@angular/c
ore/fesm2022/root_effe
ct_scheduler.mjs:1058:
42)
      at injectArgs (n
ode_modules/@angular/c
ore/fesm2022/root_effe
ct_scheduler.mjs:1198:
23)
      at Object.multiR
ecord.factory (node_mo
dules/@angular/core/fe
sm2022/root_effect_sch
eduler.mjs:2160:45)
      at node_modules/
@angular/core/fesm2022
/root_effect_scheduler
.mjs:2187:47
      at runInInjector
ProfilerContext (node_
modules/@angular/core/
fesm2022/root_effect_s
cheduler.mjs:746:9)
      at 
R3Injector.hydrate (no
de_modules/@angular/co
re/fesm2022/root_effec
t_scheduler.mjs:2185:2
1)
      at 
R3Injector.get (node_m
odules/@angular/core/f
esm2022/root_effect_sc
heduler.mjs:2033:33)
      at R3Injector.re
solveInjectorInitializ
ers (node_modules/@ang
ular/core/fesm2022/roo
t_effect_scheduler.mjs
:2098:39)
      at NgModuleRef2.
resolveInjectorInitial
izers (node_modules/@a
ngular/core/fesm2022/d
ebug_node.mjs:15099:26
)
      at new 
NgModuleRef2 (node_mod
ules/@angular/core/fes
m2022/debug_node.mjs:1
5095:18)
      at TestBedCompil
er.finalize (node_modu
les/@angular/core/fesm
2022/testing.mjs:1026:
30)
      at 
_TestBedImpl.get 
testModuleRef [as 
testModuleRef] (node_m
odules/@angular/core/f
esm2022/testing.mjs:20
93:49)
      at 
_TestBedImpl.inject (n
ode_modules/@angular/c
ore/fesm2022/testing.m
js:2004:29)
      at _TestBedImpl.
createComponent (node_
modules/@angular/core/
fesm2022/testing.mjs:2
058:44)
      at _TestBedImpl.
createComponent (node_
modules/@angular/core/
fesm2022/testing.mjs:1
854:37)
      at 
Object.<anonymous> (sr
c/app/dm-toolkit/comba
t-manager/combat-manag
er.component.spec.ts:2
3:27)

  ΓùÅ CombatManagerCom
ponent ΓÇ║ Combatant 
Management ΓÇ║ should 
remove combatant

    TypeError: Cannot 
read properties of 
undefined (reading 
'verify')

    [0m [90m 40 
|[39m
     [90m 41 |[39m  
   afterEach(() 
[33m=>[39m {
    [31m[1m>[22m[3
9m[90m 42 |[39m     
    httpMock[33m.[39
mverify()[33m;[39m
     [90m    |[39m  
                
[31m[1m^[22m[39m
     [90m 43 |[39m  
   })[33m;[39m
     [90m 44 |[39m
     [90m 45 |[39m  
   describe([32m'Comp
onent Initialization'
[39m[33m,[39m () 
[33m=>[39m {[0m

      at 
Object.<anonymous> (sr
c/app/dm-toolkit/comba
t-manager/combat-manag
er.component.spec.ts:4
2:18)

  ΓùÅ CombatManagerCom
ponent ΓÇ║ Combatant 
Management ΓÇ║ should 
update combatant HP

    NG0908: In this 
configuration Angular 
requires Zone.js

    [0m [90m 21 
|[39m         })[33m
.[39mcompileComponent
s()[33m;[39m
     [90m 22 |[39m
    [31m[1m>[22m[3
9m[90m 23 |[39m     
    fixture 
[33m=[39m [33mTestB
ed[39m[33m.[39mcrea
teComponent([33mComba
tManagerComponent[39m
)[33m;[39m
     [90m    |[39m  
                      
   
[31m[1m^[22m[39m
     [90m 24 |[39m  
       component 
[33m=[39m fixture[3
3m.[39mcomponentInsta
nce[33m;[39m
     [90m 25 |[39m  
       httpMock 
[33m=[39m [33mTestB
ed[39m[33m.[39minje
ct([33mHttpTestingCon
troller[39m)[33m;[3
9m
     [90m 26 
|[39m[0m

      at new NgZone (n
ode_modules/@angular/c
ore/fesm2022/debug_nod
e.mjs:16642:19)
      at 
Object.ngZoneFactory 
[as useFactory] (node_
modules/@angular/core/
fesm2022/debug_node.mj
s:30593:29)
      at 
Object.factory (node_m
odules/@angular/core/f
esm2022/root_effect_sc
heduler.mjs:2290:38)
      at node_modules/
@angular/core/fesm2022
/root_effect_scheduler
.mjs:2187:47
      at runInInjector
ProfilerContext (node_
modules/@angular/core/
fesm2022/root_effect_s
cheduler.mjs:746:9)
      at 
R3Injector.hydrate (no
de_modules/@angular/co
re/fesm2022/root_effec
t_scheduler.mjs:2185:2
1)
      at 
R3Injector.get (node_m
odules/@angular/core/f
esm2022/root_effect_sc
heduler.mjs:2033:33)
      at 
R3Injector.retrieve (n
ode_modules/@angular/c
ore/fesm2022/root_effe
ct_scheduler.mjs:1929:
25)
      at 
injectInjectorOnly (no
de_modules/@angular/co
re/fesm2022/root_effec
t_scheduler.mjs:1046:3
9)
      at ╔╡╔╡inject (n
ode_modules/@angular/c
ore/fesm2022/root_effe
ct_scheduler.mjs:1058:
42)
      at inject (node_
modules/@angular/core/
fesm2022/root_effect_s
cheduler.mjs:1144:12)
      at new _NgZoneCh
angeDetectionScheduler
 (node_modules/@angula
r/core/fesm2022/debug_
node.mjs:30548:12)
      at Object.NgZone
ChangeDetectionSchedul
er_Factory [as 
factory] (node_modules
/@angular/core/fesm202
2/debug_node.mjs:30580
:95)
      at node_modules/
@angular/core/fesm2022
/root_effect_scheduler
.mjs:2187:47
      at runInInjector
ProfilerContext (node_
modules/@angular/core/
fesm2022/root_effect_s
cheduler.mjs:746:9)
      at 
R3Injector.hydrate (no
de_modules/@angular/co
re/fesm2022/root_effec
t_scheduler.mjs:2185:2
1)
      at 
R3Injector.get (node_m
odules/@angular/core/f
esm2022/root_effect_sc
heduler.mjs:2033:33)
      at 
R3Injector.retrieve (n
ode_modules/@angular/c
ore/fesm2022/root_effe
ct_scheduler.mjs:1929:
25)
      at 
injectInjectorOnly (no
de_modules/@angular/co
re/fesm2022/root_effec
t_scheduler.mjs:1046:3
9)
      at ╔╡╔╡inject (n
ode_modules/@angular/c
ore/fesm2022/root_effe
ct_scheduler.mjs:1058:
42)
      at inject (node_
modules/@angular/core/
fesm2022/root_effect_s
cheduler.mjs:1144:12)
      at 
Object.useFactory (nod
e_modules/@angular/cor
e/fesm2022/debug_node.
mjs:30600:56)
      at 
Object.factory (node_m
odules/@angular/core/f
esm2022/root_effect_sc
heduler.mjs:2290:38)
      at node_modules/
@angular/core/fesm2022
/root_effect_scheduler
.mjs:2187:47
      at runInInjector
ProfilerContext (node_
modules/@angular/core/
fesm2022/root_effect_s
cheduler.mjs:746:9)
      at 
R3Injector.hydrate (no
de_modules/@angular/co
re/fesm2022/root_effec
t_scheduler.mjs:2185:2
1)
      at 
R3Injector.get (node_m
odules/@angular/core/f
esm2022/root_effect_sc
heduler.mjs:2033:33)
      at 
R3Injector.retrieve (n
ode_modules/@angular/c
ore/fesm2022/root_effe
ct_scheduler.mjs:1929:
25)
      at 
injectInjectorOnly (no
de_modules/@angular/co
re/fesm2022/root_effec
t_scheduler.mjs:1046:3
9)
      at ╔╡╔╡inject (n
ode_modules/@angular/c
ore/fesm2022/root_effe
ct_scheduler.mjs:1058:
42)
      at injectArgs (n
ode_modules/@angular/c
ore/fesm2022/root_effe
ct_scheduler.mjs:1198:
23)
      at Object.multiR
ecord.factory (node_mo
dules/@angular/core/fe
sm2022/root_effect_sch
eduler.mjs:2160:45)
      at node_modules/
@angular/core/fesm2022
/root_effect_scheduler
.mjs:2187:47
      at runInInjector
ProfilerContext (node_
modules/@angular/core/
fesm2022/root_effect_s
cheduler.mjs:746:9)
      at 
R3Injector.hydrate (no
de_modules/@angular/co
re/fesm2022/root_effec
t_scheduler.mjs:2185:2
1)
      at 
R3Injector.get (node_m
odules/@angular/core/f
esm2022/root_effect_sc
heduler.mjs:2033:33)
      at R3Injector.re
solveInjectorInitializ
ers (node_modules/@ang
ular/core/fesm2022/roo
t_effect_scheduler.mjs
:2098:39)
      at NgModuleRef2.
resolveInjectorInitial
izers (node_modules/@a
ngular/core/fesm2022/d
ebug_node.mjs:15099:26
)
      at new 
NgModuleRef2 (node_mod
ules/@angular/core/fes
m2022/debug_node.mjs:1
5095:18)
      at TestBedCompil
er.finalize (node_modu
les/@angular/core/fesm
2022/testing.mjs:1026:
30)
      at 
_TestBedImpl.get 
testModuleRef [as 
testModuleRef] (node_m
odules/@angular/core/f
esm2022/testing.mjs:20
93:49)
      at 
_TestBedImpl.inject (n
ode_modules/@angular/c
ore/fesm2022/testing.m
js:2004:29)
      at _TestBedImpl.
createComponent (node_
modules/@angular/core/
fesm2022/testing.mjs:2
058:44)
      at _TestBedImpl.
createComponent (node_
modules/@angular/core/
fesm2022/testing.mjs:1
854:37)
      at 
Object.<anonymous> (sr
c/app/dm-toolkit/comba
t-manager/combat-manag
er.component.spec.ts:2
3:27)

  ΓùÅ CombatManagerCom
ponent ΓÇ║ Combatant 
Management ΓÇ║ should 
update combatant HP

    TypeError: Cannot 
read properties of 
undefined (reading 
'verify')

    [0m [90m 40 
|[39m
     [90m 41 |[39m  
   afterEach(() 
[33m=>[39m {
    [31m[1m>[22m[3
9m[90m 42 |[39m     
    httpMock[33m.[39
mverify()[33m;[39m
     [90m    |[39m  
                
[31m[1m^[22m[39m
     [90m 43 |[39m  
   })[33m;[39m
     [90m 44 |[39m
     [90m 45 |[39m  
   describe([32m'Comp
onent Initialization'
[39m[33m,[39m () 
[33m=>[39m {[0m

      at 
Object.<anonymous> (sr
c/app/dm-toolkit/comba
t-manager/combat-manag
er.component.spec.ts:4
2:18)

  ΓùÅ CombatManagerCom
ponent ΓÇ║ Combat 
State Transitions ΓÇ║ 
should start combat

    NG0908: In this 
configuration Angular 
requires Zone.js

    [0m [90m 21 
|[39m         })[33m
.[39mcompileComponent
s()[33m;[39m
     [90m 22 |[39m
    [31m[1m>[22m[3
9m[90m 23 |[39m     
    fixture 
[33m=[39m [33mTestB
ed[39m[33m.[39mcrea
teComponent([33mComba
tManagerComponent[39m
)[33m;[39m
     [90m    |[39m  
                      
   
[31m[1m^[22m[39m
     [90m 24 |[39m  
       component 
[33m=[39m fixture[3
3m.[39mcomponentInsta
nce[33m;[39m
     [90m 25 |[39m  
       httpMock 
[33m=[39m [33mTestB
ed[39m[33m.[39minje
ct([33mHttpTestingCon
troller[39m)[33m;[3
9m
     [90m 26 
|[39m[0m

      at new NgZone (n
ode_modules/@angular/c
ore/fesm2022/debug_nod
e.mjs:16642:19)
      at 
Object.ngZoneFactory 
[as useFactory] (node_
modules/@angular/core/
fesm2022/debug_node.mj
s:30593:29)
      at 
Object.factory (node_m
odules/@angular/core/f
esm2022/root_effect_sc
heduler.mjs:2290:38)
      at node_modules/
@angular/core/fesm2022
/root_effect_scheduler
.mjs:2187:47
      at runInInjector
ProfilerContext (node_
modules/@angular/core/
fesm2022/root_effect_s
cheduler.mjs:746:9)
      at 
R3Injector.hydrate (no
de_modules/@angular/co
re/fesm2022/root_effec
t_scheduler.mjs:2185:2
1)
      at 
R3Injector.get (node_m
odules/@angular/core/f
esm2022/root_effect_sc
heduler.mjs:2033:33)
      at 
R3Injector.retrieve (n
ode_modules/@angular/c
ore/fesm2022/root_effe
ct_scheduler.mjs:1929:
25)
      at 
injectInjectorOnly (no
de_modules/@angular/co
re/fesm2022/root_effec
t_scheduler.mjs:1046:3
9)
      at ╔╡╔╡inject (n
ode_modules/@angular/c
ore/fesm2022/root_effe
ct_scheduler.mjs:1058:
42)
      at inject (node_
modules/@angular/core/
fesm2022/root_effect_s
cheduler.mjs:1144:12)
      at new _NgZoneCh
angeDetectionScheduler
 (node_modules/@angula
r/core/fesm2022/debug_
node.mjs:30548:12)
      at Object.NgZone
ChangeDetectionSchedul
er_Factory [as 
factory] (node_modules
/@angular/core/fesm202
2/debug_node.mjs:30580
:95)
      at node_modules/
@angular/core/fesm2022
/root_effect_scheduler
.mjs:2187:47
      at runInInjector
ProfilerContext (node_
modules/@angular/core/
fesm2022/root_effect_s
cheduler.mjs:746:9)
      at 
R3Injector.hydrate (no
de_modules/@angular/co
re/fesm2022/root_effec
t_scheduler.mjs:2185:2
1)
      at 
R3Injector.get (node_m
odules/@angular/core/f
esm2022/root_effect_sc
heduler.mjs:2033:33)
      at 
R3Injector.retrieve (n
ode_modules/@angular/c
ore/fesm2022/root_effe
ct_scheduler.mjs:1929:
25)
      at 
injectInjectorOnly (no
de_modules/@angular/co
re/fesm2022/root_effec
t_scheduler.mjs:1046:3
9)
      at ╔╡╔╡inject (n
ode_modules/@angular/c
ore/fesm2022/root_effe
ct_scheduler.mjs:1058:
42)
      at inject (node_
modules/@angular/core/
fesm2022/root_effect_s
cheduler.mjs:1144:12)
      at 
Object.useFactory (nod
e_modules/@angular/cor
e/fesm2022/debug_node.
mjs:30600:56)
      at 
Object.factory (node_m
odules/@angular/core/f
esm2022/root_effect_sc
heduler.mjs:2290:38)
      at node_modules/
@angular/core/fesm2022
/root_effect_scheduler
.mjs:2187:47
      at runInInjector
ProfilerContext (node_
modules/@angular/core/
fesm2022/root_effect_s
cheduler.mjs:746:9)
      at 
R3Injector.hydrate (no
de_modules/@angular/co
re/fesm2022/root_effec
t_scheduler.mjs:2185:2
1)
      at 
R3Injector.get (node_m
odules/@angular/core/f
esm2022/root_effect_sc
heduler.mjs:2033:33)
      at 
R3Injector.retrieve (n
ode_modules/@angular/c
ore/fesm2022/root_effe
ct_scheduler.mjs:1929:
25)
      at 
injectInjectorOnly (no
de_modules/@angular/co
re/fesm2022/root_effec
t_scheduler.mjs:1046:3
9)
      at ╔╡╔╡inject (n
ode_modules/@angular/c
ore/fesm2022/root_effe
ct_scheduler.mjs:1058:
42)
      at injectArgs (n
ode_modules/@angular/c
ore/fesm2022/root_effe
ct_scheduler.mjs:1198:
23)
      at Object.multiR
ecord.factory (node_mo
dules/@angular/core/fe
sm2022/root_effect_sch
eduler.mjs:2160:45)
      at node_modules/
@angular/core/fesm2022
/root_effect_scheduler
.mjs:2187:47
      at runInInjector
ProfilerContext (node_
modules/@angular/core/
fesm2022/root_effect_s
cheduler.mjs:746:9)
      at 
R3Injector.hydrate (no
de_modules/@angular/co
re/fesm2022/root_effec
t_scheduler.mjs:2185:2
1)
      at 
R3Injector.get (node_m
odules/@angular/core/f
esm2022/root_effect_sc
heduler.mjs:2033:33)
      at R3Injector.re
solveInjectorInitializ
ers (node_modules/@ang
ular/core/fesm2022/roo
t_effect_scheduler.mjs
:2098:39)
      at NgModuleRef2.
resolveInjectorInitial
izers (node_modules/@a
ngular/core/fesm2022/d
ebug_node.mjs:15099:26
)
      at new 
NgModuleRef2 (node_mod
ules/@angular/core/fes
m2022/debug_node.mjs:1
5095:18)
      at TestBedCompil
er.finalize (node_modu
les/@angular/core/fesm
2022/testing.mjs:1026:
30)
      at 
_TestBedImpl.get 
testModuleRef [as 
testModuleRef] (node_m
odules/@angular/core/f
esm2022/testing.mjs:20
93:49)
      at 
_TestBedImpl.inject (n
ode_modules/@angular/c
ore/fesm2022/testing.m
js:2004:29)
      at _TestBedImpl.
createComponent (node_
modules/@angular/core/
fesm2022/testing.mjs:2
058:44)
      at _TestBedImpl.
createComponent (node_
modules/@angular/core/
fesm2022/testing.mjs:1
854:37)
      at 
Object.<anonymous> (sr
c/app/dm-toolkit/comba
t-manager/combat-manag
er.component.spec.ts:2
3:27)

  ΓùÅ CombatManagerCom
ponent ΓÇ║ Combat 
State Transitions ΓÇ║ 
should start combat

    TypeError: Cannot 
read properties of 
undefined (reading 
'verify')

    [0m [90m 40 
|[39m
     [90m 41 |[39m  
   afterEach(() 
[33m=>[39m {
    [31m[1m>[22m[3
9m[90m 42 |[39m     
    httpMock[33m.[39
mverify()[33m;[39m
     [90m    |[39m  
                
[31m[1m^[22m[39m
     [90m 43 |[39m  
   })[33m;[39m
     [90m 44 |[39m
     [90m 45 |[39m  
   describe([32m'Comp
onent Initialization'
[39m[33m,[39m () 
[33m=>[39m {[0m

      at 
Object.<anonymous> (sr
c/app/dm-toolkit/comba
t-manager/combat-manag
er.component.spec.ts:4
2:18)

  ΓùÅ CombatManagerCom
ponent ΓÇ║ Combat 
State Transitions ΓÇ║ 
should end combat

    NG0908: In this 
configuration Angular 
requires Zone.js

    [0m [90m 21 
|[39m         })[33m
.[39mcompileComponent
s()[33m;[39m
     [90m 22 |[39m
    [31m[1m>[22m[3
9m[90m 23 |[39m     
    fixture 
[33m=[39m [33mTestB
ed[39m[33m.[39mcrea
teComponent([33mComba
tManagerComponent[39m
)[33m;[39m
     [90m    |[39m  
                      
   
[31m[1m^[22m[39m
     [90m 24 |[39m  
       component 
[33m=[39m fixture[3
3m.[39mcomponentInsta
nce[33m;[39m
     [90m 25 |[39m  
       httpMock 
[33m=[39m [33mTestB
ed[39m[33m.[39minje
ct([33mHttpTestingCon
troller[39m)[33m;[3
9m
     [90m 26 
|[39m[0m

      at new NgZone (n
ode_modules/@angular/c
ore/fesm2022/debug_nod
e.mjs:16642:19)
      at 
Object.ngZoneFactory 
[as useFactory] (node_
modules/@angular/core/
fesm2022/debug_node.mj
s:30593:29)
      at 
Object.factory (node_m
odules/@angular/core/f
esm2022/root_effect_sc
heduler.mjs:2290:38)
      at node_modules/
@angular/core/fesm2022
/root_effect_scheduler
.mjs:2187:47
      at runInInjector
ProfilerContext (node_
modules/@angular/core/
fesm2022/root_effect_s
cheduler.mjs:746:9)
      at 
R3Injector.hydrate (no
de_modules/@angular/co
re/fesm2022/root_effec
t_scheduler.mjs:2185:2
1)
      at 
R3Injector.get (node_m
odules/@angular/core/f
esm2022/root_effect_sc
heduler.mjs:2033:33)
      at 
R3Injector.retrieve (n
ode_modules/@angular/c
ore/fesm2022/root_effe
ct_scheduler.mjs:1929:
25)
      at 
injectInjectorOnly (no
de_modules/@angular/co
re/fesm2022/root_effec
t_scheduler.mjs:1046:3
9)
      at ╔╡╔╡inject (n
ode_modules/@angular/c
ore/fesm2022/root_effe
ct_scheduler.mjs:1058:
42)
      at inject (node_
modules/@angular/core/
fesm2022/root_effect_s
cheduler.mjs:1144:12)
      at new _NgZoneCh
angeDetectionScheduler
 (node_modules/@angula
r/core/fesm2022/debug_
node.mjs:30548:12)
      at Object.NgZone
ChangeDetectionSchedul
er_Factory [as 
factory] (node_modules
/@angular/core/fesm202
2/debug_node.mjs:30580
:95)
      at node_modules/
@angular/core/fesm2022
/root_effect_scheduler
.mjs:2187:47
      at runInInjector
ProfilerContext (node_
modules/@angular/core/
fesm2022/root_effect_s
cheduler.mjs:746:9)
      at 
R3Injector.hydrate (no
de_modules/@angular/co
re/fesm2022/root_effec
t_scheduler.mjs:2185:2
1)
      at 
R3Injector.get (node_m
odules/@angular/core/f
esm2022/root_effect_sc
heduler.mjs:2033:33)
      at 
R3Injector.retrieve (n
ode_modules/@angular/c
ore/fesm2022/root_effe
ct_scheduler.mjs:1929:
25)
      at 
injectInjectorOnly (no
de_modules/@angular/co
re/fesm2022/root_effec
t_scheduler.mjs:1046:3
9)
      at ╔╡╔╡inject (n
ode_modules/@angular/c
ore/fesm2022/root_effe
ct_scheduler.mjs:1058:
42)
      at inject (node_
modules/@angular/core/
fesm2022/root_effect_s
cheduler.mjs:1144:12)
      at 
Object.useFactory (nod
e_modules/@angular/cor
e/fesm2022/debug_node.
mjs:30600:56)
      at 
Object.factory (node_m
odules/@angular/core/f
esm2022/root_effect_sc
heduler.mjs:2290:38)
      at node_modules/
@angular/core/fesm2022
/root_effect_scheduler
.mjs:2187:47
      at runInInjector
ProfilerContext (node_
modules/@angular/core/
fesm2022/root_effect_s
cheduler.mjs:746:9)
      at 
R3Injector.hydrate (no
de_modules/@angular/co
re/fesm2022/root_effec
t_scheduler.mjs:2185:2
1)
      at 
R3Injector.get (node_m
odules/@angular/core/f
esm2022/root_effect_sc
heduler.mjs:2033:33)
      at 
R3Injector.retrieve (n
ode_modules/@angular/c
ore/fesm2022/root_effe
ct_scheduler.mjs:1929:
25)
      at 
injectInjectorOnly (no
de_modules/@angular/co
re/fesm2022/root_effec
t_scheduler.mjs:1046:3
9)
      at ╔╡╔╡inject (n
ode_modules/@angular/c
ore/fesm2022/root_effe
ct_scheduler.mjs:1058:
42)
      at injectArgs (n
ode_modules/@angular/c
ore/fesm2022/root_effe
ct_scheduler.mjs:1198:
23)
      at Object.multiR
ecord.factory (node_mo
dules/@angular/core/fe
sm2022/root_effect_sch
eduler.mjs:2160:45)
      at node_modules/
@angular/core/fesm2022
/root_effect_scheduler
.mjs:2187:47
      at runInInjector
ProfilerContext (node_
modules/@angular/core/
fesm2022/root_effect_s
cheduler.mjs:746:9)
      at 
R3Injector.hydrate (no
de_modules/@angular/co
re/fesm2022/root_effec
t_scheduler.mjs:2185:2
1)
      at 
R3Injector.get (node_m
odules/@angular/core/f
esm2022/root_effect_sc
heduler.mjs:2033:33)
      at R3Injector.re
solveInjectorInitializ
ers (node_modules/@ang
ular/core/fesm2022/roo
t_effect_scheduler.mjs
:2098:39)
      at NgModuleRef2.
resolveInjectorInitial
izers (node_modules/@a
ngular/core/fesm2022/d
ebug_node.mjs:15099:26
)
      at new 
NgModuleRef2 (node_mod
ules/@angular/core/fes
m2022/debug_node.mjs:1
5095:18)
      at TestBedCompil
er.finalize (node_modu
les/@angular/core/fesm
2022/testing.mjs:1026:
30)
      at 
_TestBedImpl.get 
testModuleRef [as 
testModuleRef] (node_m
odules/@angular/core/f
esm2022/testing.mjs:20
93:49)
      at 
_TestBedImpl.inject (n
ode_modules/@angular/c
ore/fesm2022/testing.m
js:2004:29)
      at _TestBedImpl.
createComponent (node_
modules/@angular/core/
fesm2022/testing.mjs:2
058:44)
      at _TestBedImpl.
createComponent (node_
modules/@angular/core/
fesm2022/testing.mjs:1
854:37)
      at 
Object.<anonymous> (sr
c/app/dm-toolkit/comba
t-manager/combat-manag
er.component.spec.ts:2
3:27)

  ΓùÅ CombatManagerCom
ponent ΓÇ║ Combat 
State Transitions ΓÇ║ 
should end combat

    TypeError: Cannot 
read properties of 
undefined (reading 
'verify')

    [0m [90m 40 
|[39m
     [90m 41 |[39m  
   afterEach(() 
[33m=>[39m {
    [31m[1m>[22m[3
9m[90m 42 |[39m     
    httpMock[33m.[39
mverify()[33m;[39m
     [90m    |[39m  
                
[31m[1m^[22m[39m
     [90m 43 |[39m  
   })[33m;[39m
     [90m 44 |[39m
     [90m 45 |[39m  
   describe([32m'Comp
onent Initialization'
[39m[33m,[39m () 
[33m=>[39m {[0m

      at 
Object.<anonymous> (sr
c/app/dm-toolkit/comba
t-manager/combat-manag
er.component.spec.ts:4
2:18)

  ΓùÅ CombatManagerCom
ponent ΓÇ║ Turn 
Management ΓÇ║ should 
advance to next turn

    NG0908: In this 
configuration Angular 
requires Zone.js

    [0m [90m 21 
|[39m         })[33m
.[39mcompileComponent
s()[33m;[39m
     [90m 22 |[39m
    [31m[1m>[22m[3
9m[90m 23 |[39m     
    fixture 
[33m=[39m [33mTestB
ed[39m[33m.[39mcrea
teComponent([33mComba
tManagerComponent[39m
)[33m;[39m
     [90m    |[39m  
                      
   
[31m[1m^[22m[39m
     [90m 24 |[39m  
       component 
[33m=[39m fixture[3
3m.[39mcomponentInsta
nce[33m;[39m
     [90m 25 |[39m  
       httpMock 
[33m=[39m [33mTestB
ed[39m[33m.[39minje
ct([33mHttpTestingCon
troller[39m)[33m;[3
9m
     [90m 26 
|[39m[0m

      at new NgZone (n
ode_modules/@angular/c
ore/fesm2022/debug_nod
e.mjs:16642:19)
      at 
Object.ngZoneFactory 
[as useFactory] (node_
modules/@angular/core/
fesm2022/debug_node.mj
s:30593:29)
      at 
Object.factory (node_m
odules/@angular/core/f
esm2022/root_effect_sc
heduler.mjs:2290:38)
      at node_modules/
@angular/core/fesm2022
/root_effect_scheduler
.mjs:2187:47
      at runInInjector
ProfilerContext (node_
modules/@angular/core/
fesm2022/root_effect_s
cheduler.mjs:746:9)
      at 
R3Injector.hydrate (no
de_modules/@angular/co
re/fesm2022/root_effec
t_scheduler.mjs:2185:2
1)
      at 
R3Injector.get (node_m
odules/@angular/core/f
esm2022/root_effect_sc
heduler.mjs:2033:33)
      at 
R3Injector.retrieve (n
ode_modules/@angular/c
ore/fesm2022/root_effe
ct_scheduler.mjs:1929:
25)
      at 
injectInjectorOnly (no
de_modules/@angular/co
re/fesm2022/root_effec
t_scheduler.mjs:1046:3
9)
      at ╔╡╔╡inject (n
ode_modules/@angular/c
ore/fesm2022/root_effe
ct_scheduler.mjs:1058:
42)
      at inject (node_
modules/@angular/core/
fesm2022/root_effect_s
cheduler.mjs:1144:12)
      at new _NgZoneCh
angeDetectionScheduler
 (node_modules/@angula
r/core/fesm2022/debug_
node.mjs:30548:12)
      at Object.NgZone
ChangeDetectionSchedul
er_Factory [as 
factory] (node_modules
/@angular/core/fesm202
2/debug_node.mjs:30580
:95)
      at node_modules/
@angular/core/fesm2022
/root_effect_scheduler
.mjs:2187:47
      at runInInjector
ProfilerContext (node_
modules/@angular/core/
fesm2022/root_effect_s
cheduler.mjs:746:9)
      at 
R3Injector.hydrate (no
de_modules/@angular/co
re/fesm2022/root_effec
t_scheduler.mjs:2185:2
1)
      at 
R3Injector.get (node_m
odules/@angular/core/f
esm2022/root_effect_sc
heduler.mjs:2033:33)
      at 
R3Injector.retrieve (n
ode_modules/@angular/c
ore/fesm2022/root_effe
ct_scheduler.mjs:1929:
25)
      at 
injectInjectorOnly (no
de_modules/@angular/co
re/fesm2022/root_effec
t_scheduler.mjs:1046:3
9)
      at ╔╡╔╡inject (n
ode_modules/@angular/c
ore/fesm2022/root_effe
ct_scheduler.mjs:1058:
42)
      at inject (node_
modules/@angular/core/
fesm2022/root_effect_s
cheduler.mjs:1144:12)
      at 
Object.useFactory (nod
e_modules/@angular/cor
e/fesm2022/debug_node.
mjs:30600:56)
      at 
Object.factory (node_m
odules/@angular/core/f
esm2022/root_effect_sc
heduler.mjs:2290:38)
      at node_modules/
@angular/core/fesm2022
/root_effect_scheduler
.mjs:2187:47
      at runInInjector
ProfilerContext (node_
modules/@angular/core/
fesm2022/root_effect_s
cheduler.mjs:746:9)
      at 
R3Injector.hydrate (no
de_modules/@angular/co
re/fesm2022/root_effec
t_scheduler.mjs:2185:2
1)
      at 
R3Injector.get (node_m
odules/@angular/core/f
esm2022/root_effect_sc
heduler.mjs:2033:33)
      at 
R3Injector.retrieve (n
ode_modules/@angular/c
ore/fesm2022/root_effe
ct_scheduler.mjs:1929:
25)
      at 
injectInjectorOnly (no
de_modules/@angular/co
re/fesm2022/root_effec
t_scheduler.mjs:1046:3
9)
      at ╔╡╔╡inject (n
ode_modules/@angular/c
ore/fesm2022/root_effe
ct_scheduler.mjs:1058:
42)
      at injectArgs (n
ode_modules/@angular/c
ore/fesm2022/root_effe
ct_scheduler.mjs:1198:
23)
      at Object.multiR
ecord.factory (node_mo
dules/@angular/core/fe
sm2022/root_effect_sch
eduler.mjs:2160:45)
      at node_modules/
@angular/core/fesm2022
/root_effect_scheduler
.mjs:2187:47
      at runInInjector
ProfilerContext (node_
modules/@angular/core/
fesm2022/root_effect_s
cheduler.mjs:746:9)
      at 
R3Injector.hydrate (no
de_modules/@angular/co
re/fesm2022/root_effec
t_scheduler.mjs:2185:2
1)
      at 
R3Injector.get (node_m
odules/@angular/core/f
esm2022/root_effect_sc
heduler.mjs:2033:33)
      at R3Injector.re
solveInjectorInitializ
ers (node_modules/@ang
ular/core/fesm2022/roo
t_effect_scheduler.mjs
:2098:39)
      at NgModuleRef2.
resolveInjectorInitial
izers (node_modules/@a
ngular/core/fesm2022/d
ebug_node.mjs:15099:26
)
      at new 
NgModuleRef2 (node_mod
ules/@angular/core/fes
m2022/debug_node.mjs:1
5095:18)
      at TestBedCompil
er.finalize (node_modu
les/@angular/core/fesm
2022/testing.mjs:1026:
30)
      at 
_TestBedImpl.get 
testModuleRef [as 
testModuleRef] (node_m
odules/@angular/core/f
esm2022/testing.mjs:20
93:49)
      at 
_TestBedImpl.inject (n
ode_modules/@angular/c
ore/fesm2022/testing.m
js:2004:29)
      at _TestBedImpl.
createComponent (node_
modules/@angular/core/
fesm2022/testing.mjs:2
058:44)
      at _TestBedImpl.
createComponent (node_
modules/@angular/core/
fesm2022/testing.mjs:1
854:37)
      at 
Object.<anonymous> (sr
c/app/dm-toolkit/comba
t-manager/combat-manag
er.component.spec.ts:2
3:27)

  ΓùÅ CombatManagerCom
ponent ΓÇ║ Turn 
Management ΓÇ║ should 
advance to next turn

    TypeError: Cannot 
read properties of 
undefined (reading 
'verify')

    [0m [90m 40 
|[39m
     [90m 41 |[39m  
   afterEach(() 
[33m=>[39m {
    [31m[1m>[22m[3
9m[90m 42 |[39m     
    httpMock[33m.[39
mverify()[33m;[39m
     [90m    |[39m  
                
[31m[1m^[22m[39m
     [90m 43 |[39m  
   })[33m;[39m
     [90m 44 |[39m
     [90m 45 |[39m  
   describe([32m'Comp
onent Initialization'
[39m[33m,[39m () 
[33m=>[39m {[0m

      at 
Object.<anonymous> (sr
c/app/dm-toolkit/comba
t-manager/combat-manag
er.component.spec.ts:4
2:18)

  ΓùÅ CombatManagerCom
ponent ΓÇ║ Turn 
Management ΓÇ║ should 
go to previous turn

    NG0908: In this 
configuration Angular 
requires Zone.js

    [0m [90m 21 
|[39m         })[33m
.[39mcompileComponent
s()[33m;[39m
     [90m 22 |[39m
    [31m[1m>[22m[3
9m[90m 23 |[39m     
    fixture 
[33m=[39m [33mTestB
ed[39m[33m.[39mcrea
teComponent([33mComba
tManagerComponent[39m
)[33m;[39m
     [90m    |[39m  
                      
   
[31m[1m^[22m[39m
     [90m 24 |[39m  
       component 
[33m=[39m fixture[3
3m.[39mcomponentInsta
nce[33m;[39m
     [90m 25 |[39m  
       httpMock 
[33m=[39m [33mTestB
ed[39m[33m.[39minje
ct([33mHttpTestingCon
troller[39m)[33m;[3
9m
     [90m 26 
|[39m[0m

      at new NgZone (n
ode_modules/@angular/c
ore/fesm2022/debug_nod
e.mjs:16642:19)
      at 
Object.ngZoneFactory 
[as useFactory] (node_
modules/@angular/core/
fesm2022/debug_node.mj
s:30593:29)
      at 
Object.factory (node_m
odules/@angular/core/f
esm2022/root_effect_sc
heduler.mjs:2290:38)
      at node_modules/
@angular/core/fesm2022
/root_effect_scheduler
.mjs:2187:47
      at runInInjector
ProfilerContext (node_
modules/@angular/core/
fesm2022/root_effect_s
cheduler.mjs:746:9)
      at 
R3Injector.hydrate (no
de_modules/@angular/co
re/fesm2022/root_effec
t_scheduler.mjs:2185:2
1)
      at 
R3Injector.get (node_m
odules/@angular/core/f
esm2022/root_effect_sc
heduler.mjs:2033:33)
      at 
R3Injector.retrieve (n
ode_modules/@angular/c
ore/fesm2022/root_effe
ct_scheduler.mjs:1929:
25)
      at 
injectInjectorOnly (no
de_modules/@angular/co
re/fesm2022/root_effec
t_scheduler.mjs:1046:3
9)
      at ╔╡╔╡inject (n
ode_modules/@angular/c
ore/fesm2022/root_effe
ct_scheduler.mjs:1058:
42)
      at inject (node_
modules/@angular/core/
fesm2022/root_effect_s
cheduler.mjs:1144:12)
      at new _NgZoneCh
angeDetectionScheduler
 (node_modules/@angula
r/core/fesm2022/debug_
node.mjs:30548:12)
      at Object.NgZone
ChangeDetectionSchedul
er_Factory [as 
factory] (node_modules
/@angular/core/fesm202
2/debug_node.mjs:30580
:95)
      at node_modules/
@angular/core/fesm2022
/root_effect_scheduler
.mjs:2187:47
      at runInInjector
ProfilerContext (node_
modules/@angular/core/
fesm2022/root_effect_s
cheduler.mjs:746:9)
      at 
R3Injector.hydrate (no
de_modules/@angular/co
re/fesm2022/root_effec
t_scheduler.mjs:2185:2
1)
      at 
R3Injector.get (node_m
odules/@angular/core/f
esm2022/root_effect_sc
heduler.mjs:2033:33)
      at 
R3Injector.retrieve (n
ode_modules/@angular/c
ore/fesm2022/root_effe
ct_scheduler.mjs:1929:
25)
      at 
injectInjectorOnly (no
de_modules/@angular/co
re/fesm2022/root_effec
t_scheduler.mjs:1046:3
9)
      at ╔╡╔╡inject (n
ode_modules/@angular/c
ore/fesm2022/root_effe
ct_scheduler.mjs:1058:
42)
      at inject (node_
modules/@angular/core/
fesm2022/root_effect_s
cheduler.mjs:1144:12)
      at 
Object.useFactory (nod
e_modules/@angular/cor
e/fesm2022/debug_node.
mjs:30600:56)
      at 
Object.factory (node_m
odules/@angular/core/f
esm2022/root_effect_sc
heduler.mjs:2290:38)
      at node_modules/
@angular/core/fesm2022
/root_effect_scheduler
.mjs:2187:47
      at runInInjector
ProfilerContext (node_
modules/@angular/core/
fesm2022/root_effect_s
cheduler.mjs:746:9)
      at 
R3Injector.hydrate (no
de_modules/@angular/co
re/fesm2022/root_effec
t_scheduler.mjs:2185:2
1)
      at 
R3Injector.get (node_m
odules/@angular/core/f
esm2022/root_effect_sc
heduler.mjs:2033:33)
      at 
R3Injector.retrieve (n
ode_modules/@angular/c
ore/fesm2022/root_effe
ct_scheduler.mjs:1929:
25)
      at 
injectInjectorOnly (no
de_modules/@angular/co
re/fesm2022/root_effec
t_scheduler.mjs:1046:3
9)
      at ╔╡╔╡inject (n
ode_modules/@angular/c
ore/fesm2022/root_effe
ct_scheduler.mjs:1058:
42)
      at injectArgs (n
ode_modules/@angular/c
ore/fesm2022/root_effe
ct_scheduler.mjs:1198:
23)
      at Object.multiR
ecord.factory (node_mo
dules/@angular/core/fe
sm2022/root_effect_sch
eduler.mjs:2160:45)
      at node_modules/
@angular/core/fesm2022
/root_effect_scheduler
.mjs:2187:47
      at runInInjector
ProfilerContext (node_
modules/@angular/core/
fesm2022/root_effect_s
cheduler.mjs:746:9)
      at 
R3Injector.hydrate (no
de_modules/@angular/co
re/fesm2022/root_effec
t_scheduler.mjs:2185:2
1)
      at 
R3Injector.get (node_m
odules/@angular/core/f
esm2022/root_effect_sc
heduler.mjs:2033:33)
      at R3Injector.re
solveInjectorInitializ
ers (node_modules/@ang
ular/core/fesm2022/roo
t_effect_scheduler.mjs
:2098:39)
      at NgModuleRef2.
resolveInjectorInitial
izers (node_modules/@a
ngular/core/fesm2022/d
ebug_node.mjs:15099:26
)
      at new 
NgModuleRef2 (node_mod
ules/@angular/core/fes
m2022/debug_node.mjs:1
5095:18)
      at TestBedCompil
er.finalize (node_modu
les/@angular/core/fesm
2022/testing.mjs:1026:
30)
      at 
_TestBedImpl.get 
testModuleRef [as 
testModuleRef] (node_m
odules/@angular/core/f
esm2022/testing.mjs:20
93:49)
      at 
_TestBedImpl.inject (n
ode_modules/@angular/c
ore/fesm2022/testing.m
js:2004:29)
      at _TestBedImpl.
createComponent (node_
modules/@angular/core/
fesm2022/testing.mjs:2
058:44)
      at _TestBedImpl.
createComponent (node_
modules/@angular/core/
fesm2022/testing.mjs:1
854:37)
      at 
Object.<anonymous> (sr
c/app/dm-toolkit/comba
t-manager/combat-manag
er.component.spec.ts:2
3:27)

  ΓùÅ CombatManagerCom
ponent ΓÇ║ Turn 
Management ΓÇ║ should 
go to previous turn

    TypeError: Cannot 
read properties of 
undefined (reading 
'verify')

    [0m [90m 40 
|[39m
     [90m 41 |[39m  
   afterEach(() 
[33m=>[39m {
    [31m[1m>[22m[3
9m[90m 42 |[39m     
    httpMock[33m.[39
mverify()[33m;[39m
     [90m    |[39m  
                
[31m[1m^[22m[39m
     [90m 43 |[39m  
   })[33m;[39m
     [90m 44 |[39m
     [90m 45 |[39m  
   describe([32m'Comp
onent Initialization'
[39m[33m,[39m () 
[33m=>[39m {[0m

      at 
Object.<anonymous> (sr
c/app/dm-toolkit/comba
t-manager/combat-manag
er.component.spec.ts:4
2:18)

  ΓùÅ CombatManagerCom
ponent ΓÇ║ HP 
Calculation ΓÇ║ 
should calculate 
average HP from string

    NG0908: In this 
configuration Angular 
requires Zone.js

    [0m [90m 21 
|[39m         })[33m
.[39mcompileComponent
s()[33m;[39m
     [90m 22 |[39m
    [31m[1m>[22m[3
9m[90m 23 |[39m     
    fixture 
[33m=[39m [33mTestB
ed[39m[33m.[39mcrea
teComponent([33mComba
tManagerComponent[39m
)[33m;[39m
     [90m    |[39m  
                      
   
[31m[1m^[22m[39m
     [90m 24 |[39m  
       component 
[33m=[39m fixture[3
3m.[39mcomponentInsta
nce[33m;[39m
     [90m 25 |[39m  
       httpMock 
[33m=[39m [33mTestB
ed[39m[33m.[39minje
ct([33mHttpTestingCon
troller[39m)[33m;[3
9m
     [90m 26 
|[39m[0m

      at new NgZone (n
ode_modules/@angular/c
ore/fesm2022/debug_nod
e.mjs:16642:19)
      at 
Object.ngZoneFactory 
[as useFactory] (node_
modules/@angular/core/
fesm2022/debug_node.mj
s:30593:29)
      at 
Object.factory (node_m
odules/@angular/core/f
esm2022/root_effect_sc
heduler.mjs:2290:38)
      at node_modules/
@angular/core/fesm2022
/root_effect_scheduler
.mjs:2187:47
      at runInInjector
ProfilerContext (node_
modules/@angular/core/
fesm2022/root_effect_s
cheduler.mjs:746:9)
      at 
R3Injector.hydrate (no
de_modules/@angular/co
re/fesm2022/root_effec
t_scheduler.mjs:2185:2
1)
      at 
R3Injector.get (node_m
odules/@angular/core/f
esm2022/root_effect_sc
heduler.mjs:2033:33)
      at 
R3Injector.retrieve (n
ode_modules/@angular/c
ore/fesm2022/root_effe
ct_scheduler.mjs:1929:
25)
      at 
injectInjectorOnly (no
de_modules/@angular/co
re/fesm2022/root_effec
t_scheduler.mjs:1046:3
9)
      at ╔╡╔╡inject (n
ode_modules/@angular/c
ore/fesm2022/root_effe
ct_scheduler.mjs:1058:
42)
      at inject (node_
modules/@angular/core/
fesm2022/root_effect_s
cheduler.mjs:1144:12)
      at new _NgZoneCh
angeDetectionScheduler
 (node_modules/@angula
r/core/fesm2022/debug_
node.mjs:30548:12)
      at Object.NgZone
ChangeDetectionSchedul
er_Factory [as 
factory] (node_modules
/@angular/core/fesm202
2/debug_node.mjs:30580
:95)
      at node_modules/
@angular/core/fesm2022
/root_effect_scheduler
.mjs:2187:47
      at runInInjector
ProfilerContext (node_
modules/@angular/core/
fesm2022/root_effect_s
cheduler.mjs:746:9)
      at 
R3Injector.hydrate (no
de_modules/@angular/co
re/fesm2022/root_effec
t_scheduler.mjs:2185:2
1)
      at 
R3Injector.get (node_m
odules/@angular/core/f
esm2022/root_effect_sc
heduler.mjs:2033:33)
      at 
R3Injector.retrieve (n
ode_modules/@angular/c
ore/fesm2022/root_effe
ct_scheduler.mjs:1929:
25)
      at 
injectInjectorOnly (no
de_modules/@angular/co
re/fesm2022/root_effec
t_scheduler.mjs:1046:3
9)
      at ╔╡╔╡inject (n
ode_modules/@angular/c
ore/fesm2022/root_effe
ct_scheduler.mjs:1058:
42)
      at inject (node_
modules/@angular/core/
fesm2022/root_effect_s
cheduler.mjs:1144:12)
      at 
Object.useFactory (nod
e_modules/@angular/cor
e/fesm2022/debug_node.
mjs:30600:56)
      at 
Object.factory (node_m
odules/@angular/core/f
esm2022/root_effect_sc
heduler.mjs:2290:38)
      at node_modules/
@angular/core/fesm2022
/root_effect_scheduler
.mjs:2187:47
      at runInInjector
ProfilerContext (node_
modules/@angular/core/
fesm2022/root_effect_s
cheduler.mjs:746:9)
      at 
R3Injector.hydrate (no
de_modules/@angular/co
re/fesm2022/root_effec
t_scheduler.mjs:2185:2
1)
      at 
R3Injector.get (node_m
odules/@angular/core/f
esm2022/root_effect_sc
heduler.mjs:2033:33)
      at 
R3Injector.retrieve (n
ode_modules/@angular/c
ore/fesm2022/root_effe
ct_scheduler.mjs:1929:
25)
      at 
injectInjectorOnly (no
de_modules/@angular/co
re/fesm2022/root_effec
t_scheduler.mjs:1046:3
9)
      at ╔╡╔╡inject (n
ode_modules/@angular/c
ore/fesm2022/root_effe
ct_scheduler.mjs:1058:
42)
      at injectArgs (n
ode_modules/@angular/c
ore/fesm2022/root_effe
ct_scheduler.mjs:1198:
23)
      at Object.multiR
ecord.factory (node_mo
dules/@angular/core/fe
sm2022/root_effect_sch
eduler.mjs:2160:45)
      at node_modules/
@angular/core/fesm2022
/root_effect_scheduler
.mjs:2187:47
      at runInInjector
ProfilerContext (node_
modules/@angular/core/
fesm2022/root_effect_s
cheduler.mjs:746:9)
      at 
R3Injector.hydrate (no
de_modules/@angular/co
re/fesm2022/root_effec
t_scheduler.mjs:2185:2
1)
      at 
R3Injector.get (node_m
odules/@angular/core/f
esm2022/root_effect_sc
heduler.mjs:2033:33)
      at R3Injector.re
solveInjectorInitializ
ers (node_modules/@ang
ular/core/fesm2022/roo
t_effect_scheduler.mjs
:2098:39)
      at NgModuleRef2.
resolveInjectorInitial
izers (node_modules/@a
ngular/core/fesm2022/d
ebug_node.mjs:15099:26
)
      at new 
NgModuleRef2 (node_mod
ules/@angular/core/fes
m2022/debug_node.mjs:1
5095:18)
      at TestBedCompil
er.finalize (node_modu
les/@angular/core/fesm
2022/testing.mjs:1026:
30)
      at 
_TestBedImpl.get 
testModuleRef [as 
testModuleRef] (node_m
odules/@angular/core/f
esm2022/testing.mjs:20
93:49)
      at 
_TestBedImpl.inject (n
ode_modules/@angular/c
ore/fesm2022/testing.m
js:2004:29)
      at _TestBedImpl.
createComponent (node_
modules/@angular/core/
fesm2022/testing.mjs:2
058:44)
      at _TestBedImpl.
createComponent (node_
modules/@angular/core/
fesm2022/testing.mjs:1
854:37)
      at 
Object.<anonymous> (sr
c/app/dm-toolkit/comba
t-manager/combat-manag
er.component.spec.ts:2
3:27)

  ΓùÅ CombatManagerCom
ponent ΓÇ║ HP 
Calculation ΓÇ║ 
should calculate 
average HP from string

    TypeError: Cannot 
read properties of 
undefined (reading 
'verify')

    [0m [90m 40 
|[39m
     [90m 41 |[39m  
   afterEach(() 
[33m=>[39m {
    [31m[1m>[22m[3
9m[90m 42 |[39m     
    httpMock[33m.[39
mverify()[33m;[39m
     [90m    |[39m  
                
[31m[1m^[22m[39m
     [90m 43 |[39m  
   })[33m;[39m
     [90m 44 |[39m
     [90m 45 |[39m  
   describe([32m'Comp
onent Initialization'
[39m[33m,[39m () 
[33m=>[39m {[0m

      at 
Object.<anonymous> (sr
c/app/dm-toolkit/comba
t-manager/combat-manag
er.component.spec.ts:4
2:18)

  ΓùÅ CombatManagerCom
ponent ΓÇ║ HP 
Calculation ΓÇ║ 
should calculate max 
HP from dice string

    NG0908: In this 
configuration Angular 
requires Zone.js

    [0m [90m 21 
|[39m         })[33m
.[39mcompileComponent
s()[33m;[39m
     [90m 22 |[39m
    [31m[1m>[22m[3
9m[90m 23 |[39m     
    fixture 
[33m=[39m [33mTestB
ed[39m[33m.[39mcrea
teComponent([33mComba
tManagerComponent[39m
)[33m;[39m
     [90m    |[39m  
                      
   
[31m[1m^[22m[39m
     [90m 24 |[39m  
       component 
[33m=[39m fixture[3
3m.[39mcomponentInsta
nce[33m;[39m
     [90m 25 |[39m  
       httpMock 
[33m=[39m [33mTestB
ed[39m[33m.[39minje
ct([33mHttpTestingCon
troller[39m)[33m;[3
9m
     [90m 26 
|[39m[0m

      at new NgZone (n
ode_modules/@angular/c
ore/fesm2022/debug_nod
e.mjs:16642:19)
      at 
Object.ngZoneFactory 
[as useFactory] (node_
modules/@angular/core/
fesm2022/debug_node.mj
s:30593:29)
      at 
Object.factory (node_m
odules/@angular/core/f
esm2022/root_effect_sc
heduler.mjs:2290:38)
      at node_modules/
@angular/core/fesm2022
/root_effect_scheduler
.mjs:2187:47
      at runInInjector
ProfilerContext (node_
modules/@angular/core/
fesm2022/root_effect_s
cheduler.mjs:746:9)
      at 
R3Injector.hydrate (no
de_modules/@angular/co
re/fesm2022/root_effec
t_scheduler.mjs:2185:2
1)
      at 
R3Injector.get (node_m
odules/@angular/core/f
esm2022/root_effect_sc
heduler.mjs:2033:33)
      at 
R3Injector.retrieve (n
ode_modules/@angular/c
ore/fesm2022/root_effe
ct_scheduler.mjs:1929:
25)
      at 
injectInjectorOnly (no
de_modules/@angular/co
re/fesm2022/root_effec
t_scheduler.mjs:1046:3
9)
      at ╔╡╔╡inject (n
ode_modules/@angular/c
ore/fesm2022/root_effe
ct_scheduler.mjs:1058:
42)
      at inject (node_
modules/@angular/core/
fesm2022/root_effect_s
cheduler.mjs:1144:12)
      at new _NgZoneCh
angeDetectionScheduler
 (node_modules/@angula
r/core/fesm2022/debug_
node.mjs:30548:12)
      at Object.NgZone
ChangeDetectionSchedul
er_Factory [as 
factory] (node_modules
/@angular/core/fesm202
2/debug_node.mjs:30580
:95)
      at node_modules/
@angular/core/fesm2022
/root_effect_scheduler
.mjs:2187:47
      at runInInjector
ProfilerContext (node_
modules/@angular/core/
fesm2022/root_effect_s
cheduler.mjs:746:9)
      at 
R3Injector.hydrate (no
de_modules/@angular/co
re/fesm2022/root_effec
t_scheduler.mjs:2185:2
1)
      at 
R3Injector.get (node_m
odules/@angular/core/f
esm2022/root_effect_sc
heduler.mjs:2033:33)
      at 
R3Injector.retrieve (n
ode_modules/@angular/c
ore/fesm2022/root_effe
ct_scheduler.mjs:1929:
25)
      at 
injectInjectorOnly (no
de_modules/@angular/co
re/fesm2022/root_effec
t_scheduler.mjs:1046:3
9)
      at ╔╡╔╡inject (n
ode_modules/@angular/c
ore/fesm2022/root_effe
ct_scheduler.mjs:1058:
42)
      at inject (node_
modules/@angular/core/
fesm2022/root_effect_s
cheduler.mjs:1144:12)
      at 
Object.useFactory (nod
e_modules/@angular/cor
e/fesm2022/debug_node.
mjs:30600:56)
      at 
Object.factory (node_m
odules/@angular/core/f
esm2022/root_effect_sc
heduler.mjs:2290:38)
      at node_modules/
@angular/core/fesm2022
/root_effect_scheduler
.mjs:2187:47
      at runInInjector
ProfilerContext (node_
modules/@angular/core/
fesm2022/root_effect_s
cheduler.mjs:746:9)
      at 
R3Injector.hydrate (no
de_modules/@angular/co
re/fesm2022/root_effec
t_scheduler.mjs:2185:2
1)
      at 
R3Injector.get (node_m
odules/@angular/core/f
esm2022/root_effect_sc
heduler.mjs:2033:33)
      at 
R3Injector.retrieve (n
ode_modules/@angular/c
ore/fesm2022/root_effe
ct_scheduler.mjs:1929:
25)
      at 
injectInjectorOnly (no
de_modules/@angular/co
re/fesm2022/root_effec
t_scheduler.mjs:1046:3
9)
      at ╔╡╔╡inject (n
ode_modules/@angular/c
ore/fesm2022/root_effe
ct_scheduler.mjs:1058:
42)
      at injectArgs (n
ode_modules/@angular/c
ore/fesm2022/root_effe
ct_scheduler.mjs:1198:
23)
      at Object.multiR
ecord.factory (node_mo
dules/@angular/core/fe
sm2022/root_effect_sch
eduler.mjs:2160:45)
      at node_modules/
@angular/core/fesm2022
/root_effect_scheduler
.mjs:2187:47
      at runInInjector
ProfilerContext (node_
modules/@angular/core/
fesm2022/root_effect_s
cheduler.mjs:746:9)
      at 
R3Injector.hydrate (no
de_modules/@angular/co
re/fesm2022/root_effec
t_scheduler.mjs:2185:2
1)
      at 
R3Injector.get (node_m
odules/@angular/core/f
esm2022/root_effect_sc
heduler.mjs:2033:33)
      at R3Injector.re
solveInjectorInitializ
ers (node_modules/@ang
ular/core/fesm2022/roo
t_effect_scheduler.mjs
:2098:39)
      at NgModuleRef2.
resolveInjectorInitial
izers (node_modules/@a
ngular/core/fesm2022/d
ebug_node.mjs:15099:26
)
      at new 
NgModuleRef2 (node_mod
ules/@angular/core/fes
m2022/debug_node.mjs:1
5095:18)
      at TestBedCompil
er.finalize (node_modu
les/@angular/core/fesm
2022/testing.mjs:1026:
30)
      at 
_TestBedImpl.get 
testModuleRef [as 
testModuleRef] (node_m
odules/@angular/core/f
esm2022/testing.mjs:20
93:49)
      at 
_TestBedImpl.inject (n
ode_modules/@angular/c
ore/fesm2022/testing.m
js:2004:29)
      at _TestBedImpl.
createComponent (node_
modules/@angular/core/
fesm2022/testing.mjs:2
058:44)
      at _TestBedImpl.
createComponent (node_
modules/@angular/core/
fesm2022/testing.mjs:1
854:37)
      at 
Object.<anonymous> (sr
c/app/dm-toolkit/comba
t-manager/combat-manag
er.component.spec.ts:2
3:27)

  ΓùÅ CombatManagerCom
ponent ΓÇ║ HP 
Calculation ΓÇ║ 
should calculate max 
HP from dice string

    TypeError: Cannot 
read properties of 
undefined (reading 
'verify')

    [0m [90m 40 
|[39m
     [90m 41 |[39m  
   afterEach(() 
[33m=>[39m {
    [31m[1m>[22m[3
9m[90m 42 |[39m     
    httpMock[33m.[39
mverify()[33m;[39m
     [90m    |[39m  
                
[31m[1m^[22m[39m
     [90m 43 |[39m  
   })[33m;[39m
     [90m 44 |[39m
     [90m 45 |[39m  
   describe([32m'Comp
onent Initialization'
[39m[33m,[39m () 
[33m=>[39m {[0m

      at 
Object.<anonymous> (sr
c/app/dm-toolkit/comba
t-manager/combat-manag
er.component.spec.ts:4
2:18)

  ΓùÅ CombatManagerCom
ponent ΓÇ║ HP 
Calculation ΓÇ║ 
should handle HP 
strings without dice 
notation

    NG0908: In this 
configuration Angular 
requires Zone.js

    [0m [90m 21 
|[39m         })[33m
.[39mcompileComponent
s()[33m;[39m
     [90m 22 |[39m
    [31m[1m>[22m[3
9m[90m 23 |[39m     
    fixture 
[33m=[39m [33mTestB
ed[39m[33m.[39mcrea
teComponent([33mComba
tManagerComponent[39m
)[33m;[39m
     [90m    |[39m  
                      
   
[31m[1m^[22m[39m
     [90m 24 |[39m  
       component 
[33m=[39m fixture[3
3m.[39mcomponentInsta
nce[33m;[39m
     [90m 25 |[39m  
       httpMock 
[33m=[39m [33mTestB
ed[39m[33m.[39minje
ct([33mHttpTestingCon
troller[39m)[33m;[3
9m
     [90m 26 
|[39m[0m

      at new NgZone (n
ode_modules/@angular/c
ore/fesm2022/debug_nod
e.mjs:16642:19)
      at 
Object.ngZoneFactory 
[as useFactory] (node_
modules/@angular/core/
fesm2022/debug_node.mj
s:30593:29)
      at 
Object.factory (node_m
odules/@angular/core/f
esm2022/root_effect_sc
heduler.mjs:2290:38)
      at node_modules/
@angular/core/fesm2022
/root_effect_scheduler
.mjs:2187:47
      at runInInjector
ProfilerContext (node_
modules/@angular/core/
fesm2022/root_effect_s
cheduler.mjs:746:9)
      at 
R3Injector.hydrate (no
de_modules/@angular/co
re/fesm2022/root_effec
t_scheduler.mjs:2185:2
1)
      at 
R3Injector.get (node_m
odules/@angular/core/f
esm2022/root_effect_sc
heduler.mjs:2033:33)
      at 
R3Injector.retrieve (n
ode_modules/@angular/c
ore/fesm2022/root_effe
ct_scheduler.mjs:1929:
25)
      at 
injectInjectorOnly (no
de_modules/@angular/co
re/fesm2022/root_effec
t_scheduler.mjs:1046:3
9)
      at ╔╡╔╡inject (n
ode_modules/@angular/c
ore/fesm2022/root_effe
ct_scheduler.mjs:1058:
42)
      at inject (node_
modules/@angular/core/
fesm2022/root_effect_s
cheduler.mjs:1144:12)
      at new _NgZoneCh
angeDetectionScheduler
 (node_modules/@angula
r/core/fesm2022/debug_
node.mjs:30548:12)
      at Object.NgZone
ChangeDetectionSchedul
er_Factory [as 
factory] (node_modules
/@angular/core/fesm202
2/debug_node.mjs:30580
:95)
      at node_modules/
@angular/core/fesm2022
/root_effect_scheduler
.mjs:2187:47
      at runInInjector
ProfilerContext (node_
modules/@angular/core/
fesm2022/root_effect_s
cheduler.mjs:746:9)
      at 
R3Injector.hydrate (no
de_modules/@angular/co
re/fesm2022/root_effec
t_scheduler.mjs:2185:2
1)
      at 
R3Injector.get (node_m
odules/@angular/core/f
esm2022/root_effect_sc
heduler.mjs:2033:33)
      at 
R3Injector.retrieve (n
ode_modules/@angular/c
ore/fesm2022/root_effe
ct_scheduler.mjs:1929:
25)
      at 
injectInjectorOnly (no
de_modules/@angular/co
re/fesm2022/root_effec
t_scheduler.mjs:1046:3
9)
      at ╔╡╔╡inject (n
ode_modules/@angular/c
ore/fesm2022/root_effe
ct_scheduler.mjs:1058:
42)
      at inject (node_
modules/@angular/core/
fesm2022/root_effect_s
cheduler.mjs:1144:12)
      at 
Object.useFactory (nod
e_modules/@angular/cor
e/fesm2022/debug_node.
mjs:30600:56)
      at 
Object.factory (node_m
odules/@angular/core/f
esm2022/root_effect_sc
heduler.mjs:2290:38)
      at node_modules/
@angular/core/fesm2022
/root_effect_scheduler
.mjs:2187:47
      at runInInjector
ProfilerContext (node_
modules/@angular/core/
fesm2022/root_effect_s
cheduler.mjs:746:9)
      at 
R3Injector.hydrate (no
de_modules/@angular/co
re/fesm2022/root_effec
t_scheduler.mjs:2185:2
1)
      at 
R3Injector.get (node_m
odules/@angular/core/f
esm2022/root_effect_sc
heduler.mjs:2033:33)
      at 
R3Injector.retrieve (n
ode_modules/@angular/c
ore/fesm2022/root_effe
ct_scheduler.mjs:1929:
25)
      at 
injectInjectorOnly (no
de_modules/@angular/co
re/fesm2022/root_effec
t_scheduler.mjs:1046:3
9)
      at ╔╡╔╡inject (n
ode_modules/@angular/c
ore/fesm2022/root_effe
ct_scheduler.mjs:1058:
42)
      at injectArgs (n
ode_modules/@angular/c
ore/fesm2022/root_effe
ct_scheduler.mjs:1198:
23)
      at Object.multiR
ecord.factory (node_mo
dules/@angular/core/fe
sm2022/root_effect_sch
eduler.mjs:2160:45)
      at node_modules/
@angular/core/fesm2022
/root_effect_scheduler
.mjs:2187:47
      at runInInjector
ProfilerContext (node_
modules/@angular/core/
fesm2022/root_effect_s
cheduler.mjs:746:9)
      at 
R3Injector.hydrate (no
de_modules/@angular/co
re/fesm2022/root_effec
t_scheduler.mjs:2185:2
1)
      at 
R3Injector.get (node_m
odules/@angular/core/f
esm2022/root_effect_sc
heduler.mjs:2033:33)
      at R3Injector.re
solveInjectorInitializ
ers (node_modules/@ang
ular/core/fesm2022/roo
t_effect_scheduler.mjs
:2098:39)
      at NgModuleRef2.
resolveInjectorInitial
izers (node_modules/@a
ngular/core/fesm2022/d
ebug_node.mjs:15099:26
)
      at new 
NgModuleRef2 (node_mod
ules/@angular/core/fes
m2022/debug_node.mjs:1
5095:18)
      at TestBedCompil
er.finalize (node_modu
les/@angular/core/fesm
2022/testing.mjs:1026:
30)
      at 
_TestBedImpl.get 
testModuleRef [as 
testModuleRef] (node_m
odules/@angular/core/f
esm2022/testing.mjs:20
93:49)
      at 
_TestBedImpl.inject (n
ode_modules/@angular/c
ore/fesm2022/testing.m
js:2004:29)
      at _TestBedImpl.
createComponent (node_
modules/@angular/core/
fesm2022/testing.mjs:2
058:44)
      at _TestBedImpl.
createComponent (node_
modules/@angular/core/
fesm2022/testing.mjs:1
854:37)
      at 
Object.<anonymous> (sr
c/app/dm-toolkit/comba
t-manager/combat-manag
er.component.spec.ts:2
3:27)

  ΓùÅ CombatManagerCom
ponent ΓÇ║ HP 
Calculation ΓÇ║ 
should handle HP 
strings without dice 
notation

    TypeError: Cannot 
read properties of 
undefined (reading 
'verify')

    [0m [90m 40 
|[39m
     [90m 41 |[39m  
   afterEach(() 
[33m=>[39m {
    [31m[1m>[22m[3
9m[90m 42 |[39m     
    httpMock[33m.[39
mverify()[33m;[39m
     [90m    |[39m  
                
[31m[1m^[22m[39m
     [90m 43 |[39m  
   })[33m;[39m
     [90m 44 |[39m
     [90m 45 |[39m  
   describe([32m'Comp
onent Initialization'
[39m[33m,[39m () 
[33m=>[39m {[0m

      at 
Object.<anonymous> (sr
c/app/dm-toolkit/comba
t-manager/combat-manag
er.component.spec.ts:4
2:18)

  ΓùÅ CombatManagerCom
ponent ΓÇ║ Cascading 
Dropdowns ΓÇ║ should 
compute correct 
dropdown levels

    NG0908: In this 
configuration Angular 
requires Zone.js

    [0m [90m 21 
|[39m         })[33m
.[39mcompileComponent
s()[33m;[39m
     [90m 22 |[39m
    [31m[1m>[22m[3
9m[90m 23 |[39m     
    fixture 
[33m=[39m [33mTestB
ed[39m[33m.[39mcrea
teComponent([33mComba
tManagerComponent[39m
)[33m;[39m
     [90m    |[39m  
                      
   
[31m[1m^[22m[39m
     [90m 24 |[39m  
       component 
[33m=[39m fixture[3
3m.[39mcomponentInsta
nce[33m;[39m
     [90m 25 |[39m  
       httpMock 
[33m=[39m [33mTestB
ed[39m[33m.[39minje
ct([33mHttpTestingCon
troller[39m)[33m;[3
9m
     [90m 26 
|[39m[0m

      at new NgZone (n
ode_modules/@angular/c
ore/fesm2022/debug_nod
e.mjs:16642:19)
      at 
Object.ngZoneFactory 
[as useFactory] (node_
modules/@angular/core/
fesm2022/debug_node.mj
s:30593:29)
      at 
Object.factory (node_m
odules/@angular/core/f
esm2022/root_effect_sc
heduler.mjs:2290:38)
      at node_modules/
@angular/core/fesm2022
/root_effect_scheduler
.mjs:2187:47
      at runInInjector
ProfilerContext (node_
modules/@angular/core/
fesm2022/root_effect_s
cheduler.mjs:746:9)
      at 
R3Injector.hydrate (no
de_modules/@angular/co
re/fesm2022/root_effec
t_scheduler.mjs:2185:2
1)
      at 
R3Injector.get (node_m
odules/@angular/core/f
esm2022/root_effect_sc
heduler.mjs:2033:33)
      at 
R3Injector.retrieve (n
ode_modules/@angular/c
ore/fesm2022/root_effe
ct_scheduler.mjs:1929:
25)
      at 
injectInjectorOnly (no
de_modules/@angular/co
re/fesm2022/root_effec
t_scheduler.mjs:1046:3
9)
      at ╔╡╔╡inject (n
ode_modules/@angular/c
ore/fesm2022/root_effe
ct_scheduler.mjs:1058:
42)
      at inject (node_
modules/@angular/core/
fesm2022/root_effect_s
cheduler.mjs:1144:12)
      at new _NgZoneCh
angeDetectionScheduler
 (node_modules/@angula
r/core/fesm2022/debug_
node.mjs:30548:12)
      at Object.NgZone
ChangeDetectionSchedul
er_Factory [as 
factory] (node_modules
/@angular/core/fesm202
2/debug_node.mjs:30580
:95)
      at node_modules/
@angular/core/fesm2022
/root_effect_scheduler
.mjs:2187:47
      at runInInjector
ProfilerContext (node_
modules/@angular/core/
fesm2022/root_effect_s
cheduler.mjs:746:9)
      at 
R3Injector.hydrate (no
de_modules/@angular/co
re/fesm2022/root_effec
t_scheduler.mjs:2185:2
1)
      at 
R3Injector.get (node_m
odules/@angular/core/f
esm2022/root_effect_sc
heduler.mjs:2033:33)
      at 
R3Injector.retrieve (n
ode_modules/@angular/c
ore/fesm2022/root_effe
ct_scheduler.mjs:1929:
25)
      at 
injectInjectorOnly (no
de_modules/@angular/co
re/fesm2022/root_effec
t_scheduler.mjs:1046:3
9)
      at ╔╡╔╡inject (n
ode_modules/@angular/c
ore/fesm2022/root_effe
ct_scheduler.mjs:1058:
42)
      at inject (node_
modules/@angular/core/
fesm2022/root_effect_s
cheduler.mjs:1144:12)
      at 
Object.useFactory (nod
e_modules/@angular/cor
e/fesm2022/debug_node.
mjs:30600:56)
      at 
Object.factory (node_m
odules/@angular/core/f
esm2022/root_effect_sc
heduler.mjs:2290:38)
      at node_modules/
@angular/core/fesm2022
/root_effect_scheduler
.mjs:2187:47
      at runInInjector
ProfilerContext (node_
modules/@angular/core/
fesm2022/root_effect_s
cheduler.mjs:746:9)
      at 
R3Injector.hydrate (no
de_modules/@angular/co
re/fesm2022/root_effec
t_scheduler.mjs:2185:2
1)
      at 
R3Injector.get (node_m
odules/@angular/core/f
esm2022/root_effect_sc
heduler.mjs:2033:33)
      at 
R3Injector.retrieve (n
ode_modules/@angular/c
ore/fesm2022/root_effe
ct_scheduler.mjs:1929:
25)
      at 
injectInjectorOnly (no
de_modules/@angular/co
re/fesm2022/root_effec
t_scheduler.mjs:1046:3
9)
      at ╔╡╔╡inject (n
ode_modules/@angular/c
ore/fesm2022/root_effe
ct_scheduler.mjs:1058:
42)
      at injectArgs (n
ode_modules/@angular/c
ore/fesm2022/root_effe
ct_scheduler.mjs:1198:
23)
      at Object.multiR
ecord.factory (node_mo
dules/@angular/core/fe
sm2022/root_effect_sch
eduler.mjs:2160:45)
      at node_modules/
@angular/core/fesm2022
/root_effect_scheduler
.mjs:2187:47
      at runInInjector
ProfilerContext (node_
modules/@angular/core/
fesm2022/root_effect_s
cheduler.mjs:746:9)
      at 
R3Injector.hydrate (no
de_modules/@angular/co
re/fesm2022/root_effec
t_scheduler.mjs:2185:2
1)
      at 
R3Injector.get (node_m
odules/@angular/core/f
esm2022/root_effect_sc
heduler.mjs:2033:33)
      at R3Injector.re
solveInjectorInitializ
ers (node_modules/@ang
ular/core/fesm2022/roo
t_effect_scheduler.mjs
:2098:39)
      at NgModuleRef2.
resolveInjectorInitial
izers (node_modules/@a
ngular/core/fesm2022/d
ebug_node.mjs:15099:26
)
      at new 
NgModuleRef2 (node_mod
ules/@angular/core/fes
m2022/debug_node.mjs:1
5095:18)
      at TestBedCompil
er.finalize (node_modu
les/@angular/core/fesm
2022/testing.mjs:1026:
30)
      at 
_TestBedImpl.get 
testModuleRef [as 
testModuleRef] (node_m
odules/@angular/core/f
esm2022/testing.mjs:20
93:49)
      at 
_TestBedImpl.inject (n
ode_modules/@angular/c
ore/fesm2022/testing.m
js:2004:29)
      at _TestBedImpl.
createComponent (node_
modules/@angular/core/
fesm2022/testing.mjs:2
058:44)
      at _TestBedImpl.
createComponent (node_
modules/@angular/core/
fesm2022/testing.mjs:1
854:37)
      at 
Object.<anonymous> (sr
c/app/dm-toolkit/comba
t-manager/combat-manag
er.component.spec.ts:2
3:27)

  ΓùÅ CombatManagerCom
ponent ΓÇ║ Cascading 
Dropdowns ΓÇ║ should 
compute correct 
dropdown levels

    TypeError: Cannot 
read properties of 
undefined (reading 
'verify')

    [0m [90m 40 
|[39m
     [90m 41 |[39m  
   afterEach(() 
[33m=>[39m {
    [31m[1m>[22m[3
9m[90m 42 |[39m     
    httpMock[33m.[39
mverify()[33m;[39m
     [90m    |[39m  
                
[31m[1m^[22m[39m
     [90m 43 |[39m  
   })[33m;[39m
     [90m 44 |[39m
     [90m 45 |[39m  
   describe([32m'Comp
onent Initialization'
[39m[33m,[39m () 
[33m=>[39m {[0m

      at 
Object.<anonymous> (sr
c/app/dm-toolkit/comba
t-manager/combat-manag
er.component.spec.ts:4
2:18)

  ΓùÅ CombatManagerCom
ponent ΓÇ║ Cascading 
Dropdowns ΓÇ║ should 
handle path changes 
correctly

    NG0908: In this 
configuration Angular 
requires Zone.js

    [0m [90m 21 
|[39m         })[33m
.[39mcompileComponent
s()[33m;[39m
     [90m 22 |[39m
    [31m[1m>[22m[3
9m[90m 23 |[39m     
    fixture 
[33m=[39m [33mTestB
ed[39m[33m.[39mcrea
teComponent([33mComba
tManagerComponent[39m
)[33m;[39m
     [90m    |[39m  
                      
   
[31m[1m^[22m[39m
     [90m 24 |[39m  
       component 
[33m=[39m fixture[3
3m.[39mcomponentInsta
nce[33m;[39m
     [90m 25 |[39m  
       httpMock 
[33m=[39m [33mTestB
ed[39m[33m.[39minje
ct([33mHttpTestingCon
troller[39m)[33m;[3
9m
     [90m 26 
|[39m[0m

      at new NgZone (n
ode_modules/@angular/c
ore/fesm2022/debug_nod
e.mjs:16642:19)
      at 
Object.ngZoneFactory 
[as useFactory] (node_
modules/@angular/core/
fesm2022/debug_node.mj
s:30593:29)
      at 
Object.factory (node_m
odules/@angular/core/f
esm2022/root_effect_sc
heduler.mjs:2290:38)
      at node_modules/
@angular/core/fesm2022
/root_effect_scheduler
.mjs:2187:47
      at runInInjector
ProfilerContext (node_
modules/@angular/core/
fesm2022/root_effect_s
cheduler.mjs:746:9)
      at 
R3Injector.hydrate (no
de_modules/@angular/co
re/fesm2022/root_effec
t_scheduler.mjs:2185:2
1)
      at 
R3Injector.get (node_m
odules/@angular/core/f
esm2022/root_effect_sc
heduler.mjs:2033:33)
      at 
R3Injector.retrieve (n
ode_modules/@angular/c
ore/fesm2022/root_effe
ct_scheduler.mjs:1929:
25)
      at 
injectInjectorOnly (no
de_modules/@angular/co
re/fesm2022/root_effec
t_scheduler.mjs:1046:3
9)
      at ╔╡╔╡inject (n
ode_modules/@angular/c
ore/fesm2022/root_effe
ct_scheduler.mjs:1058:
42)
      at inject (node_
modules/@angular/core/
fesm2022/root_effect_s
cheduler.mjs:1144:12)
      at new _NgZoneCh
angeDetectionScheduler
 (node_modules/@angula
r/core/fesm2022/debug_
node.mjs:30548:12)
      at Object.NgZone
ChangeDetectionSchedul
er_Factory [as 
factory] (node_modules
/@angular/core/fesm202
2/debug_node.mjs:30580
:95)
      at node_modules/
@angular/core/fesm2022
/root_effect_scheduler
.mjs:2187:47
      at runInInjector
ProfilerContext (node_
modules/@angular/core/
fesm2022/root_effect_s
cheduler.mjs:746:9)
      at 
R3Injector.hydrate (no
de_modules/@angular/co
re/fesm2022/root_effec
t_scheduler.mjs:2185:2
1)
      at 
R3Injector.get (node_m
odules/@angular/core/f
esm2022/root_effect_sc
heduler.mjs:2033:33)
      at 
R3Injector.retrieve (n
ode_modules/@angular/c
ore/fesm2022/root_effe
ct_scheduler.mjs:1929:
25)
      at 
injectInjectorOnly (no
de_modules/@angular/co
re/fesm2022/root_effec
t_scheduler.mjs:1046:3
9)
      at ╔╡╔╡inject (n
ode_modules/@angular/c
ore/fesm2022/root_effe
ct_scheduler.mjs:1058:
42)
      at inject (node_
modules/@angular/core/
fesm2022/root_effect_s
cheduler.mjs:1144:12)
      at 
Object.useFactory (nod
e_modules/@angular/cor
e/fesm2022/debug_node.
mjs:30600:56)
      at 
Object.factory (node_m
odules/@angular/core/f
esm2022/root_effect_sc
heduler.mjs:2290:38)
      at node_modules/
@angular/core/fesm2022
/root_effect_scheduler
.mjs:2187:47
      at runInInjector
ProfilerContext (node_
modules/@angular/core/
fesm2022/root_effect_s
cheduler.mjs:746:9)
      at 
R3Injector.hydrate (no
de_modules/@angular/co
re/fesm2022/root_effec
t_scheduler.mjs:2185:2
1)
      at 
R3Injector.get (node_m
odules/@angular/core/f
esm2022/root_effect_sc
heduler.mjs:2033:33)
      at 
R3Injector.retrieve (n
ode_modules/@angular/c
ore/fesm2022/root_effe
ct_scheduler.mjs:1929:
25)
      at 
injectInjectorOnly (no
de_modules/@angular/co
re/fesm2022/root_effec
t_scheduler.mjs:1046:3
9)
      at ╔╡╔╡inject (n
ode_modules/@angular/c
ore/fesm2022/root_effe
ct_scheduler.mjs:1058:
42)
      at injectArgs (n
ode_modules/@angular/c
ore/fesm2022/root_effe
ct_scheduler.mjs:1198:
23)
      at Object.multiR
ecord.factory (node_mo
dules/@angular/core/fe
sm2022/root_effect_sch
eduler.mjs:2160:45)
      at node_modules/
@angular/core/fesm2022
/root_effect_scheduler
.mjs:2187:47
      at runInInjector
ProfilerContext (node_
modules/@angular/core/
fesm2022/root_effect_s
cheduler.mjs:746:9)
      at 
R3Injector.hydrate (no
de_modules/@angular/co
re/fesm2022/root_effec
t_scheduler.mjs:2185:2
1)
      at 
R3Injector.get (node_m
odules/@angular/core/f
esm2022/root_effect_sc
heduler.mjs:2033:33)
      at R3Injector.re
solveInjectorInitializ
ers (node_modules/@ang
ular/core/fesm2022/roo
t_effect_scheduler.mjs
:2098:39)
      at NgModuleRef2.
resolveInjectorInitial
izers (node_modules/@a
ngular/core/fesm2022/d
ebug_node.mjs:15099:26
)
      at new 
NgModuleRef2 (node_mod
ules/@angular/core/fes
m2022/debug_node.mjs:1
5095:18)
      at TestBedCompil
er.finalize (node_modu
les/@angular/core/fesm
2022/testing.mjs:1026:
30)
      at 
_TestBedImpl.get 
testModuleRef [as 
testModuleRef] (node_m
odules/@angular/core/f
esm2022/testing.mjs:20
93:49)
      at 
_TestBedImpl.inject (n
ode_modules/@angular/c
ore/fesm2022/testing.m
js:2004:29)
      at _TestBedImpl.
createComponent (node_
modules/@angular/core/
fesm2022/testing.mjs:2
058:44)
      at _TestBedImpl.
createComponent (node_
modules/@angular/core/
fesm2022/testing.mjs:1
854:37)
      at 
Object.<anonymous> (sr
c/app/dm-toolkit/comba
t-manager/combat-manag
er.component.spec.ts:2
3:27)

  ΓùÅ CombatManagerCom
ponent ΓÇ║ Cascading 
Dropdowns ΓÇ║ should 
handle path changes 
correctly

    TypeError: Cannot 
read properties of 
undefined (reading 
'verify')

    [0m [90m 40 
|[39m
     [90m 41 |[39m  
   afterEach(() 
[33m=>[39m {
    [31m[1m>[22m[3
9m[90m 42 |[39m     
    httpMock[33m.[39
mverify()[33m;[39m
     [90m    |[39m  
                
[31m[1m^[22m[39m
     [90m 43 |[39m  
   })[33m;[39m
     [90m 44 |[39m
     [90m 45 |[39m  
   describe([32m'Comp
onent Initialization'
[39m[33m,[39m () 
[33m=>[39m {[0m

      at 
Object.<anonymous> (sr
c/app/dm-toolkit/comba
t-manager/combat-manag
er.component.spec.ts:4
2:18)

FAIL src/app/dm-toolki
t/dm-toolkit.utils.spe
c.ts
  DM Toolkit Utilities
    getAbilityModifier
AsNumber
      ΓêÜ should 
return correct 
modifier for standard 
ability scores (1 ms)
      ΓêÜ should 
return correct 
modifier for low 
ability scores
      ΓêÜ should 
return correct 
modifier for very 
high ability scores
      ΓêÜ should 
handle string inputs 
with numbers (1 ms)
      ΓêÜ should 
return 0 for invalid 
inputs
      ΓêÜ should 
handle negative 
ability scores
    getAbilityModifier
      ΓêÜ should 
return formatted 
positive modifiers 
with + prefix (1 ms)
      ΓêÜ should 
return formatted 
negative modifiers
      ΓêÜ should 
return +0 for ability 
score of 10
      ΓêÜ should 
handle string inputs
    
getCaseInsensitiveProp
      ΓêÜ should find 
property with exact 
case match
      ΓêÜ should find 
property with 
case-insensitive match
      ΓêÜ should 
return undefined for 
missing properties (1 
ms)
      ΓêÜ should 
handle null and 
undefined objects
      ΓêÜ should 
handle empty key
    calculateAverageHp
      ΓêÜ should 
calculate average HP 
from dice notation (1 
ms)
      ΓêÜ should 
handle dice notation 
with positive 
modifiers
      ΓêÜ should 
handle dice notation 
with negative 
modifiers
      ΓêÜ should 
handle single number 
inputs (1 ms)
      ΓêÜ should 
return 10 for invalid 
inputs
      ΓêÜ should 
handle complex dice 
notation
    formatName
      ΓêÜ should 
replace underscores 
with spaces
      ΓêÜ should 
replace hyphens with 
spaces (1 ms)
      ΓêÜ should 
handle mixed 
formatting
      ΓêÜ should 
handle empty strings
      ΓêÜ should 
handle names without 
special characters
    formatTime
      ΓêÜ should 
format Date objects 
correctly
      ΓêÜ should 
format timestamp 
strings correctly
      ΓêÜ should 
handle Firestore 
Timestamp objects 
with toDate method
      ΓêÜ should 
return empty string 
for null or undefined
      ΓêÜ should 
return empty string 
for invalid dates
    calculateCompleteB
aseStats
      ΓêÜ should set 
default ability 
scores to 10 (1 ms)
      ΓêÜ should 
preserve existing 
ability scores
      ΓêÜ should 
calculate AC based on 
Dex modifier
      ΓêÜ should 
calculate Touch AC
      ΓêÜ should 
parse AC string format
      ΓêÜ should 
calculate Saves when 
not provided (1 ms)
      ΓêÜ should set 
default Speed
      ΓêÜ should 
calculate BAB from 
Base Attack Bonus
      ΓêÜ should 
calculate CMB based 
on BAB and Str (1 ms)
      ΓêÜ should 
calculate CMD based 
on BAB, Str, and Dex
      ΓêÜ should 
calculate maxHp from 
average HP notation
      ΓêÜ should 
calculate maxHp from 
dice notation in 
parentheses (1 ms)
      ├ù should 
calculate maxHp from 
simple dice notation 
(1 ms)
      ΓêÜ should 
default maxHp to 10 
for invalid HP
      ΓêÜ should 
handle 
case-insensitive HP 
property (1 ms)
    Constants
      ΓêÜ should have 
SKILL_ABILITY_MAP 
defined
      ΓêÜ should have 
GOOD_SAVES 
progression (1 ms)
      ΓêÜ should have 
POOR_SAVES progression

  ΓùÅ DM Toolkit 
Utilities ΓÇ║ calculat
eCompleteBaseStats 
ΓÇ║ should calculate 
maxHp from simple 
dice notation

    expect(received).t
oBe(expected) // 
Object.is equality

    Expected: 9
    Received: 2

    [0m [90m 264 
|[39m         
it([32m'should 
calculate maxHp from 
simple dice notation'
[39m[33m,[39m () 
[33m=>[39m {
     [90m 265 |[39m 
            
[36mconst[39m stats 
[33m=[39m calculateC
ompleteBaseStats({ 
hp[33m:[39m 
[32m'2d8'[39m 
})[33m;[39m
    [31m[1m>[22m[3
9m[90m 266 |[39m    
         expect(stats
[33m.[39mmaxHp)[33m.
[39mtoBe([35m9[39m)
[33m;[39m
     [90m     |[39m 
                      
          
[31m[1m^[22m[39m
     [90m 267 |[39m 
        })[33m;[39m
     [90m 268 |[39m
     [90m 269 |[39m 
        
it([32m'should 
default maxHp to 10 
for invalid 
HP'[39m[33m,[39m 
() [33m=>[39m {[0m

      at 
Object.<anonymous> (sr
c/app/dm-toolkit/dm-to
olkit.utils.spec.ts:26
6:33)

Test Suites: 2 
failed, 2 total
Tests:       34 
failed, 48 passed, 82 
total
Snapshots:   0 total
Time:        2.522 s
Ran all test suites.
